{
  "Entries": [
    {
      "RequestUri": "https://REDACTED1.vault.azure.net/certificates/issuers/issuer01?api-version=7.3",
      "RequestMethod": "PUT",
      "RequestHeaders": {
        "Authorization": "Sanitized",
        "Connection": "keep-alive",
        "Content-Length": "235",
        "Content-Type": "application/json",
        "User-Agent": "azsdk-cpp-keyvault-certificates/4.2.0-beta.1 (Windows 10 Enterprise 6.3 22621 22621.1.amd64fre.ni_release.220506-1250)",
        "x-ms-client-request-id": "750c6538-c25f-4e51-65f4-4e2ca9a51463"
      },
      "RequestBody": {
        "attributes": {
          "enabled": true
        },
        "credentials": {
          "account_id": "keyvaultuser",
          "pwd": "password"
        },
        "org_details": {
          "admin_details": [
            {
              "email": "admin@microsoft.com",
              "first_name": "John",
              "last_name": "Doe",
              "phone": "4255555555"
            }
          ]
        },
        "provider": "Test"
      },
      "StatusCode": 200,
      "ResponseHeaders": {
        "Cache-Control": "no-cache",
        "Content-Length": "340",
        "Content-Type": "application/json; charset=utf-8",
        "Date": "Mon, 14 Nov 2022 20:41:27 GMT",
        "Expires": "-1",
        "Pragma": "no-cache",
        "Strict-Transport-Security": "max-age=31536000;includeSubDomains",
        "X-Content-Type-Options": "nosniff",
        "x-ms-client-request-id": "750c6538-c25f-4e51-65f4-4e2ca9a51463",
        "x-ms-keyvault-network-info": "conn_type=Ipv4;addr=24.22.157.72;act_addr_fam=InterNetwork;",
        "x-ms-keyvault-region": "westus3",
        "x-ms-keyvault-service-version": "1.9.576.1",
        "x-ms-request-id": "44db05b1-13fa-4fad-95ec-774f85eae366"
      },
      "ResponseBody": {
        "id": "https://REDACTED1.vault.azure.net/certificates/issuers/issuer01",
        "provider": "Test",
        "credentials": {
          "account_id": "keyvaultuser"
        },
        "org_details": {
          "zip": 0,
          "admin_details": [
            {
              "first_name": "John",
              "last_name": "Doe",
              "email": "admin@microsoft.com",
              "phone": "4255555555"
            }
          ]
        },
        "attributes": {
          "enabled": true,
          "created": 1668458488,
          "updated": 1668458488
        }
      }
    },
    {
      "RequestUri": "https://REDACTED1.vault.azure.net/certificates/issuers/issuer01?api-version=7.3",
      "RequestMethod": "GET",
      "RequestHeaders": {
        "Authorization": "Sanitized",
        "Connection": "keep-alive",
        "Content-Type": "application/json",
        "User-Agent": "azsdk-cpp-keyvault-certificates/4.2.0-beta.1 (Windows 10 Enterprise 6.3 22621 22621.1.amd64fre.ni_release.220506-1250)",
        "x-ms-client-request-id": "eacc28ec-3e4e-4411-777d-86e1b0cc7344"
      },
      "RequestBody": null,
      "StatusCode": 200,
      "ResponseHeaders": {
        "Cache-Control": "no-cache",
        "Content-Length": "340",
        "Content-Type": "application/json; charset=utf-8",
        "Date": "Mon, 14 Nov 2022 20:41:27 GMT",
        "Expires": "-1",
        "Pragma": "no-cache",
        "Strict-Transport-Security": "max-age=31536000;includeSubDomains",
        "X-Content-Type-Options": "nosniff",
        "x-ms-client-request-id": "eacc28ec-3e4e-4411-777d-86e1b0cc7344",
        "x-ms-keyvault-network-info": "conn_type=Ipv4;addr=24.22.157.72;act_addr_fam=InterNetwork;",
        "x-ms-keyvault-region": "westus3",
        "x-ms-keyvault-service-version": "1.9.576.1",
        "x-ms-request-id": "6618ff0a-a85f-489d-aab3-37452eaf8131"
      },
      "ResponseBody": {
        "id": "https://REDACTED1.vault.azure.net/certificates/issuers/issuer01",
        "provider": "Test",
        "credentials": {
          "account_id": "keyvaultuser"
        },
        "org_details": {
          "zip": 0,
          "admin_details": [
            {
              "first_name": "John",
              "last_name": "Doe",
              "email": "admin@microsoft.com",
              "phone": "4255555555"
            }
          ]
        },
        "attributes": {
          "enabled": true,
          "created": 1668458488,
          "updated": 1668458488
        }
      }
    },
    {
      "RequestUri": "https://REDACTED1.vault.azure.net/certificates/issuers/issuer01?api-version=7.3",
      "RequestMethod": "DELETE",
      "RequestHeaders": {
        "Authorization": "Sanitized",
        "Connection": "keep-alive",
        "Content-Type": "application/json",
        "User-Agent": "azsdk-cpp-keyvault-certificates/4.2.0-beta.1 (Windows 10 Enterprise 6.3 22621 22621.1.amd64fre.ni_release.220506-1250)",
        "x-ms-client-request-id": "0416fc6d-0d7c-49c6-78a1-5933f1a43ea9"
      },
      "RequestBody": null,
      "StatusCode": 200,
      "ResponseHeaders": {
        "Cache-Control": "no-cache",
        "Content-Length": "340",
        "Content-Type": "application/json; charset=utf-8",
        "Date": "Mon, 14 Nov 2022 20:41:27 GMT",
        "Expires": "-1",
        "Pragma": "no-cache",
        "Strict-Transport-Security": "max-age=31536000;includeSubDomains",
        "X-Content-Type-Options": "nosniff",
        "x-ms-client-request-id": "0416fc6d-0d7c-49c6-78a1-5933f1a43ea9",
        "x-ms-keyvault-network-info": "conn_type=Ipv4;addr=24.22.157.72;act_addr_fam=InterNetwork;",
        "x-ms-keyvault-region": "westus3",
        "x-ms-keyvault-service-version": "1.9.576.1",
        "x-ms-request-id": "c093d440-2226-4a2f-afe9-edb59e0ee252"
      },
      "ResponseBody": {
        "id": "https://REDACTED1.vault.azure.net/certificates/issuers/issuer01",
        "provider": "Test",
        "credentials": {
          "account_id": "keyvaultuser"
        },
        "org_details": {
          "zip": 0,
          "admin_details": [
            {
              "first_name": "John",
              "last_name": "Doe",
              "email": "admin@microsoft.com",
              "phone": "4255555555"
            }
          ]
        },
        "attributes": {
          "enabled": true,
          "created": 1668458488,
          "updated": 1668458488
        }
      }
    }
  ],
  "Variables": {}
}
