{
  "Entries": [
    {
      "RequestUri": "https://REDACTED1.vault.azure.net/keys/RemoteSignVerifyRSA384-1597/create?api-version=7.3",
      "RequestMethod": "POST",
      "RequestHeaders": {
        "Authorization": "Sanitized",
        "Connection": "keep-alive",
        "Content-Length": "31",
        "Content-Type": "application/json",
        "User-Agent": "azsdk-cpp-keyvault-keys/4.4.0-beta.1 (Windows 10 Enterprise 6.3 22621 22621.1.amd64fre.ni_release.220506-1250)",
        "x-ms-client-request-id": "78c2482b-6086-4e12-4011-22801f1ab7b5"
      },
      "RequestBody": {
        "attributes": null,
        "kty": "RSA"
      },
      "StatusCode": 200,
      "ResponseHeaders": {
        "Cache-Control": "no-cache",
        "Content-Length": "711",
        "Content-Type": "application/json; charset=utf-8",
        "Date": "Mon, 14 Nov 2022 23:30:12 GMT",
        "Expires": "-1",
        "Pragma": "no-cache",
        "Strict-Transport-Security": "max-age=31536000;includeSubDomains",
        "X-Content-Type-Options": "nosniff",
        "x-ms-client-request-id": "78c2482b-6086-4e12-4011-22801f1ab7b5",
        "x-ms-keyvault-network-info": "conn_type=Ipv4;addr=24.22.157.72;act_addr_fam=InterNetwork;",
        "x-ms-keyvault-region": "westus3",
        "x-ms-keyvault-service-version": "1.9.576.1",
        "x-ms-request-id": "b33edb5c-0f7c-4213-a4ad-39ed13d9eda2"
      },
      "ResponseBody": {
        "key": {
          "kid": "https://REDACTED1.vault.azure.net/keys/RemoteSignVerifyRSA384-1597/976dc14250ed4069a055220927c289c7",
          "kty": "RSA",
          "key_ops": [
            "encrypt",
            "decrypt",
            "sign",
            "verify",
            "wrapKey",
            "unwrapKey"
          ],
          "n": "41hbOrChlrmdLElWq0n-giPlkP1RwkFBGkp2BtkBPW60t9AiFhqGj26TphZo1SLKcgpcUuGnBA5CJQfGwfJTpF6JzMElc3Lyt49BMgOe3AFsz9swIX49pcYtQBpboQcmKiSZt1avfpYqfJTMXkJvIwBIKs5-6cwLNNGebyuECgLbnzutR41jy9_XwyeliYFWO5uXggMTTHsJGuOBn3nQM5UALEurIEnxZ5l6M4Zn-Y6o-gTH82Vvi6VFTLBQfvRRk9s7F8J09yn8ML_v0MJC5k5D4gD7o1ylagviowfcEvGTw4wlSDHhDvTBwEY1fUcGWZu9lZfjg-DXy-EhQHvfxQ",
          "e": "AQAB"
        },
        "attributes": {
          "enabled": true,
          "created": 1668468612,
          "updated": 1668468612,
          "recoveryLevel": "Recoverable\u002BPurgeable",
          "recoverableDays": 90,
          "exportable": false
        }
      }
    },
    {
      "RequestUri": "https://REDACTED1.vault.azure.net/keys/RemoteSignVerifyRSA384-1597/976dc14250ed4069a055220927c289c7/sign?api-version=7.3",
      "RequestMethod": "POST",
      "RequestHeaders": {
        "Accept": "application/json",
        "Authorization": "Sanitized",
        "Connection": "keep-alive",
        "Content-Length": "90",
        "Content-Type": "application/json",
        "User-Agent": "azsdk-cpp-KeyVault/4.4.0-beta.1 (Windows 10 Enterprise 6.3 22621 22621.1.amd64fre.ni_release.220506-1250)",
        "x-ms-client-request-id": "dfaf5c38-518a-4aba-6f7f-34e56956e624"
      },
      "RequestBody": {
        "alg": "RS384",
        "value": "1f9nVpp7ygg84bIPWVl6XNe4vPyXwL5bN_apy_4445hY3foksKpInKoljE_oBt0C"
      },
      "StatusCode": 200,
      "ResponseHeaders": {
        "Cache-Control": "no-cache",
        "Content-Length": "462",
        "Content-Type": "application/json; charset=utf-8",
        "Date": "Mon, 14 Nov 2022 23:30:12 GMT",
        "Expires": "-1",
        "Pragma": "no-cache",
        "Strict-Transport-Security": "max-age=31536000;includeSubDomains",
        "X-Content-Type-Options": "nosniff",
        "x-ms-client-request-id": "dfaf5c38-518a-4aba-6f7f-34e56956e624",
        "x-ms-keyvault-network-info": "conn_type=Ipv4;addr=24.22.157.72;act_addr_fam=InterNetwork;",
        "x-ms-keyvault-region": "westus3",
        "x-ms-keyvault-service-version": "1.9.576.1",
        "x-ms-request-id": "c2aa3f8f-87b9-4120-870e-4ec040cc4455"
      },
      "ResponseBody": {
        "kid": "https://REDACTED1.vault.azure.net/keys/RemoteSignVerifyRSA384-1597/976dc14250ed4069a055220927c289c7",
        "value": "RvuaQioXZTpLwe1EcuEZwtQ2buYFvxQOZ2qC9z8ZhcrQVjQxIzizn-9jrWMGZci9AOxnINHMyCAiFKXk0w0d554szSa9eFCb2-ahB6L8AZuO9iuDOv05Yfx2xbq2uZhyqOBGnq3gDTkiPy95ih-mo-7Je-Ewlxm7uMtimSGpYmFBz0R9VtiRGT7SA-AbzPK9sPZctxCbqsu1jEem6JKWTLX-Q5TyvYnEfzGgh3lS4rlTXWz7Ocp8UfnVYJ3e09hyGsjkaq04G3ZL0Tif28kRrYh3bKG3O3SE0CQi6_zwf3XQ2tjEWGQljmWmuzOVUv2f8G9ThIl39a1pNCj8fQa8Lw"
      }
    },
    {
      "RequestUri": "https://REDACTED1.vault.azure.net/keys/RemoteSignVerifyRSA384-1597/976dc14250ed4069a055220927c289c7/verify?api-version=7.3",
      "RequestMethod": "POST",
      "RequestHeaders": {
        "Accept": "application/json",
        "Authorization": "Sanitized",
        "Connection": "keep-alive",
        "Content-Length": "444",
        "Content-Type": "application/json",
        "User-Agent": "azsdk-cpp-KeyVault/4.4.0-beta.1 (Windows 10 Enterprise 6.3 22621 22621.1.amd64fre.ni_release.220506-1250)",
        "x-ms-client-request-id": "eef860df-cfe6-4db3-5313-20b6a0377480"
      },
      "RequestBody": {
        "alg": "RS384",
        "digest": "1f9nVpp7ygg84bIPWVl6XNe4vPyXwL5bN_apy_4445hY3foksKpInKoljE_oBt0C",
        "value": "RvuaQioXZTpLwe1EcuEZwtQ2buYFvxQOZ2qC9z8ZhcrQVjQxIzizn-9jrWMGZci9AOxnINHMyCAiFKXk0w0d554szSa9eFCb2-ahB6L8AZuO9iuDOv05Yfx2xbq2uZhyqOBGnq3gDTkiPy95ih-mo-7Je-Ewlxm7uMtimSGpYmFBz0R9VtiRGT7SA-AbzPK9sPZctxCbqsu1jEem6JKWTLX-Q5TyvYnEfzGgh3lS4rlTXWz7Ocp8UfnVYJ3e09hyGsjkaq04G3ZL0Tif28kRrYh3bKG3O3SE0CQi6_zwf3XQ2tjEWGQljmWmuzOVUv2f8G9ThIl39a1pNCj8fQa8Lw"
      },
      "StatusCode": 200,
      "ResponseHeaders": {
        "Cache-Control": "no-cache",
        "Content-Length": "14",
        "Content-Type": "application/json; charset=utf-8",
        "Date": "Mon, 14 Nov 2022 23:30:12 GMT",
        "Expires": "-1",
        "Pragma": "no-cache",
        "Strict-Transport-Security": "max-age=31536000;includeSubDomains",
        "X-Content-Type-Options": "nosniff",
        "x-ms-client-request-id": "eef860df-cfe6-4db3-5313-20b6a0377480",
        "x-ms-keyvault-network-info": "conn_type=Ipv4;addr=24.22.157.72;act_addr_fam=InterNetwork;",
        "x-ms-keyvault-region": "westus3",
        "x-ms-keyvault-service-version": "1.9.576.1",
        "x-ms-request-id": "9fcf1a64-594c-40ca-827b-e9562428cf83"
      },
      "ResponseBody": {
        "value": true
      }
    },
    {
      "RequestUri": "https://REDACTED1.vault.azure.net/keys/RemoteSignVerifyRSA384-1597/976dc14250ed4069a055220927c289c7/sign?api-version=7.3",
      "RequestMethod": "POST",
      "RequestHeaders": {
        "Accept": "application/json",
        "Authorization": "Sanitized",
        "Connection": "keep-alive",
        "Content-Length": "90",
        "Content-Type": "application/json",
        "User-Agent": "azsdk-cpp-KeyVault/4.4.0-beta.1 (Windows 10 Enterprise 6.3 22621 22621.1.amd64fre.ni_release.220506-1250)",
        "x-ms-client-request-id": "37143d04-41a7-4212-7c70-567db8fb8ea5"
      },
      "RequestBody": {
        "alg": "PS384",
        "value": "1f9nVpp7ygg84bIPWVl6XNe4vPyXwL5bN_apy_4445hY3foksKpInKoljE_oBt0C"
      },
      "StatusCode": 200,
      "ResponseHeaders": {
        "Cache-Control": "no-cache",
        "Content-Length": "462",
        "Content-Type": "application/json; charset=utf-8",
        "Date": "Mon, 14 Nov 2022 23:30:12 GMT",
        "Expires": "-1",
        "Pragma": "no-cache",
        "Strict-Transport-Security": "max-age=31536000;includeSubDomains",
        "X-Content-Type-Options": "nosniff",
        "x-ms-client-request-id": "37143d04-41a7-4212-7c70-567db8fb8ea5",
        "x-ms-keyvault-network-info": "conn_type=Ipv4;addr=24.22.157.72;act_addr_fam=InterNetwork;",
        "x-ms-keyvault-region": "westus3",
        "x-ms-keyvault-service-version": "1.9.576.1",
        "x-ms-request-id": "9e58b71b-b934-4db1-bc1e-dc8f23c033f9"
      },
      "ResponseBody": {
        "kid": "https://REDACTED1.vault.azure.net/keys/RemoteSignVerifyRSA384-1597/976dc14250ed4069a055220927c289c7",
        "value": "RBrNYjLZHgjKPcpA4c2rZ2lLPTSt9foX7LUpgD60nlDACuJrtP_8dM2EYGw4Ec3MWyUf2xQ-NQ-VmiU9Y3QG9V7-I7_GQj5dXyZMnWfYOOYS9ZgGnI2e5zp0F8PFOJ7PDd-jMC2GfD2W2oZGsSKV8EDj64OUI1OY6NwhPL3cKTU-yzKnezl4WM2jKTL2Ig0qs5M0GJkzGQ0hRhfSlKxN2miybMpCMbijwZL5bFFXiYBZtMomp178ng5M2Qhq_LNqAdcr0YTJEXe2osil6T2hVN1ALMhnEHhZfBwQuW30mgN1Ih1CtGNTERZZDF7Jkjq8iqeXoP8dX5oHUogxR6yCIA"
      }
    },
    {
      "RequestUri": "https://REDACTED1.vault.azure.net/keys/RemoteSignVerifyRSA384-1597/976dc14250ed4069a055220927c289c7/verify?api-version=7.3",
      "RequestMethod": "POST",
      "RequestHeaders": {
        "Accept": "application/json",
        "Authorization": "Sanitized",
        "Connection": "keep-alive",
        "Content-Length": "444",
        "Content-Type": "application/json",
        "User-Agent": "azsdk-cpp-KeyVault/4.4.0-beta.1 (Windows 10 Enterprise 6.3 22621 22621.1.amd64fre.ni_release.220506-1250)",
        "x-ms-client-request-id": "fcec6d20-0741-4c64-64b3-8ab97cf7ce97"
      },
      "RequestBody": {
        "alg": "PS384",
        "digest": "1f9nVpp7ygg84bIPWVl6XNe4vPyXwL5bN_apy_4445hY3foksKpInKoljE_oBt0C",
        "value": "RBrNYjLZHgjKPcpA4c2rZ2lLPTSt9foX7LUpgD60nlDACuJrtP_8dM2EYGw4Ec3MWyUf2xQ-NQ-VmiU9Y3QG9V7-I7_GQj5dXyZMnWfYOOYS9ZgGnI2e5zp0F8PFOJ7PDd-jMC2GfD2W2oZGsSKV8EDj64OUI1OY6NwhPL3cKTU-yzKnezl4WM2jKTL2Ig0qs5M0GJkzGQ0hRhfSlKxN2miybMpCMbijwZL5bFFXiYBZtMomp178ng5M2Qhq_LNqAdcr0YTJEXe2osil6T2hVN1ALMhnEHhZfBwQuW30mgN1Ih1CtGNTERZZDF7Jkjq8iqeXoP8dX5oHUogxR6yCIA"
      },
      "StatusCode": 200,
      "ResponseHeaders": {
        "Cache-Control": "no-cache",
        "Content-Length": "14",
        "Content-Type": "application/json; charset=utf-8",
        "Date": "Mon, 14 Nov 2022 23:30:12 GMT",
        "Expires": "-1",
        "Pragma": "no-cache",
        "Strict-Transport-Security": "max-age=31536000;includeSubDomains",
        "X-Content-Type-Options": "nosniff",
        "x-ms-client-request-id": "fcec6d20-0741-4c64-64b3-8ab97cf7ce97",
        "x-ms-keyvault-network-info": "conn_type=Ipv4;addr=24.22.157.72;act_addr_fam=InterNetwork;",
        "x-ms-keyvault-region": "westus3",
        "x-ms-keyvault-service-version": "1.9.576.1",
        "x-ms-request-id": "9bffac91-b4b1-4bc9-b983-5b3b45843e3e"
      },
      "ResponseBody": {
        "value": true
      }
    }
  ],
  "Variables": {}
}
