{
  "Entries": [
    {
      "RequestUri": "https://REDACTED1.vault.azure.net/keys/GetCryptoFromKeyVersionRemoteEncrypt-Minus215/create?api-version=7.3",
      "RequestMethod": "POST",
      "RequestHeaders": {
        "Authorization": "Sanitized",
        "Content-Length": "31",
        "Content-Type": "application/json",
        "User-Agent": "azsdk-cpp-keyvault-keys/4.4.0-beta.1 (Windows 10 Enterprise 6.3 22621 22621.1.amd64fre.ni_release.220506-1250)",
        "x-ms-client-request-id": "bdef2434-404c-4ad4-73a1-9ae3acb2f3e2"
      },
      "RequestBody": {
        "attributes": null,
        "kty": "RSA"
      },
      "StatusCode": 200,
      "ResponseHeaders": {
        "Cache-Control": "no-cache",
        "Content-Length": "729",
        "Content-Type": "application/json; charset=utf-8",
        "Date": "Thu, 17 Nov 2022 20:03:14 GMT",
        "Expires": "-1",
        "Pragma": "no-cache",
        "Strict-Transport-Security": "max-age=31536000;includeSubDomains",
        "X-Content-Type-Options": "nosniff",
        "x-ms-client-request-id": "bdef2434-404c-4ad4-73a1-9ae3acb2f3e2",
        "x-ms-keyvault-network-info": "conn_type=Ipv4;addr=24.22.157.72;act_addr_fam=InterNetwork;",
        "x-ms-keyvault-region": "westus3",
        "x-ms-keyvault-service-version": "1.9.576.1",
        "x-ms-request-id": "76c7e3fd-e593-4164-95be-0caf293b9a98"
      },
      "ResponseBody": {
        "key": {
          "kid": "https://REDACTED1.vault.azure.net/keys/GetCryptoFromKeyVersionRemoteEncrypt-Minus215/7140c99b3c8444529056662dc9aee083",
          "kty": "RSA",
          "key_ops": [
            "encrypt",
            "decrypt",
            "sign",
            "verify",
            "wrapKey",
            "unwrapKey"
          ],
          "n": "0IIWKmHZC37xq7PypAkYxx96WaemRSL5-Wa5L__ZDl2l5eNhCXCJRV0CyhkXPQZBRDmaTzlZYLYJFuQKU3S3eq3rWauMXmWzElndtOufng5vChm1Wb2HxXbN1tIbLTbmzxQ5rmrSOGuBf_5xcaxTEoY8pl2HVG9vHqVzNbzbq3BAbRSa6VTuEABooxCJbFSum6wFOO8PhDLCclPIY-DKTB6ml4N4tPBQLSfIFZjjp5PM3llcAX98NBlZrvDE66IgvebYJsaISYOtbfI7PDFD7E1IGijaAIodOVwUpXAank3aCttfzSJAl3VcqelTAOVI3GP32cSyZRTIf5ZKWCZUmQ",
          "e": "AQAB"
        },
        "attributes": {
          "enabled": true,
          "created": 1668715394,
          "updated": 1668715394,
          "recoveryLevel": "Recoverable\u002BPurgeable",
          "recoverableDays": 90,
          "exportable": false
        }
      }
    },
    {
      "RequestUri": "https://REDACTED1.vault.azure.net/keys/GetCryptoFromKeyVersionRemoteEncrypt-Minus215/7140c99b3c8444529056662dc9aee083/encrypt?api-version=7.3",
      "RequestMethod": "POST",
      "RequestHeaders": {
        "Accept": "application/json",
        "Authorization": "Sanitized",
        "Content-Length": "67",
        "Content-Type": "application/json",
        "User-Agent": "azsdk-cpp-keyvault-keys/4.4.0-beta.1 (Windows 10 Enterprise 6.3 22621 22621.1.amd64fre.ni_release.220506-1250)",
        "x-ms-client-request-id": "61531677-0032-40f6-4200-b22a6e8ea410"
      },
      "RequestBody": {
        "alg": "RSA-OAEP",
        "value": "QSBzaW5nbGUgYmxvY2sgb2YgcGxhaW50ZXh0AA"
      },
      "StatusCode": 200,
      "ResponseHeaders": {
        "Cache-Control": "no-cache",
        "Content-Length": "480",
        "Content-Type": "application/json; charset=utf-8",
        "Date": "Thu, 17 Nov 2022 20:03:14 GMT",
        "Expires": "-1",
        "Pragma": "no-cache",
        "Strict-Transport-Security": "max-age=31536000;includeSubDomains",
        "X-Content-Type-Options": "nosniff",
        "x-ms-client-request-id": "61531677-0032-40f6-4200-b22a6e8ea410",
        "x-ms-keyvault-network-info": "conn_type=Ipv4;addr=24.22.157.72;act_addr_fam=InterNetwork;",
        "x-ms-keyvault-region": "westus3",
        "x-ms-keyvault-service-version": "1.9.576.1",
        "x-ms-request-id": "cfb8017a-1630-4e84-91a3-fae108d4a731"
      },
      "ResponseBody": {
        "kid": "https://REDACTED1.vault.azure.net/keys/GetCryptoFromKeyVersionRemoteEncrypt-Minus215/7140c99b3c8444529056662dc9aee083",
        "value": "JQ5TxyEITu5i9LgvVv6DRGA5YZbcDB_8kJ70rZTpgEliqkMzwWFEwv7SJDDICOUWNiTSaGn6uCoo6DUaCLR8NU_csfqcmGaVa0zDFUhWnra6K6hhtdH4bdckyE_MhPXChwjVKLYFQhWC1vwCB34ACBwQgvGCgrDuFYKrx6maQr4mwMMauNSEC6GUxuyZEBd102QH9ZdPfNfONHhggsnG69NIrud2guQbeG2nWtJsgwLJDX9De_yc0OBW3RMdFVNDG5LlkzRJumoAUkAcDreCaKrdBcYwNly2USx26vsbg_C-TxONdUhF2wX-3bNn1aQnvDzATsWIfJj27uBkCx2i4w"
      }
    },
    {
      "RequestUri": "https://REDACTED1.vault.azure.net/keys/GetCryptoFromKeyVersionRemoteEncrypt-Minus215/7140c99b3c8444529056662dc9aee083/decrypt?api-version=7.3",
      "RequestMethod": "POST",
      "RequestHeaders": {
        "Accept": "application/json",
        "Authorization": "Sanitized",
        "Content-Length": "371",
        "Content-Type": "application/json",
        "User-Agent": "azsdk-cpp-keyvault-keys/4.4.0-beta.1 (Windows 10 Enterprise 6.3 22621 22621.1.amd64fre.ni_release.220506-1250)",
        "x-ms-client-request-id": "5fcca891-83b1-4368-502e-1b8aaddfa1b5"
      },
      "RequestBody": {
        "alg": "RSA-OAEP",
        "value": "JQ5TxyEITu5i9LgvVv6DRGA5YZbcDB_8kJ70rZTpgEliqkMzwWFEwv7SJDDICOUWNiTSaGn6uCoo6DUaCLR8NU_csfqcmGaVa0zDFUhWnra6K6hhtdH4bdckyE_MhPXChwjVKLYFQhWC1vwCB34ACBwQgvGCgrDuFYKrx6maQr4mwMMauNSEC6GUxuyZEBd102QH9ZdPfNfONHhggsnG69NIrud2guQbeG2nWtJsgwLJDX9De_yc0OBW3RMdFVNDG5LlkzRJumoAUkAcDreCaKrdBcYwNly2USx26vsbg_C-TxONdUhF2wX-3bNn1aQnvDzATsWIfJj27uBkCx2i4w"
      },
      "StatusCode": 200,
      "ResponseHeaders": {
        "Cache-Control": "no-cache",
        "Content-Length": "176",
        "Content-Type": "application/json; charset=utf-8",
        "Date": "Thu, 17 Nov 2022 20:03:14 GMT",
        "Expires": "-1",
        "Pragma": "no-cache",
        "Strict-Transport-Security": "max-age=31536000;includeSubDomains",
        "X-Content-Type-Options": "nosniff",
        "x-ms-client-request-id": "5fcca891-83b1-4368-502e-1b8aaddfa1b5",
        "x-ms-keyvault-network-info": "conn_type=Ipv4;addr=24.22.157.72;act_addr_fam=InterNetwork;",
        "x-ms-keyvault-region": "westus3",
        "x-ms-keyvault-service-version": "1.9.576.1",
        "x-ms-request-id": "c6f16c06-59c2-47f7-8528-7b1fcefe5fbd"
      },
      "ResponseBody": {
        "kid": "https://REDACTED1.vault.azure.net/keys/GetCryptoFromKeyVersionRemoteEncrypt-Minus215/7140c99b3c8444529056662dc9aee083",
        "value": "QSBzaW5nbGUgYmxvY2sgb2YgcGxhaW50ZXh0AA"
      }
    }
  ],
  "Variables": {}
}
