{
  "Entries": [
    {
      "RequestUri": "https://REDACTED1.vault.azure.net/keys/RemoteWrap-Minus215/create?api-version=7.3",
      "RequestMethod": "POST",
      "RequestHeaders": {
        "Authorization": "Sanitized",
        "Content-Length": "31",
        "Content-Type": "application/json",
        "User-Agent": "azsdk-cpp-keyvault-keys/4.4.0-beta.1 (Windows 10 Enterprise 6.3 22621 22621.1.amd64fre.ni_release.220506-1250)",
        "x-ms-client-request-id": "1e82fbc4-2762-4493-7b77-19b840f83086"
      },
      "RequestBody": {
        "attributes": null,
        "kty": "RSA"
      },
      "StatusCode": 200,
      "ResponseHeaders": {
        "Cache-Control": "no-cache",
        "Content-Length": "703",
        "Content-Type": "application/json; charset=utf-8",
        "Date": "Thu, 17 Nov 2022 20:01:58 GMT",
        "Expires": "-1",
        "Pragma": "no-cache",
        "Strict-Transport-Security": "max-age=31536000;includeSubDomains",
        "X-Content-Type-Options": "nosniff",
        "x-ms-client-request-id": "1e82fbc4-2762-4493-7b77-19b840f83086",
        "x-ms-keyvault-network-info": "conn_type=Ipv4;addr=24.22.157.72;act_addr_fam=InterNetwork;",
        "x-ms-keyvault-region": "westus3",
        "x-ms-keyvault-service-version": "1.9.576.1",
        "x-ms-request-id": "2b0de345-03f9-4b11-b1fd-d86ddb51800e"
      },
      "ResponseBody": {
        "key": {
          "kid": "https://REDACTED1.vault.azure.net/keys/RemoteWrap-Minus215/3d857175183f4fb39790fdc25cbfb9c9",
          "kty": "RSA",
          "key_ops": [
            "encrypt",
            "decrypt",
            "sign",
            "verify",
            "wrapKey",
            "unwrapKey"
          ],
          "n": "vtQ7TX9LvZnc3Vysy9ctkBK3f-1duXvWcxwtf_WFkBYv-ehKo-IX8D7yQ2jvbqa4qTn1Gl2Nj4vR7kJRe0lsYQ55bzj2FC0ds7Tc33vMl94gbaRoAi8ffiVC7IrIjYmqOnvYcmvB_pB8TDHCEF-218sMDdutZ3lWWzarYlXaDXGVvd04oVJ1QslZWur8YaOzOF06q6srNxR48lFX2dzKRScMzdkRQjE2feVpx241MDxmPEKxZwjbhq1QyrcL6qZ13RVY78gk857XOW37vKUVe1mUNSCP94w1mzNrBhz0KOVQDdsv1ewgQyBw-TYe6Eo3N-YLIZAH-Ivfau0uXY96-Q",
          "e": "AQAB"
        },
        "attributes": {
          "enabled": true,
          "created": 1668715318,
          "updated": 1668715318,
          "recoveryLevel": "Recoverable\u002BPurgeable",
          "recoverableDays": 90,
          "exportable": false
        }
      }
    },
    {
      "RequestUri": "https://REDACTED1.vault.azure.net/keys/RemoteWrap-Minus215/3d857175183f4fb39790fdc25cbfb9c9/wrapKey?api-version=7.3",
      "RequestMethod": "POST",
      "RequestHeaders": {
        "Accept": "application/json",
        "Authorization": "Sanitized",
        "Content-Length": "71",
        "Content-Type": "application/json",
        "User-Agent": "azsdk-cpp-KeyVault/4.4.0-beta.1 (Windows 10 Enterprise 6.3 22621 22621.1.amd64fre.ni_release.220506-1250)",
        "x-ms-client-request-id": "7973fd62-9645-496b-731a-6f8a80439010"
      },
      "RequestBody": {
        "alg": "RSA-OAEP-256",
        "value": "QSBzaW5nbGUgYmxvY2sgb2YgcGxhaW50ZXh0AA"
      },
      "StatusCode": 200,
      "ResponseHeaders": {
        "Cache-Control": "no-cache",
        "Content-Length": "454",
        "Content-Type": "application/json; charset=utf-8",
        "Date": "Thu, 17 Nov 2022 20:01:58 GMT",
        "Expires": "-1",
        "Pragma": "no-cache",
        "Strict-Transport-Security": "max-age=31536000;includeSubDomains",
        "X-Content-Type-Options": "nosniff",
        "x-ms-client-request-id": "7973fd62-9645-496b-731a-6f8a80439010",
        "x-ms-keyvault-network-info": "conn_type=Ipv4;addr=24.22.157.72;act_addr_fam=InterNetwork;",
        "x-ms-keyvault-region": "westus3",
        "x-ms-keyvault-service-version": "1.9.576.1",
        "x-ms-request-id": "3988db11-1c05-471e-b281-c38b6eafd5ee"
      },
      "ResponseBody": {
        "kid": "https://REDACTED1.vault.azure.net/keys/RemoteWrap-Minus215/3d857175183f4fb39790fdc25cbfb9c9",
        "value": "ktQiV26rdxB__sMHyEdEYstI1FY2AwXxA-t2CCsYPAl238N30yxBPDPxyM-GmlTQNd0dRBwR3vzS345vf2FeN8l_TrEPOWa5P1hlX1D6f4f_eSfRwyR18YJbdtSHNnzgoyCyhUXU2eb3zY-2fE4MC-743qaq5RHSzAuLSw54OgfDGvaLd0TRmjOF866W_S9SKlljkN24RIFemoa-oJCusbL2lGs2YdT0msiQlTY3IRjsv7xDuSbo5hr5p6pXTZGUNhaRoG9dvuCQZNm-lw-7U7Da_qauEKo7z4EwFSPbghzp6Hy1T6MP3-4JsXflLzE97sNg9aBdFyK-uGIO-QF-IQ"
      }
    },
    {
      "RequestUri": "https://REDACTED1.vault.azure.net/keys/RemoteWrap-Minus215/3d857175183f4fb39790fdc25cbfb9c9/unwrapKey?api-version=7.3",
      "RequestMethod": "POST",
      "RequestHeaders": {
        "Accept": "application/json",
        "Authorization": "Sanitized",
        "Content-Length": "375",
        "Content-Type": "application/json",
        "User-Agent": "azsdk-cpp-KeyVault/4.4.0-beta.1 (Windows 10 Enterprise 6.3 22621 22621.1.amd64fre.ni_release.220506-1250)",
        "x-ms-client-request-id": "f037c636-cdbd-4648-5155-cfc8a0bee609"
      },
      "RequestBody": {
        "alg": "RSA-OAEP-256",
        "value": "ktQiV26rdxB__sMHyEdEYstI1FY2AwXxA-t2CCsYPAl238N30yxBPDPxyM-GmlTQNd0dRBwR3vzS345vf2FeN8l_TrEPOWa5P1hlX1D6f4f_eSfRwyR18YJbdtSHNnzgoyCyhUXU2eb3zY-2fE4MC-743qaq5RHSzAuLSw54OgfDGvaLd0TRmjOF866W_S9SKlljkN24RIFemoa-oJCusbL2lGs2YdT0msiQlTY3IRjsv7xDuSbo5hr5p6pXTZGUNhaRoG9dvuCQZNm-lw-7U7Da_qauEKo7z4EwFSPbghzp6Hy1T6MP3-4JsXflLzE97sNg9aBdFyK-uGIO-QF-IQ"
      },
      "StatusCode": 200,
      "ResponseHeaders": {
        "Cache-Control": "no-cache",
        "Content-Length": "150",
        "Content-Type": "application/json; charset=utf-8",
        "Date": "Thu, 17 Nov 2022 20:01:58 GMT",
        "Expires": "-1",
        "Pragma": "no-cache",
        "Strict-Transport-Security": "max-age=31536000;includeSubDomains",
        "X-Content-Type-Options": "nosniff",
        "x-ms-client-request-id": "f037c636-cdbd-4648-5155-cfc8a0bee609",
        "x-ms-keyvault-network-info": "conn_type=Ipv4;addr=24.22.157.72;act_addr_fam=InterNetwork;",
        "x-ms-keyvault-region": "westus3",
        "x-ms-keyvault-service-version": "1.9.576.1",
        "x-ms-request-id": "c7843524-55f8-4adb-9326-2675c2e077cc"
      },
      "ResponseBody": {
        "kid": "https://REDACTED1.vault.azure.net/keys/RemoteWrap-Minus215/3d857175183f4fb39790fdc25cbfb9c9",
        "value": "QSBzaW5nbGUgYmxvY2sgb2YgcGxhaW50ZXh0AA"
      }
    }
  ],
  "Variables": {}
}
