{
  "Entries": [
    {
      "RequestUri": "https://REDACTED1.vault.azure.net/keys/GetCryptoFromKeyRemoteEncrypt-13/create?api-version=7.3",
      "RequestMethod": "POST",
      "RequestHeaders": {
        "Authorization": "Sanitized",
        "Content-Length": "31",
        "Content-Type": "application/json",
        "User-Agent": "azsdk-cpp-keyvault-keys/4.4.0-beta.1 (Windows 10 Enterprise 6.3 22621 22621.1.amd64fre.ni_release.220506-1250)",
        "x-ms-client-request-id": "b6deda17-d54f-4b08-4832-c9890c924b58"
      },
      "RequestBody": {
        "attributes": null,
        "kty": "RSA"
      },
      "StatusCode": 200,
      "ResponseHeaders": {
        "Cache-Control": "no-cache",
        "Content-Length": "716",
        "Content-Type": "application/json; charset=utf-8",
        "Date": "Thu, 17 Nov 2022 20:03:03 GMT",
        "Expires": "-1",
        "Pragma": "no-cache",
        "Strict-Transport-Security": "max-age=31536000;includeSubDomains",
        "X-Content-Type-Options": "nosniff",
        "x-ms-client-request-id": "b6deda17-d54f-4b08-4832-c9890c924b58",
        "x-ms-keyvault-network-info": "conn_type=Ipv4;addr=24.22.157.72;act_addr_fam=InterNetwork;",
        "x-ms-keyvault-region": "westus3",
        "x-ms-keyvault-service-version": "1.9.576.1",
        "x-ms-request-id": "c82b6d63-046b-4a7c-9621-a6b124409b31"
      },
      "ResponseBody": {
        "key": {
          "kid": "https://REDACTED1.vault.azure.net/keys/GetCryptoFromKeyRemoteEncrypt-13/23f2eb89cf3846c4a7c3eb2887896c7d",
          "kty": "RSA",
          "key_ops": [
            "encrypt",
            "decrypt",
            "sign",
            "verify",
            "wrapKey",
            "unwrapKey"
          ],
          "n": "uDk1qTY-VKchRBpCpggn1iZaJH4gTla7bHYvNx_zA6xv1FnB9wKrfrjSGTij8KRuC_0wn2RSXIP9lEgifytY1Zl8pLw3Rk8ggesZH8L_AEix-cLbq97w2POaSxEPi_FiAszcDaBGwmStt8QVbM2D9SZpPHFMI_l_PuxlOOmxZTDSCTF4H1yb0P6LY_lxfs8bJQq4iTIo-SYLHpae2BzcjiTMl1la9780SAnuIh6rKUQWCiMBDd4RppP_lPZ-6eVpltWD6oKHIwN3xyCKoYza9c7Cyt0FZPxE_TGHHKYOwJF1kGA62DqGqNrSuLqXu8zAWF1PGocSXj9HskynyEmaCQ",
          "e": "AQAB"
        },
        "attributes": {
          "enabled": true,
          "created": 1668715384,
          "updated": 1668715384,
          "recoveryLevel": "Recoverable\u002BPurgeable",
          "recoverableDays": 90,
          "exportable": false
        }
      }
    },
    {
      "RequestUri": "https://REDACTED1.vault.azure.net/keys/GetCryptoFromKeyRemoteEncrypt-13/encrypt?api-version=7.3",
      "RequestMethod": "POST",
      "RequestHeaders": {
        "Accept": "application/json",
        "Authorization": "Sanitized",
        "Content-Length": "67",
        "Content-Type": "application/json",
        "User-Agent": "azsdk-cpp-keyvault-keys/4.4.0-beta.1 (Windows 10 Enterprise 6.3 22621 22621.1.amd64fre.ni_release.220506-1250)",
        "x-ms-client-request-id": "e1644dd9-15e7-4323-5a2d-fad9d81c0fd4"
      },
      "RequestBody": {
        "alg": "RSA-OAEP",
        "value": "QSBzaW5nbGUgYmxvY2sgb2YgcGxhaW50ZXh0AA"
      },
      "StatusCode": 200,
      "ResponseHeaders": {
        "Cache-Control": "no-cache",
        "Content-Length": "467",
        "Content-Type": "application/json; charset=utf-8",
        "Date": "Thu, 17 Nov 2022 20:03:03 GMT",
        "Expires": "-1",
        "Pragma": "no-cache",
        "Strict-Transport-Security": "max-age=31536000;includeSubDomains",
        "X-Content-Type-Options": "nosniff",
        "x-ms-client-request-id": "e1644dd9-15e7-4323-5a2d-fad9d81c0fd4",
        "x-ms-keyvault-network-info": "conn_type=Ipv4;addr=24.22.157.72;act_addr_fam=InterNetwork;",
        "x-ms-keyvault-region": "westus3",
        "x-ms-keyvault-service-version": "1.9.576.1",
        "x-ms-request-id": "bb58b5b8-2aeb-4173-b252-65a5bc424596"
      },
      "ResponseBody": {
        "kid": "https://REDACTED1.vault.azure.net/keys/GetCryptoFromKeyRemoteEncrypt-13/23f2eb89cf3846c4a7c3eb2887896c7d",
        "value": "EYeIxlizMwbuCaOEvzhEYTJmoIkeftSRPbDG3ca1H5Nd1NpZGlI9nR6kd7Y-Sw9wPq7x2EPilKUWPiHLWefMPIhQY4yrzTY9ora-bVyOm0ZC1UtwflAiNkbapjgqapnyu1ca3uRUez7uFldy3WhhSNaptZ6DfbPY6X0XhpN7aYRYcP1iF_AgANUaqrQA6zM51grUs-wvv8Dr_mPkNbOpPyws2r96cFqkas8-6EkS87vHrNN1mlT_MxgHGeF8q8eWkwOAaqpU9tZR2L4pvZY0zYoB55S3wPbrPoytN4k8siZkRYvQ8GgVbTvah7sJtxN_kAncl30JoNKX-lDF5KCJMA"
      }
    },
    {
      "RequestUri": "https://REDACTED1.vault.azure.net/keys/GetCryptoFromKeyRemoteEncrypt-13/decrypt?api-version=7.3",
      "RequestMethod": "POST",
      "RequestHeaders": {
        "Accept": "application/json",
        "Authorization": "Sanitized",
        "Content-Length": "371",
        "Content-Type": "application/json",
        "User-Agent": "azsdk-cpp-keyvault-keys/4.4.0-beta.1 (Windows 10 Enterprise 6.3 22621 22621.1.amd64fre.ni_release.220506-1250)",
        "x-ms-client-request-id": "897a9205-affc-41ac-4f30-5d51ed09e82e"
      },
      "RequestBody": {
        "alg": "RSA-OAEP",
        "value": "EYeIxlizMwbuCaOEvzhEYTJmoIkeftSRPbDG3ca1H5Nd1NpZGlI9nR6kd7Y-Sw9wPq7x2EPilKUWPiHLWefMPIhQY4yrzTY9ora-bVyOm0ZC1UtwflAiNkbapjgqapnyu1ca3uRUez7uFldy3WhhSNaptZ6DfbPY6X0XhpN7aYRYcP1iF_AgANUaqrQA6zM51grUs-wvv8Dr_mPkNbOpPyws2r96cFqkas8-6EkS87vHrNN1mlT_MxgHGeF8q8eWkwOAaqpU9tZR2L4pvZY0zYoB55S3wPbrPoytN4k8siZkRYvQ8GgVbTvah7sJtxN_kAncl30JoNKX-lDF5KCJMA"
      },
      "StatusCode": 200,
      "ResponseHeaders": {
        "Cache-Control": "no-cache",
        "Content-Length": "163",
        "Content-Type": "application/json; charset=utf-8",
        "Date": "Thu, 17 Nov 2022 20:03:03 GMT",
        "Expires": "-1",
        "Pragma": "no-cache",
        "Strict-Transport-Security": "max-age=31536000;includeSubDomains",
        "X-Content-Type-Options": "nosniff",
        "x-ms-client-request-id": "897a9205-affc-41ac-4f30-5d51ed09e82e",
        "x-ms-keyvault-network-info": "conn_type=Ipv4;addr=24.22.157.72;act_addr_fam=InterNetwork;",
        "x-ms-keyvault-region": "westus3",
        "x-ms-keyvault-service-version": "1.9.576.1",
        "x-ms-request-id": "52aec025-6f6d-486d-bc52-01c2ff66c441"
      },
      "ResponseBody": {
        "kid": "https://REDACTED1.vault.azure.net/keys/GetCryptoFromKeyRemoteEncrypt-13/23f2eb89cf3846c4a7c3eb2887896c7d",
        "value": "QSBzaW5nbGUgYmxvY2sgb2YgcGxhaW50ZXh0AA"
      }
    }
  ],
  "Variables": {}
}
