{
  "Entries": [
    {
      "RequestUri": "https://REDACTED.vault.azure.net/keys/RemoteWrap-233/create?api-version=7.3",
      "RequestMethod": "POST",
      "RequestHeaders": {
        "Authorization": "Sanitized",
        "Content-Length": "31",
        "Content-Type": "application/json",
        "User-Agent": "azsdk-cpp-keyvault-keys/4.4.0-beta.1 (Windows 10 Enterprise 6.3 22621 22621.1.amd64fre.ni_release.220506-1250)",
        "x-ms-client-request-id": "83ffbcb7-a90f-45a4-485c-ea2d9baafd72"
      },
      "RequestBody": {
        "attributes": null,
        "kty": "RSA"
      },
      "StatusCode": 200,
      "ResponseHeaders": {
        "Cache-Control": "no-cache",
        "Content-Length": "697",
        "Content-Type": "application/json; charset=utf-8",
        "Date": "Mon, 21 Nov 2022 23:01:34 GMT",
        "Expires": "-1",
        "Pragma": "no-cache",
        "Strict-Transport-Security": "max-age=31536000;includeSubDomains",
        "X-Content-Type-Options": "nosniff",
        "x-ms-client-request-id": "83ffbcb7-a90f-45a4-485c-ea2d9baafd72",
        "x-ms-keyvault-network-info": "conn_type=Ipv4;addr=24.22.157.72;act_addr_fam=InterNetwork;",
        "x-ms-keyvault-region": "westus3",
        "x-ms-keyvault-service-version": "1.9.576.1",
        "x-ms-request-id": "fb5ac976-5a02-4271-9996-aaf42f8d9e10"
      },
      "ResponseBody": {
        "key": {
          "kid": "https://REDACTED.vault.azure.net/keys/RemoteWrap-233/b44a336766fa4553ae3d8bf053681418",
          "kty": "RSA",
          "key_ops": [
            "encrypt",
            "decrypt",
            "sign",
            "verify",
            "wrapKey",
            "unwrapKey"
          ],
          "n": "25xtWLKfSdrtbbyP8vUGMtkFVM_XnNPCQSgSeQBOCAV2gkctXTIa1Gmj66OpX7a3uwSN-cBWjZyRsu-WtjkwtNa7jUyw4bZwYSvtNfjepGsTDPd5RmZbyTfDXDvlzjUDoUoyRmes2ArnPRmYZMOJMgbiGsV-FXQkF1N83vA27dKiZ_xRwlHBxwpxAR-X3xRifdsi7BHzy0sBJzWYkne_-0R5vzcLYBi1XmgeBcPdsjkNOuvkE8LqcNtANcTx-y1lrepRIcdPRHX_M_WYqUHGyJnWXcN5q1k_tymYeyGEYZdW9qGoEYe5Cg0XiTPnvhWs4ZBLKKulQTWXLBH-0gLVLQ",
          "e": "AQAB"
        },
        "attributes": {
          "enabled": true,
          "created": 1669071694,
          "updated": 1669071694,
          "recoveryLevel": "Recoverable\u002BPurgeable",
          "recoverableDays": 90,
          "exportable": false
        }
      }
    },
    {
      "RequestUri": "https://REDACTED.vault.azure.net/keys/RemoteWrap-233/b44a336766fa4553ae3d8bf053681418/wrapKey?api-version=7.3",
      "RequestMethod": "POST",
      "RequestHeaders": {
        "Accept": "application/json",
        "Authorization": "Sanitized",
        "Content-Length": "71",
        "Content-Type": "application/json",
        "User-Agent": "azsdk-cpp-KeyVault/4.4.0-beta.1 (Windows 10 Enterprise 6.3 22621 22621.1.amd64fre.ni_release.220506-1250)",
        "x-ms-client-request-id": "5e0088b4-31ea-4854-73cd-269963f1cdb6"
      },
      "RequestBody": {
        "alg": "RSA-OAEP-256",
        "value": "QSBzaW5nbGUgYmxvY2sgb2YgcGxhaW50ZXh0AA"
      },
      "StatusCode": 200,
      "ResponseHeaders": {
        "Cache-Control": "no-cache",
        "Content-Length": "448",
        "Content-Type": "application/json; charset=utf-8",
        "Date": "Mon, 21 Nov 2022 23:01:34 GMT",
        "Expires": "-1",
        "Pragma": "no-cache",
        "Strict-Transport-Security": "max-age=31536000;includeSubDomains",
        "X-Content-Type-Options": "nosniff",
        "x-ms-client-request-id": "5e0088b4-31ea-4854-73cd-269963f1cdb6",
        "x-ms-keyvault-network-info": "conn_type=Ipv4;addr=24.22.157.72;act_addr_fam=InterNetwork;",
        "x-ms-keyvault-region": "westus3",
        "x-ms-keyvault-service-version": "1.9.576.1",
        "x-ms-request-id": "66623115-103e-4ec9-bd95-90d879d5fa13"
      },
      "ResponseBody": {
        "kid": "https://REDACTED.vault.azure.net/keys/RemoteWrap-233/b44a336766fa4553ae3d8bf053681418",
        "value": "gJI7iLLTc8TwvjAbjGneUeD205TM7plwqD11yY1AjV4FuOlIjUEsBSxzadNm3ubBcsSChNajfoyefj83Z4ZUTElcdyvNg1ORjSOf_vE3uW7hEoL18HaVpAK1H3upbQYktCILizklxNvoMFKWO-5RxXRCgcPmSbJMNxe0ZyuAf0mDb5AMYe-riCSK9PCe74OIjd5t644aejIICmr2273xjAhhW64xpCgwRxTN5aAU77gyQG1aomJmwxQL-nSZGOzqHQvwcdDRsPw23vX2lerL5yNMPY6CgKZmXTniOpZmj7_IoEO1gWpM8Fx0T2ayvLNskEBj1m2xTsbA5j7R_QKpRg"
      }
    },
    {
      "RequestUri": "https://REDACTED.vault.azure.net/keys/RemoteWrap-233/b44a336766fa4553ae3d8bf053681418/unwrapKey?api-version=7.3",
      "RequestMethod": "POST",
      "RequestHeaders": {
        "Accept": "application/json",
        "Authorization": "Sanitized",
        "Content-Length": "375",
        "Content-Type": "application/json",
        "User-Agent": "azsdk-cpp-KeyVault/4.4.0-beta.1 (Windows 10 Enterprise 6.3 22621 22621.1.amd64fre.ni_release.220506-1250)",
        "x-ms-client-request-id": "42f353b9-544a-47fb-555e-98c5bf827063"
      },
      "RequestBody": {
        "alg": "RSA-OAEP-256",
        "value": "gJI7iLLTc8TwvjAbjGneUeD205TM7plwqD11yY1AjV4FuOlIjUEsBSxzadNm3ubBcsSChNajfoyefj83Z4ZUTElcdyvNg1ORjSOf_vE3uW7hEoL18HaVpAK1H3upbQYktCILizklxNvoMFKWO-5RxXRCgcPmSbJMNxe0ZyuAf0mDb5AMYe-riCSK9PCe74OIjd5t644aejIICmr2273xjAhhW64xpCgwRxTN5aAU77gyQG1aomJmwxQL-nSZGOzqHQvwcdDRsPw23vX2lerL5yNMPY6CgKZmXTniOpZmj7_IoEO1gWpM8Fx0T2ayvLNskEBj1m2xTsbA5j7R_QKpRg"
      },
      "StatusCode": 200,
      "ResponseHeaders": {
        "Cache-Control": "no-cache",
        "Content-Length": "144",
        "Content-Type": "application/json; charset=utf-8",
        "Date": "Mon, 21 Nov 2022 23:01:34 GMT",
        "Expires": "-1",
        "Pragma": "no-cache",
        "Strict-Transport-Security": "max-age=31536000;includeSubDomains",
        "X-Content-Type-Options": "nosniff",
        "x-ms-client-request-id": "42f353b9-544a-47fb-555e-98c5bf827063",
        "x-ms-keyvault-network-info": "conn_type=Ipv4;addr=24.22.157.72;act_addr_fam=InterNetwork;",
        "x-ms-keyvault-region": "westus3",
        "x-ms-keyvault-service-version": "1.9.576.1",
        "x-ms-request-id": "eb7851df-0704-4305-9698-54c25ad66b2a"
      },
      "ResponseBody": {
        "kid": "https://REDACTED.vault.azure.net/keys/RemoteWrap-233/b44a336766fa4553ae3d8bf053681418",
        "value": "QSBzaW5nbGUgYmxvY2sgb2YgcGxhaW50ZXh0AA"
      }
    }
  ],
  "Variables": {}
}
