{
  "Entries": [
    {
      "RequestUri": "https://REDACTED1.vault.azure.net/keys/RemoteSignVerifyRSA384-13/create?api-version=7.3",
      "RequestMethod": "POST",
      "RequestHeaders": {
        "Authorization": "Sanitized",
        "Content-Length": "31",
        "Content-Type": "application/json",
        "User-Agent": "azsdk-cpp-keyvault-keys/4.4.0-beta.1 (Windows 10 Enterprise 6.3 22621 22621.1.amd64fre.ni_release.220506-1250)",
        "x-ms-client-request-id": "49bbb5fe-9dbd-4229-6a2d-6581f5abf39f"
      },
      "RequestBody": {
        "attributes": null,
        "kty": "RSA"
      },
      "StatusCode": 200,
      "ResponseHeaders": {
        "Cache-Control": "no-cache",
        "Content-Length": "709",
        "Content-Type": "application/json; charset=utf-8",
        "Date": "Thu, 17 Nov 2022 20:02:32 GMT",
        "Expires": "-1",
        "Pragma": "no-cache",
        "Strict-Transport-Security": "max-age=31536000;includeSubDomains",
        "X-Content-Type-Options": "nosniff",
        "x-ms-client-request-id": "49bbb5fe-9dbd-4229-6a2d-6581f5abf39f",
        "x-ms-keyvault-network-info": "conn_type=Ipv4;addr=24.22.157.72;act_addr_fam=InterNetwork;",
        "x-ms-keyvault-region": "westus3",
        "x-ms-keyvault-service-version": "1.9.576.1",
        "x-ms-request-id": "268d7129-2607-49e2-a46e-c99484fba0e1"
      },
      "ResponseBody": {
        "key": {
          "kid": "https://REDACTED1.vault.azure.net/keys/RemoteSignVerifyRSA384-13/ba39a8e1b1274c08af7c6e57cae8caff",
          "kty": "RSA",
          "key_ops": [
            "encrypt",
            "decrypt",
            "sign",
            "verify",
            "wrapKey",
            "unwrapKey"
          ],
          "n": "rf1GbhQQ8W2OzgjvntyMjEOFAJhQilObPx8sWBtvRFW53tgUoRsR3Uo8nP0jVfGYbBlty6xa6NapIsB3TsBj5Zz6G4fngZ52Tpyc-eVOxTfmR9Ku-erg7zDSAycvxVGMIlRqyJbYex2C26AqWWm7voj5SrFTq1l72WPp7dHjgduqo_OzjLwN4N7xoExisq-rF0JJnOM6GQdpfWFba3CyV7-nwV97CNUuRl4IYcsN-4Qc8hnP50veujWutaWPSACm9CXV3SSbspnEea98DRWM9bwxWwisUlwpS7gxZnjQcoYZLaB7B-MBxJjcjPnWzaCP8F-GzhsXlSYLcyIt2m8uhQ",
          "e": "AQAB"
        },
        "attributes": {
          "enabled": true,
          "created": 1668715353,
          "updated": 1668715353,
          "recoveryLevel": "Recoverable\u002BPurgeable",
          "recoverableDays": 90,
          "exportable": false
        }
      }
    },
    {
      "RequestUri": "https://REDACTED1.vault.azure.net/keys/RemoteSignVerifyRSA384-13/ba39a8e1b1274c08af7c6e57cae8caff/sign?api-version=7.3",
      "RequestMethod": "POST",
      "RequestHeaders": {
        "Accept": "application/json",
        "Authorization": "Sanitized",
        "Content-Length": "90",
        "Content-Type": "application/json",
        "User-Agent": "azsdk-cpp-KeyVault/4.4.0-beta.1 (Windows 10 Enterprise 6.3 22621 22621.1.amd64fre.ni_release.220506-1250)",
        "x-ms-client-request-id": "7cc94e4d-a514-4f78-5332-b77fc315a851"
      },
      "RequestBody": {
        "alg": "RS384",
        "value": "1f9nVpp7ygg84bIPWVl6XNe4vPyXwL5bN_apy_4445hY3foksKpInKoljE_oBt0C"
      },
      "StatusCode": 200,
      "ResponseHeaders": {
        "Cache-Control": "no-cache",
        "Content-Length": "460",
        "Content-Type": "application/json; charset=utf-8",
        "Date": "Thu, 17 Nov 2022 20:02:32 GMT",
        "Expires": "-1",
        "Pragma": "no-cache",
        "Strict-Transport-Security": "max-age=31536000;includeSubDomains",
        "X-Content-Type-Options": "nosniff",
        "x-ms-client-request-id": "7cc94e4d-a514-4f78-5332-b77fc315a851",
        "x-ms-keyvault-network-info": "conn_type=Ipv4;addr=24.22.157.72;act_addr_fam=InterNetwork;",
        "x-ms-keyvault-region": "westus3",
        "x-ms-keyvault-service-version": "1.9.576.1",
        "x-ms-request-id": "c770627b-b7a1-40f2-81fc-d83eb741945e"
      },
      "ResponseBody": {
        "kid": "https://REDACTED1.vault.azure.net/keys/RemoteSignVerifyRSA384-13/ba39a8e1b1274c08af7c6e57cae8caff",
        "value": "lvJrhm9pi9D9OMWoVti_XRV7yrtiUi7unXsnq5S5xDhsrNlFzRYLBMQb5kl05psvI1TEBAjeTAImH3mZrkXe6KjQRX9KUBJ37Tkqy2BM2Mc6QbiBtzSOlIFo80Goo-kU_iCioCVO6fjYzm8huPFDn6I55CMrOjxCg_qSexAzZNe4xPBHFn3kKMow8VN7lLsNYv6LDSlMf1MazAG4peOnLPVxS27vReW9mnIZx0bhtxHeKDrl0djJlWSOQNjgSWZykSJx6UXQGAn47oPc1pxSQ1CEgFAyYYVq9xOafk00z7EKP3oSXv-NSNWm3kY_Otkw2y6V2hfz1TskOwTDgzm7nw"
      }
    },
    {
      "RequestUri": "https://REDACTED1.vault.azure.net/keys/RemoteSignVerifyRSA384-13/ba39a8e1b1274c08af7c6e57cae8caff/verify?api-version=7.3",
      "RequestMethod": "POST",
      "RequestHeaders": {
        "Accept": "application/json",
        "Authorization": "Sanitized",
        "Content-Length": "444",
        "Content-Type": "application/json",
        "User-Agent": "azsdk-cpp-KeyVault/4.4.0-beta.1 (Windows 10 Enterprise 6.3 22621 22621.1.amd64fre.ni_release.220506-1250)",
        "x-ms-client-request-id": "d2324da1-b9f2-40ad-4225-9d039cd485db"
      },
      "RequestBody": {
        "alg": "RS384",
        "digest": "1f9nVpp7ygg84bIPWVl6XNe4vPyXwL5bN_apy_4445hY3foksKpInKoljE_oBt0C",
        "value": "lvJrhm9pi9D9OMWoVti_XRV7yrtiUi7unXsnq5S5xDhsrNlFzRYLBMQb5kl05psvI1TEBAjeTAImH3mZrkXe6KjQRX9KUBJ37Tkqy2BM2Mc6QbiBtzSOlIFo80Goo-kU_iCioCVO6fjYzm8huPFDn6I55CMrOjxCg_qSexAzZNe4xPBHFn3kKMow8VN7lLsNYv6LDSlMf1MazAG4peOnLPVxS27vReW9mnIZx0bhtxHeKDrl0djJlWSOQNjgSWZykSJx6UXQGAn47oPc1pxSQ1CEgFAyYYVq9xOafk00z7EKP3oSXv-NSNWm3kY_Otkw2y6V2hfz1TskOwTDgzm7nw"
      },
      "StatusCode": 200,
      "ResponseHeaders": {
        "Cache-Control": "no-cache",
        "Content-Length": "14",
        "Content-Type": "application/json; charset=utf-8",
        "Date": "Thu, 17 Nov 2022 20:02:32 GMT",
        "Expires": "-1",
        "Pragma": "no-cache",
        "Strict-Transport-Security": "max-age=31536000;includeSubDomains",
        "X-Content-Type-Options": "nosniff",
        "x-ms-client-request-id": "d2324da1-b9f2-40ad-4225-9d039cd485db",
        "x-ms-keyvault-network-info": "conn_type=Ipv4;addr=24.22.157.72;act_addr_fam=InterNetwork;",
        "x-ms-keyvault-region": "westus3",
        "x-ms-keyvault-service-version": "1.9.576.1",
        "x-ms-request-id": "9c8d5769-c94d-4a55-b938-5a8ab63a06ad"
      },
      "ResponseBody": {
        "value": true
      }
    },
    {
      "RequestUri": "https://REDACTED1.vault.azure.net/keys/RemoteSignVerifyRSA384-13/ba39a8e1b1274c08af7c6e57cae8caff/sign?api-version=7.3",
      "RequestMethod": "POST",
      "RequestHeaders": {
        "Accept": "application/json",
        "Authorization": "Sanitized",
        "Content-Length": "90",
        "Content-Type": "application/json",
        "User-Agent": "azsdk-cpp-KeyVault/4.4.0-beta.1 (Windows 10 Enterprise 6.3 22621 22621.1.amd64fre.ni_release.220506-1250)",
        "x-ms-client-request-id": "4714dab2-be2a-46e8-74d9-3df7863257a1"
      },
      "RequestBody": {
        "alg": "PS384",
        "value": "1f9nVpp7ygg84bIPWVl6XNe4vPyXwL5bN_apy_4445hY3foksKpInKoljE_oBt0C"
      },
      "StatusCode": 200,
      "ResponseHeaders": {
        "Cache-Control": "no-cache",
        "Content-Length": "460",
        "Content-Type": "application/json; charset=utf-8",
        "Date": "Thu, 17 Nov 2022 20:02:32 GMT",
        "Expires": "-1",
        "Pragma": "no-cache",
        "Strict-Transport-Security": "max-age=31536000;includeSubDomains",
        "X-Content-Type-Options": "nosniff",
        "x-ms-client-request-id": "4714dab2-be2a-46e8-74d9-3df7863257a1",
        "x-ms-keyvault-network-info": "conn_type=Ipv4;addr=24.22.157.72;act_addr_fam=InterNetwork;",
        "x-ms-keyvault-region": "westus3",
        "x-ms-keyvault-service-version": "1.9.576.1",
        "x-ms-request-id": "714ca55e-46c8-443c-bddc-9ebd1e594679"
      },
      "ResponseBody": {
        "kid": "https://REDACTED1.vault.azure.net/keys/RemoteSignVerifyRSA384-13/ba39a8e1b1274c08af7c6e57cae8caff",
        "value": "H8g8imWdnBmlWPwNNH2orgxvA2sGib69mkQpKsmJF6TtAr8HdnVcsFFHnF8b0b-Z1iNGF9t2CViD_O4ABNhZH7aXil9pGYxFA7AT912l6UHxO4H8zl1pYzVjC74sHEEWbK5a52qocSQSW-pSZEYybQSY1F7iSB4Ml9ZzjuS6nSnCTHQm_i6ZOzL-BL2xUxBX2mAgiKLASZkTVEUOtwsm0KLSipoo1_wdM8oAXnQ9AnhJxClXAzZl4BSBlzVCE96wrN3peAtjfJ5eSUN1PafNzLNrtvTuRp_w8NLQ_-rgAFvgEwwNNuRldaegIHNJNx6TRpMY6_eOCSS7y4fPyYeNlg"
      }
    },
    {
      "RequestUri": "https://REDACTED1.vault.azure.net/keys/RemoteSignVerifyRSA384-13/ba39a8e1b1274c08af7c6e57cae8caff/verify?api-version=7.3",
      "RequestMethod": "POST",
      "RequestHeaders": {
        "Accept": "application/json",
        "Authorization": "Sanitized",
        "Content-Length": "444",
        "Content-Type": "application/json",
        "User-Agent": "azsdk-cpp-KeyVault/4.4.0-beta.1 (Windows 10 Enterprise 6.3 22621 22621.1.amd64fre.ni_release.220506-1250)",
        "x-ms-client-request-id": "e9555ee8-d978-4dc6-7858-2999b227f8f9"
      },
      "RequestBody": {
        "alg": "PS384",
        "digest": "1f9nVpp7ygg84bIPWVl6XNe4vPyXwL5bN_apy_4445hY3foksKpInKoljE_oBt0C",
        "value": "H8g8imWdnBmlWPwNNH2orgxvA2sGib69mkQpKsmJF6TtAr8HdnVcsFFHnF8b0b-Z1iNGF9t2CViD_O4ABNhZH7aXil9pGYxFA7AT912l6UHxO4H8zl1pYzVjC74sHEEWbK5a52qocSQSW-pSZEYybQSY1F7iSB4Ml9ZzjuS6nSnCTHQm_i6ZOzL-BL2xUxBX2mAgiKLASZkTVEUOtwsm0KLSipoo1_wdM8oAXnQ9AnhJxClXAzZl4BSBlzVCE96wrN3peAtjfJ5eSUN1PafNzLNrtvTuRp_w8NLQ_-rgAFvgEwwNNuRldaegIHNJNx6TRpMY6_eOCSS7y4fPyYeNlg"
      },
      "StatusCode": 200,
      "ResponseHeaders": {
        "Cache-Control": "no-cache",
        "Content-Length": "14",
        "Content-Type": "application/json; charset=utf-8",
        "Date": "Thu, 17 Nov 2022 20:02:32 GMT",
        "Expires": "-1",
        "Pragma": "no-cache",
        "Strict-Transport-Security": "max-age=31536000;includeSubDomains",
        "X-Content-Type-Options": "nosniff",
        "x-ms-client-request-id": "e9555ee8-d978-4dc6-7858-2999b227f8f9",
        "x-ms-keyvault-network-info": "conn_type=Ipv4;addr=24.22.157.72;act_addr_fam=InterNetwork;",
        "x-ms-keyvault-region": "westus3",
        "x-ms-keyvault-service-version": "1.9.576.1",
        "x-ms-request-id": "c7110409-ea07-4f0f-b451-fc1ff6449b03"
      },
      "ResponseBody": {
        "value": true
      }
    }
  ],
  "Variables": {}
}
