{
  "Entries": [
    {
      "RequestUri": "https://REDACTED1.vault.azure.net/keys/GetCryptoFromKeyRemoteEncrypt-Minus215/create?api-version=7.3",
      "RequestMethod": "POST",
      "RequestHeaders": {
        "Authorization": "Sanitized",
        "Connection": "keep-alive",
        "Content-Length": "31",
        "Content-Type": "application/json",
        "User-Agent": "azsdk-cpp-keyvault-keys/4.4.0-beta.1 (Windows 10 Enterprise 6.3 22621 22621.1.amd64fre.ni_release.220506-1250)",
        "x-ms-client-request-id": "f600cf4e-6d82-4e7b-5bcb-73f68f479e6a"
      },
      "RequestBody": {
        "attributes": null,
        "kty": "RSA"
      },
      "StatusCode": 200,
      "ResponseHeaders": {
        "Cache-Control": "no-cache",
        "Content-Length": "722",
        "Content-Type": "application/json; charset=utf-8",
        "Date": "Mon, 14 Nov 2022 21:59:46 GMT",
        "Expires": "-1",
        "Pragma": "no-cache",
        "Strict-Transport-Security": "max-age=31536000;includeSubDomains",
        "X-Content-Type-Options": "nosniff",
        "x-ms-client-request-id": "f600cf4e-6d82-4e7b-5bcb-73f68f479e6a",
        "x-ms-keyvault-network-info": "conn_type=Ipv4;addr=24.22.157.72;act_addr_fam=InterNetwork;",
        "x-ms-keyvault-region": "westus3",
        "x-ms-keyvault-service-version": "1.9.576.1",
        "x-ms-request-id": "11e34139-d68c-4ff4-9556-d7742b8d657f"
      },
      "ResponseBody": {
        "key": {
          "kid": "https://REDACTED1.vault.azure.net/keys/GetCryptoFromKeyRemoteEncrypt-Minus215/0f7c0370930e4678875eea0bbfdd437f",
          "kty": "RSA",
          "key_ops": [
            "encrypt",
            "decrypt",
            "sign",
            "verify",
            "wrapKey",
            "unwrapKey"
          ],
          "n": "5pERmLpe-BYmjK5fFSBTC3jN_SjuD4OCfBDinXsG-DczSGupts2qhguVWg176Cbf-HvRncouyzUuIlfwRvCtYE8dP3HmT1G5MRhXyX-iJpzoiydc6uZHMQCnHrhT6b6yzMN00r8eXiY0wMY-gycZfxWY3a_HFTQAV0fb_JaFVHSutp2RP3WFuP1LXBv-S8c-dC5E8_KjZC_ZTJHFTPxhVremRot0gzCg59_wJj_-X9FeoyVL9y71suKg4CsAS-VJY208PklURGY-T6xi8M82SgNMETKCBGmmPIONJMsro1shBi0LUTrxWZ0lZiWP8GkdNypPr2MB4KoIgjcdaPo0CQ",
          "e": "AQAB"
        },
        "attributes": {
          "enabled": true,
          "created": 1668463186,
          "updated": 1668463186,
          "recoveryLevel": "Recoverable\u002BPurgeable",
          "recoverableDays": 90,
          "exportable": false
        }
      }
    },
    {
      "RequestUri": "https://REDACTED1.vault.azure.net/keys/GetCryptoFromKeyRemoteEncrypt-Minus215/encrypt?api-version=7.3",
      "RequestMethod": "POST",
      "RequestHeaders": {
        "Accept": "application/json",
        "Authorization": "Sanitized",
        "Connection": "keep-alive",
        "Content-Length": "67",
        "Content-Type": "application/json",
        "User-Agent": "azsdk-cpp-keyvault-keys/4.4.0-beta.1 (Windows 10 Enterprise 6.3 22621 22621.1.amd64fre.ni_release.220506-1250)",
        "x-ms-client-request-id": "018ea3be-b725-4eb3-40b3-f25121d7d1ba"
      },
      "RequestBody": {
        "alg": "RSA-OAEP",
        "value": "QSBzaW5nbGUgYmxvY2sgb2YgcGxhaW50ZXh0AA"
      },
      "StatusCode": 200,
      "ResponseHeaders": {
        "Cache-Control": "no-cache",
        "Content-Length": "473",
        "Content-Type": "application/json; charset=utf-8",
        "Date": "Mon, 14 Nov 2022 21:59:46 GMT",
        "Expires": "-1",
        "Pragma": "no-cache",
        "Strict-Transport-Security": "max-age=31536000;includeSubDomains",
        "X-Content-Type-Options": "nosniff",
        "x-ms-client-request-id": "018ea3be-b725-4eb3-40b3-f25121d7d1ba",
        "x-ms-keyvault-network-info": "conn_type=Ipv4;addr=24.22.157.72;act_addr_fam=InterNetwork;",
        "x-ms-keyvault-region": "westus3",
        "x-ms-keyvault-service-version": "1.9.576.1",
        "x-ms-request-id": "c83611e4-d7f7-4f6d-9d73-e75be288ca73"
      },
      "ResponseBody": {
        "kid": "https://REDACTED1.vault.azure.net/keys/GetCryptoFromKeyRemoteEncrypt-Minus215/0f7c0370930e4678875eea0bbfdd437f",
        "value": "AGGdGF5ezvdRfXNPST_UOQ90AG_GlbGejBeYJJCuYHE3bmfRAiXyvf0xIOoRt9qsAkGFkrmC-EtC8E-5m81s6mpz8Dn2N1DmjCL0EuXrbhDIihLaTmRk6VNgRZ_d1Vp19g3CSHeeNkhAtiB2EWqDRO6tQJq9VgQXvdXS5-0FC6nnaRucKVgQ0gup5apFjiOXlCRVPHgsE8LgKBUNmtSeMGKMUEXRs0pi03SNEYZClQmX42zI09o3QX4oEfVxoB6cj3py7-As5hXPa9Mt6qFuysGAkNX8KujFHJxON5BeDmHcf0GjnxiCgYar3zFlBqN4azQ9-Yo7UhVV96KdtdiUKA"
      }
    },
    {
      "RequestUri": "https://REDACTED1.vault.azure.net/keys/GetCryptoFromKeyRemoteEncrypt-Minus215/decrypt?api-version=7.3",
      "RequestMethod": "POST",
      "RequestHeaders": {
        "Accept": "application/json",
        "Authorization": "Sanitized",
        "Connection": "keep-alive",
        "Content-Length": "371",
        "Content-Type": "application/json",
        "User-Agent": "azsdk-cpp-keyvault-keys/4.4.0-beta.1 (Windows 10 Enterprise 6.3 22621 22621.1.amd64fre.ni_release.220506-1250)",
        "x-ms-client-request-id": "9c0aa7b3-4361-446f-5660-6c2bf62b224c"
      },
      "RequestBody": {
        "alg": "RSA-OAEP",
        "value": "AGGdGF5ezvdRfXNPST_UOQ90AG_GlbGejBeYJJCuYHE3bmfRAiXyvf0xIOoRt9qsAkGFkrmC-EtC8E-5m81s6mpz8Dn2N1DmjCL0EuXrbhDIihLaTmRk6VNgRZ_d1Vp19g3CSHeeNkhAtiB2EWqDRO6tQJq9VgQXvdXS5-0FC6nnaRucKVgQ0gup5apFjiOXlCRVPHgsE8LgKBUNmtSeMGKMUEXRs0pi03SNEYZClQmX42zI09o3QX4oEfVxoB6cj3py7-As5hXPa9Mt6qFuysGAkNX8KujFHJxON5BeDmHcf0GjnxiCgYar3zFlBqN4azQ9-Yo7UhVV96KdtdiUKA"
      },
      "StatusCode": 200,
      "ResponseHeaders": {
        "Cache-Control": "no-cache",
        "Content-Length": "169",
        "Content-Type": "application/json; charset=utf-8",
        "Date": "Mon, 14 Nov 2022 21:59:46 GMT",
        "Expires": "-1",
        "Pragma": "no-cache",
        "Strict-Transport-Security": "max-age=31536000;includeSubDomains",
        "X-Content-Type-Options": "nosniff",
        "x-ms-client-request-id": "9c0aa7b3-4361-446f-5660-6c2bf62b224c",
        "x-ms-keyvault-network-info": "conn_type=Ipv4;addr=24.22.157.72;act_addr_fam=InterNetwork;",
        "x-ms-keyvault-region": "westus3",
        "x-ms-keyvault-service-version": "1.9.576.1",
        "x-ms-request-id": "0978bd38-0af3-4bf4-b0c4-802530752293"
      },
      "ResponseBody": {
        "kid": "https://REDACTED1.vault.azure.net/keys/GetCryptoFromKeyRemoteEncrypt-Minus215/0f7c0370930e4678875eea0bbfdd437f",
        "value": "QSBzaW5nbGUgYmxvY2sgb2YgcGxhaW50ZXh0AA"
      }
    }
  ],
  "Variables": {}
}
