{
  "Entries": [
    {
      "RequestUri": "https://REDACTED1.vault.azure.net/keys/RemoteWrap-987/create?api-version=7.3",
      "RequestMethod": "POST",
      "RequestHeaders": {
        "Authorization": "Sanitized",
        "Content-Length": "31",
        "Content-Type": "application/json",
        "User-Agent": "azsdk-cpp-keyvault-keys/4.4.0-beta.1 (Windows 10 Enterprise 6.3 22621 22621.1.amd64fre.ni_release.220506-1250)",
        "x-ms-client-request-id": "b79749af-8a18-45cc-64cd-a233e3b0f463"
      },
      "RequestBody": {
        "attributes": null,
        "kty": "RSA"
      },
      "StatusCode": 200,
      "ResponseHeaders": {
        "Cache-Control": "no-cache",
        "Content-Length": "698",
        "Content-Type": "application/json; charset=utf-8",
        "Date": "Thu, 17 Nov 2022 20:02:06 GMT",
        "Expires": "-1",
        "Pragma": "no-cache",
        "Strict-Transport-Security": "max-age=31536000;includeSubDomains",
        "X-Content-Type-Options": "nosniff",
        "x-ms-client-request-id": "b79749af-8a18-45cc-64cd-a233e3b0f463",
        "x-ms-keyvault-network-info": "conn_type=Ipv4;addr=24.22.157.72;act_addr_fam=InterNetwork;",
        "x-ms-keyvault-region": "westus3",
        "x-ms-keyvault-service-version": "1.9.576.1",
        "x-ms-request-id": "b9615519-f076-487a-9bd6-4b2b6606d018"
      },
      "ResponseBody": {
        "key": {
          "kid": "https://REDACTED1.vault.azure.net/keys/RemoteWrap-987/5ef58e4417dc4fc0bf2a6a59d2e16f2e",
          "kty": "RSA",
          "key_ops": [
            "encrypt",
            "decrypt",
            "sign",
            "verify",
            "wrapKey",
            "unwrapKey"
          ],
          "n": "08_L688IaFH65I-1_UQXtpfb54vjYXC7dJ1LxC9_RHb5FSnLccYzL1EbGdELEh0uji5QrE8OIqM0HANjE7f3zQyqTtofPpmmOwkbhHAxunKuaseNHLA4N2-1C7lcmnWYBP-6H0SoX1oRWWEO805tcg7oRacTKDPN-CkzyhfSP6dN1ftDQ-HcraEMVx-quZiTNqpT5k3HvcSI9J6kD6lx5vD4NvFy6fcjpFixnYaTHVIoYOOl4AqE98TM674aH1oA3C9AtJ1yqdYd7N3bHe1fiVFvpeFSzNZ8jvF06JYMKP4SdmCTD_S1ILOwuBLYfO8O6Zyt_UUQEeU8lcxAZKfyCQ",
          "e": "AQAB"
        },
        "attributes": {
          "enabled": true,
          "created": 1668715326,
          "updated": 1668715326,
          "recoveryLevel": "Recoverable\u002BPurgeable",
          "recoverableDays": 90,
          "exportable": false
        }
      }
    },
    {
      "RequestUri": "https://REDACTED1.vault.azure.net/keys/RemoteWrap-987/5ef58e4417dc4fc0bf2a6a59d2e16f2e/wrapKey?api-version=7.3",
      "RequestMethod": "POST",
      "RequestHeaders": {
        "Accept": "application/json",
        "Authorization": "Sanitized",
        "Content-Length": "71",
        "Content-Type": "application/json",
        "User-Agent": "azsdk-cpp-KeyVault/4.4.0-beta.1 (Windows 10 Enterprise 6.3 22621 22621.1.amd64fre.ni_release.220506-1250)",
        "x-ms-client-request-id": "aaa8bf23-ed9c-49c1-7113-420f29aa14c3"
      },
      "RequestBody": {
        "alg": "RSA-OAEP-256",
        "value": "QSBzaW5nbGUgYmxvY2sgb2YgcGxhaW50ZXh0AA"
      },
      "StatusCode": 200,
      "ResponseHeaders": {
        "Cache-Control": "no-cache",
        "Content-Length": "449",
        "Content-Type": "application/json; charset=utf-8",
        "Date": "Thu, 17 Nov 2022 20:02:06 GMT",
        "Expires": "-1",
        "Pragma": "no-cache",
        "Strict-Transport-Security": "max-age=31536000;includeSubDomains",
        "X-Content-Type-Options": "nosniff",
        "x-ms-client-request-id": "aaa8bf23-ed9c-49c1-7113-420f29aa14c3",
        "x-ms-keyvault-network-info": "conn_type=Ipv4;addr=24.22.157.72;act_addr_fam=InterNetwork;",
        "x-ms-keyvault-region": "westus3",
        "x-ms-keyvault-service-version": "1.9.576.1",
        "x-ms-request-id": "de3e415e-451c-494e-8eae-bcc9f79fbae4"
      },
      "ResponseBody": {
        "kid": "https://REDACTED1.vault.azure.net/keys/RemoteWrap-987/5ef58e4417dc4fc0bf2a6a59d2e16f2e",
        "value": "rssey6UcZBNQo7fVflshnzviS69WB620_wq0oq9xgNv0aojQ1F9Urd6ZD1h9TgDLq90DVp2RqRMCJNo0M1Cu_SB1Kr9QghCiv2CkSfMq8mOzsqp8aRpD4V4InIrCGVRnz4NvJscQYX-Ke3GiqvxHk9yMfvkt16pjl7Q7Hi_aGm9qOWk6u4aoEV6xi4xEeTaZHb58T3hhJlALdO2S8eCsky7bqSJC_93rpPgQz1zS6IwRXcmiBo2CpA3dGx8TbSYd37TwOPCQ0ypsxxFtqTGwMUB8cnqQzU4baah0QXHDIq_OE7lemsZMpwhZkSIfqlvHAy3QIVlFvpEfD0uJhFWvvA"
      }
    },
    {
      "RequestUri": "https://REDACTED1.vault.azure.net/keys/RemoteWrap-987/5ef58e4417dc4fc0bf2a6a59d2e16f2e/unwrapKey?api-version=7.3",
      "RequestMethod": "POST",
      "RequestHeaders": {
        "Accept": "application/json",
        "Authorization": "Sanitized",
        "Content-Length": "375",
        "Content-Type": "application/json",
        "User-Agent": "azsdk-cpp-KeyVault/4.4.0-beta.1 (Windows 10 Enterprise 6.3 22621 22621.1.amd64fre.ni_release.220506-1250)",
        "x-ms-client-request-id": "d808355f-a6af-4bb5-76d0-12a5ceed79c7"
      },
      "RequestBody": {
        "alg": "RSA-OAEP-256",
        "value": "rssey6UcZBNQo7fVflshnzviS69WB620_wq0oq9xgNv0aojQ1F9Urd6ZD1h9TgDLq90DVp2RqRMCJNo0M1Cu_SB1Kr9QghCiv2CkSfMq8mOzsqp8aRpD4V4InIrCGVRnz4NvJscQYX-Ke3GiqvxHk9yMfvkt16pjl7Q7Hi_aGm9qOWk6u4aoEV6xi4xEeTaZHb58T3hhJlALdO2S8eCsky7bqSJC_93rpPgQz1zS6IwRXcmiBo2CpA3dGx8TbSYd37TwOPCQ0ypsxxFtqTGwMUB8cnqQzU4baah0QXHDIq_OE7lemsZMpwhZkSIfqlvHAy3QIVlFvpEfD0uJhFWvvA"
      },
      "StatusCode": 200,
      "ResponseHeaders": {
        "Cache-Control": "no-cache",
        "Content-Length": "145",
        "Content-Type": "application/json; charset=utf-8",
        "Date": "Thu, 17 Nov 2022 20:02:06 GMT",
        "Expires": "-1",
        "Pragma": "no-cache",
        "Strict-Transport-Security": "max-age=31536000;includeSubDomains",
        "X-Content-Type-Options": "nosniff",
        "x-ms-client-request-id": "d808355f-a6af-4bb5-76d0-12a5ceed79c7",
        "x-ms-keyvault-network-info": "conn_type=Ipv4;addr=24.22.157.72;act_addr_fam=InterNetwork;",
        "x-ms-keyvault-region": "westus3",
        "x-ms-keyvault-service-version": "1.9.576.1",
        "x-ms-request-id": "9e34db20-24e5-4b8a-a442-fdd85c5d3cf7"
      },
      "ResponseBody": {
        "kid": "https://REDACTED1.vault.azure.net/keys/RemoteWrap-987/5ef58e4417dc4fc0bf2a6a59d2e16f2e",
        "value": "QSBzaW5nbGUgYmxvY2sgb2YgcGxhaW50ZXh0AA"
      }
    }
  ],
  "Variables": {}
}
