{
  "Entries": [
    {
      "RequestUri": "https://REDACTED1.vault.azure.net/keys/GetCryptoFromKeyVersionRemoteEncrypt-233/create?api-version=7.3",
      "RequestMethod": "POST",
      "RequestHeaders": {
        "Authorization": "Sanitized",
        "Connection": "keep-alive",
        "Content-Length": "31",
        "Content-Type": "application/json",
        "User-Agent": "azsdk-cpp-keyvault-keys/4.4.0-beta.1 (Windows 10 Enterprise 6.3 22621 22621.1.amd64fre.ni_release.220506-1250)",
        "x-ms-client-request-id": "36bbefbb-e4c6-41aa-4ece-16434c90bd2d"
      },
      "RequestBody": {
        "attributes": null,
        "kty": "RSA"
      },
      "StatusCode": 200,
      "ResponseHeaders": {
        "Cache-Control": "no-cache",
        "Content-Length": "724",
        "Content-Type": "application/json; charset=utf-8",
        "Date": "Mon, 14 Nov 2022 22:00:07 GMT",
        "Expires": "-1",
        "Pragma": "no-cache",
        "Strict-Transport-Security": "max-age=31536000;includeSubDomains",
        "X-Content-Type-Options": "nosniff",
        "x-ms-client-request-id": "36bbefbb-e4c6-41aa-4ece-16434c90bd2d",
        "x-ms-keyvault-network-info": "conn_type=Ipv4;addr=24.22.157.72;act_addr_fam=InterNetwork;",
        "x-ms-keyvault-region": "westus3",
        "x-ms-keyvault-service-version": "1.9.576.1",
        "x-ms-request-id": "eb6b244a-c4a0-4c2b-a891-0bdf4f218c1b"
      },
      "ResponseBody": {
        "key": {
          "kid": "https://REDACTED1.vault.azure.net/keys/GetCryptoFromKeyVersionRemoteEncrypt-233/22a744c9a3ce42ec8dc8c8f6ddcbe644",
          "kty": "RSA",
          "key_ops": [
            "encrypt",
            "decrypt",
            "sign",
            "verify",
            "wrapKey",
            "unwrapKey"
          ],
          "n": "1i9QxfgO6U7_WgoG0b-a6gGbgdiHf0l5fww_do6QNex3p8eU_WQ4cnlW7upHwY40Pmu03X-8JTGOuzT94720wX8VMi3EmooMMW4qSrd3DoWYxFBfFI16WtPv6st0iG23r01YZvWbyJ2S_mH6Zu49CCD5K8VxM145RFTowsJPXJfkDxJm9ry2D-17OfHNtgImNAedK-6Ea_sBy5gbbamCGdA4hUjbH6ovVVFSQdsa8516DPCbbNp-ThxMq_0o2AeN6D9ExHLYZwAbADn8bVsxmOv8fVFQm4ymrLUtvpfOwSuXt61DpbMbxMjDeGagchkqc4KffmCpTI0a1rTDJEXjeQ",
          "e": "AQAB"
        },
        "attributes": {
          "enabled": true,
          "created": 1668463207,
          "updated": 1668463207,
          "recoveryLevel": "Recoverable\u002BPurgeable",
          "recoverableDays": 90,
          "exportable": false
        }
      }
    },
    {
      "RequestUri": "https://REDACTED1.vault.azure.net/keys/GetCryptoFromKeyVersionRemoteEncrypt-233/22a744c9a3ce42ec8dc8c8f6ddcbe644/encrypt?api-version=7.3",
      "RequestMethod": "POST",
      "RequestHeaders": {
        "Accept": "application/json",
        "Authorization": "Sanitized",
        "Connection": "keep-alive",
        "Content-Length": "67",
        "Content-Type": "application/json",
        "User-Agent": "azsdk-cpp-keyvault-keys/4.4.0-beta.1 (Windows 10 Enterprise 6.3 22621 22621.1.amd64fre.ni_release.220506-1250)",
        "x-ms-client-request-id": "b9b44fe9-403d-4bb8-7007-af787720ee02"
      },
      "RequestBody": {
        "alg": "RSA-OAEP",
        "value": "QSBzaW5nbGUgYmxvY2sgb2YgcGxhaW50ZXh0AA"
      },
      "StatusCode": 200,
      "ResponseHeaders": {
        "Cache-Control": "no-cache",
        "Content-Length": "475",
        "Content-Type": "application/json; charset=utf-8",
        "Date": "Mon, 14 Nov 2022 22:00:07 GMT",
        "Expires": "-1",
        "Pragma": "no-cache",
        "Strict-Transport-Security": "max-age=31536000;includeSubDomains",
        "X-Content-Type-Options": "nosniff",
        "x-ms-client-request-id": "b9b44fe9-403d-4bb8-7007-af787720ee02",
        "x-ms-keyvault-network-info": "conn_type=Ipv4;addr=24.22.157.72;act_addr_fam=InterNetwork;",
        "x-ms-keyvault-region": "westus3",
        "x-ms-keyvault-service-version": "1.9.576.1",
        "x-ms-request-id": "7f31cd90-22c5-44c2-bec5-b5a023f9d9ce"
      },
      "ResponseBody": {
        "kid": "https://REDACTED1.vault.azure.net/keys/GetCryptoFromKeyVersionRemoteEncrypt-233/22a744c9a3ce42ec8dc8c8f6ddcbe644",
        "value": "DbELsO-nzUgWsxOv5jFLdPDC_qJLlF4sbTEFXb_Bc4vThvJMQ5Mb69zy9pKdGe0fCbKzWFGT9pMSiqTMPYgEjBtQ6jFAjcA9b7YKmJ8COL0WRQk_pamQEbQiXT7OBQrYl78qqJQim1Rem3XuIdKTqtKXLgyM4JYpLmSghGkluwsaZEcRbbXoVOmc6u-BikpbEbJxhv-qsibDKDGkuybSRe5n0taHxBRDO-rakdB4vkGNXU33Z_KszRyI4VMNzUba5vngz7LA-rhL39nBJzNIXtmkEqQig4G50FId7w61XsrDu0TKF8i0-D-Sa_klzDrtQ-Mx5vnDqhrCrOUxgohkfA"
      }
    },
    {
      "RequestUri": "https://REDACTED1.vault.azure.net/keys/GetCryptoFromKeyVersionRemoteEncrypt-233/22a744c9a3ce42ec8dc8c8f6ddcbe644/decrypt?api-version=7.3",
      "RequestMethod": "POST",
      "RequestHeaders": {
        "Accept": "application/json",
        "Authorization": "Sanitized",
        "Connection": "keep-alive",
        "Content-Length": "371",
        "Content-Type": "application/json",
        "User-Agent": "azsdk-cpp-keyvault-keys/4.4.0-beta.1 (Windows 10 Enterprise 6.3 22621 22621.1.amd64fre.ni_release.220506-1250)",
        "x-ms-client-request-id": "16adba82-3c18-45dc-795d-e4050f628745"
      },
      "RequestBody": {
        "alg": "RSA-OAEP",
        "value": "DbELsO-nzUgWsxOv5jFLdPDC_qJLlF4sbTEFXb_Bc4vThvJMQ5Mb69zy9pKdGe0fCbKzWFGT9pMSiqTMPYgEjBtQ6jFAjcA9b7YKmJ8COL0WRQk_pamQEbQiXT7OBQrYl78qqJQim1Rem3XuIdKTqtKXLgyM4JYpLmSghGkluwsaZEcRbbXoVOmc6u-BikpbEbJxhv-qsibDKDGkuybSRe5n0taHxBRDO-rakdB4vkGNXU33Z_KszRyI4VMNzUba5vngz7LA-rhL39nBJzNIXtmkEqQig4G50FId7w61XsrDu0TKF8i0-D-Sa_klzDrtQ-Mx5vnDqhrCrOUxgohkfA"
      },
      "StatusCode": 200,
      "ResponseHeaders": {
        "Cache-Control": "no-cache",
        "Content-Length": "171",
        "Content-Type": "application/json; charset=utf-8",
        "Date": "Mon, 14 Nov 2022 22:00:07 GMT",
        "Expires": "-1",
        "Pragma": "no-cache",
        "Strict-Transport-Security": "max-age=31536000;includeSubDomains",
        "X-Content-Type-Options": "nosniff",
        "x-ms-client-request-id": "16adba82-3c18-45dc-795d-e4050f628745",
        "x-ms-keyvault-network-info": "conn_type=Ipv4;addr=24.22.157.72;act_addr_fam=InterNetwork;",
        "x-ms-keyvault-region": "westus3",
        "x-ms-keyvault-service-version": "1.9.576.1",
        "x-ms-request-id": "9057b65f-d93e-4665-8275-66fb82584f2d"
      },
      "ResponseBody": {
        "kid": "https://REDACTED1.vault.azure.net/keys/GetCryptoFromKeyVersionRemoteEncrypt-233/22a744c9a3ce42ec8dc8c8f6ddcbe644",
        "value": "QSBzaW5nbGUgYmxvY2sgb2YgcGxhaW50ZXh0AA"
      }
    }
  ],
  "Variables": {}
}
