{
  "Entries": [
    {
      "RequestUri": "https://REDACTED.vault.azure.net/keys/GetCryptoFromKeyRemoteEncrypt-987/create?api-version=7.3",
      "RequestMethod": "POST",
      "RequestHeaders": {
        "Authorization": "Sanitized",
        "Content-Length": "31",
        "Content-Type": "application/json",
        "User-Agent": "azsdk-cpp-keyvault-keys/4.4.0-beta.1 (Windows 10 Enterprise 6.3 22621 22621.1.amd64fre.ni_release.220506-1250)",
        "x-ms-client-request-id": "15a1549d-24f0-4c12-4582-3ecf5d7e3420"
      },
      "RequestBody": {
        "attributes": null,
        "kty": "RSA"
      },
      "StatusCode": 200,
      "ResponseHeaders": {
        "Cache-Control": "no-cache",
        "Content-Length": "716",
        "Content-Type": "application/json; charset=utf-8",
        "Date": "Mon, 21 Nov 2022 23:02:38 GMT",
        "Expires": "-1",
        "Pragma": "no-cache",
        "Strict-Transport-Security": "max-age=31536000;includeSubDomains",
        "X-Content-Type-Options": "nosniff",
        "x-ms-client-request-id": "15a1549d-24f0-4c12-4582-3ecf5d7e3420",
        "x-ms-keyvault-network-info": "conn_type=Ipv4;addr=24.22.157.72;act_addr_fam=InterNetwork;",
        "x-ms-keyvault-region": "westus3",
        "x-ms-keyvault-service-version": "1.9.576.1",
        "x-ms-request-id": "ee32cd3e-0cbe-4b10-8342-8a9b33b6944b"
      },
      "ResponseBody": {
        "key": {
          "kid": "https://REDACTED.vault.azure.net/keys/GetCryptoFromKeyRemoteEncrypt-987/b0c8a6faa1a74108a0e81c54657ddda2",
          "kty": "RSA",
          "key_ops": [
            "encrypt",
            "decrypt",
            "sign",
            "verify",
            "wrapKey",
            "unwrapKey"
          ],
          "n": "zQUva8i1HIAT2oIUhPxQiQdVI_WiGTNHsR48Y5F35qbnhzvBD_6pzRewIBaGlLNA2ef0J82hHQCDRmLpylHvcszdVgBuhOTMDbtnGDZ448XEe4lfmA_35qWQ4JeQN-CakkFTqIo7cSvcFAyO4oKcPVZatPKepDd33Io8mHRAmpw81XAr_YIE5bjRQKu9qMS5wcDmaAo55-ZjiA6ZBhjTMdAnmrA3xmR3JbJpn8DToljueGTekDdyRfejaHu_4fBr1ZXX9_QI-XoSt7xffxd0Ey1UgMl4E7rpLAcHoQJoRSa0hVN3_tc4AsWk3KkhZFxQRNa5Gif19QX65MQHyuhwWQ",
          "e": "AQAB"
        },
        "attributes": {
          "enabled": true,
          "created": 1669071758,
          "updated": 1669071758,
          "recoveryLevel": "Recoverable\u002BPurgeable",
          "recoverableDays": 90,
          "exportable": false
        }
      }
    },
    {
      "RequestUri": "https://REDACTED.vault.azure.net/keys/GetCryptoFromKeyRemoteEncrypt-987/encrypt?api-version=7.3",
      "RequestMethod": "POST",
      "RequestHeaders": {
        "Accept": "application/json",
        "Authorization": "Sanitized",
        "Content-Length": "67",
        "Content-Type": "application/json",
        "User-Agent": "azsdk-cpp-keyvault-keys/4.4.0-beta.1 (Windows 10 Enterprise 6.3 22621 22621.1.amd64fre.ni_release.220506-1250)",
        "x-ms-client-request-id": "2d3195e0-5558-460c-4e57-b8a5f89cae4b"
      },
      "RequestBody": {
        "alg": "RSA-OAEP",
        "value": "QSBzaW5nbGUgYmxvY2sgb2YgcGxhaW50ZXh0AA"
      },
      "StatusCode": 200,
      "ResponseHeaders": {
        "Cache-Control": "no-cache",
        "Content-Length": "467",
        "Content-Type": "application/json; charset=utf-8",
        "Date": "Mon, 21 Nov 2022 23:02:38 GMT",
        "Expires": "-1",
        "Pragma": "no-cache",
        "Strict-Transport-Security": "max-age=31536000;includeSubDomains",
        "X-Content-Type-Options": "nosniff",
        "x-ms-client-request-id": "2d3195e0-5558-460c-4e57-b8a5f89cae4b",
        "x-ms-keyvault-network-info": "conn_type=Ipv4;addr=24.22.157.72;act_addr_fam=InterNetwork;",
        "x-ms-keyvault-region": "westus3",
        "x-ms-keyvault-service-version": "1.9.576.1",
        "x-ms-request-id": "a29498ae-af7c-408f-a1a8-7afff0ad260b"
      },
      "ResponseBody": {
        "kid": "https://REDACTED.vault.azure.net/keys/GetCryptoFromKeyRemoteEncrypt-987/b0c8a6faa1a74108a0e81c54657ddda2",
        "value": "Z4pHtojtSPDdgOnWx_BYGI12vq2AxIyW2V5oat-rSlHGHq3X-wrsU25IyCHgtXEQqvfXRz0l1tQFShA7F6TN5exkBsablecXgCh4bbOzT_46nHRezPoSd2UZvl-qeuMz2eELoiXxgKK2XPm3OXLJlG9lnw4o4eV_OXXyqG6R6psvVDWJYP_QmiXMqGWxF6bkJTPX3iR6g0tpwJM9GWL0PTlPKkfR8Ed8uJ_imCbm2NtqqA8u3h1RDwDD3eLGrkYc47dAuJqkQ8Pfy3_WSCAHl-AzSLRkxUWZ3WLymQO-ktIpQhBPBw3UsAv5dbyJQDAqjPAZHFWAq2GLaasXIB3FTg"
      }
    },
    {
      "RequestUri": "https://REDACTED.vault.azure.net/keys/GetCryptoFromKeyRemoteEncrypt-987/decrypt?api-version=7.3",
      "RequestMethod": "POST",
      "RequestHeaders": {
        "Accept": "application/json",
        "Authorization": "Sanitized",
        "Content-Length": "371",
        "Content-Type": "application/json",
        "User-Agent": "azsdk-cpp-keyvault-keys/4.4.0-beta.1 (Windows 10 Enterprise 6.3 22621 22621.1.amd64fre.ni_release.220506-1250)",
        "x-ms-client-request-id": "6f656000-03b6-4183-75a1-aa1ca093f17a"
      },
      "RequestBody": {
        "alg": "RSA-OAEP",
        "value": "Z4pHtojtSPDdgOnWx_BYGI12vq2AxIyW2V5oat-rSlHGHq3X-wrsU25IyCHgtXEQqvfXRz0l1tQFShA7F6TN5exkBsablecXgCh4bbOzT_46nHRezPoSd2UZvl-qeuMz2eELoiXxgKK2XPm3OXLJlG9lnw4o4eV_OXXyqG6R6psvVDWJYP_QmiXMqGWxF6bkJTPX3iR6g0tpwJM9GWL0PTlPKkfR8Ed8uJ_imCbm2NtqqA8u3h1RDwDD3eLGrkYc47dAuJqkQ8Pfy3_WSCAHl-AzSLRkxUWZ3WLymQO-ktIpQhBPBw3UsAv5dbyJQDAqjPAZHFWAq2GLaasXIB3FTg"
      },
      "StatusCode": 200,
      "ResponseHeaders": {
        "Cache-Control": "no-cache",
        "Content-Length": "163",
        "Content-Type": "application/json; charset=utf-8",
        "Date": "Mon, 21 Nov 2022 23:02:38 GMT",
        "Expires": "-1",
        "Pragma": "no-cache",
        "Strict-Transport-Security": "max-age=31536000;includeSubDomains",
        "X-Content-Type-Options": "nosniff",
        "x-ms-client-request-id": "6f656000-03b6-4183-75a1-aa1ca093f17a",
        "x-ms-keyvault-network-info": "conn_type=Ipv4;addr=24.22.157.72;act_addr_fam=InterNetwork;",
        "x-ms-keyvault-region": "westus3",
        "x-ms-keyvault-service-version": "1.9.576.1",
        "x-ms-request-id": "632ec677-9445-4b09-ac98-db34d86aebb0"
      },
      "ResponseBody": {
        "kid": "https://REDACTED.vault.azure.net/keys/GetCryptoFromKeyRemoteEncrypt-987/b0c8a6faa1a74108a0e81c54657ddda2",
        "value": "QSBzaW5nbGUgYmxvY2sgb2YgcGxhaW50ZXh0AA"
      }
    }
  ],
  "Variables": {}
}
