{
  "Entries": [
    {
      "RequestUri": "https://REDACTED1.vault.azure.net/keys/CreateDeletedKey/create?api-version=7.3",
      "RequestMethod": "POST",
      "RequestHeaders": {
        "Authorization": "Sanitized",
        "Content-Length": "30",
        "Content-Type": "application/json",
        "User-Agent": "azsdk-cpp-keyvault-keys/4.4.0-beta.1 (Windows 10 Enterprise 6.3 22621 22621.1.amd64fre.ni_release.220506-1250)",
        "x-ms-client-request-id": "86487182-74a9-4d45-5551-496fad585992"
      },
      "RequestBody": {
        "attributes": null,
        "kty": "EC"
      },
      "StatusCode": 200,
      "ResponseHeaders": {
        "Cache-Control": "no-cache",
        "Content-Length": "411",
        "Content-Type": "application/json; charset=utf-8",
        "Date": "Thu, 17 Nov 2022 19:51:06 GMT",
        "Expires": "-1",
        "Pragma": "no-cache",
        "Strict-Transport-Security": "max-age=31536000;includeSubDomains",
        "X-Content-Type-Options": "nosniff",
        "x-ms-client-request-id": "86487182-74a9-4d45-5551-496fad585992",
        "x-ms-keyvault-network-info": "conn_type=Ipv4;addr=24.22.157.72;act_addr_fam=InterNetwork;",
        "x-ms-keyvault-region": "westus3",
        "x-ms-keyvault-service-version": "1.9.576.1",
        "x-ms-request-id": "c67c4c52-f5cd-4121-82b3-965b46946d11"
      },
      "ResponseBody": {
        "key": {
          "kid": "https://REDACTED1.vault.azure.net/keys/CreateDeletedKey/18c8dc62eeeb4c94ba6c311d6146af8c",
          "kty": "EC",
          "key_ops": [
            "sign",
            "verify"
          ],
          "crv": "P-256",
          "x": "XmdZGhlt8AVGUXp4SZCSnyfBfcr2STOSbcG3O_Q7Krs",
          "y": "ozERTE-OJmwhdPgrQkT3RIbOmF9Hy2sRYSwpDO3-3Kk"
        },
        "attributes": {
          "enabled": true,
          "created": 1668714667,
          "updated": 1668714667,
          "recoveryLevel": "Recoverable\u002BPurgeable",
          "recoverableDays": 90,
          "exportable": false
        }
      }
    },
    {
      "RequestUri": "https://REDACTED1.vault.azure.net/keys/CreateDeletedKey?api-version=7.3",
      "RequestMethod": "DELETE",
      "RequestHeaders": {
        "Authorization": "Sanitized",
        "Content-Length": "0",
        "User-Agent": "azsdk-cpp-keyvault-keys/4.4.0-beta.1 (Windows 10 Enterprise 6.3 22621 22621.1.amd64fre.ni_release.220506-1250)",
        "x-ms-client-request-id": "b1cf4dee-d655-4597-59e5-9cdab92ffb85"
      },
      "RequestBody": null,
      "StatusCode": 200,
      "ResponseHeaders": {
        "Cache-Control": "no-cache",
        "Content-Length": "546",
        "Content-Type": "application/json; charset=utf-8",
        "Date": "Thu, 17 Nov 2022 19:51:08 GMT",
        "Expires": "-1",
        "Pragma": "no-cache",
        "Strict-Transport-Security": "max-age=31536000;includeSubDomains",
        "X-Content-Type-Options": "nosniff",
        "x-ms-client-request-id": "b1cf4dee-d655-4597-59e5-9cdab92ffb85",
        "x-ms-keyvault-network-info": "conn_type=Ipv4;addr=24.22.157.72;act_addr_fam=InterNetwork;",
        "x-ms-keyvault-region": "westus3",
        "x-ms-keyvault-service-version": "1.9.576.1",
        "x-ms-request-id": "2af50ef6-357f-4ab9-9b23-617e61e59493"
      },
      "ResponseBody": {
        "recoveryId": "https://REDACTED1.vault.azure.net/deletedkeys/CreateDeletedKey",
        "deletedDate": 1668714667,
        "scheduledPurgeDate": 1676490667,
        "key": {
          "kid": "https://REDACTED1.vault.azure.net/keys/CreateDeletedKey/18c8dc62eeeb4c94ba6c311d6146af8c",
          "kty": "EC",
          "key_ops": [
            "sign",
            "verify"
          ],
          "crv": "P-256",
          "x": "XmdZGhlt8AVGUXp4SZCSnyfBfcr2STOSbcG3O_Q7Krs",
          "y": "ozERTE-OJmwhdPgrQkT3RIbOmF9Hy2sRYSwpDO3-3Kk"
        },
        "attributes": {
          "enabled": true,
          "created": 1668714667,
          "updated": 1668714667,
          "recoveryLevel": "Recoverable\u002BPurgeable",
          "recoverableDays": 90,
          "exportable": false
        }
      }
    },
    {
      "RequestUri": "https://REDACTED1.vault.azure.net/deletedkeys/CreateDeletedKey?api-version=7.3",
      "RequestMethod": "GET",
      "RequestHeaders": {
        "Authorization": "Sanitized",
        "Content-Length": "0",
        "User-Agent": "azsdk-cpp-keyvault-keys/4.4.0-beta.1 (Windows 10 Enterprise 6.3 22621 22621.1.amd64fre.ni_release.220506-1250)",
        "x-ms-client-request-id": "31a4b7ba-6301-493e-4299-8fd242bf2e00"
      },
      "RequestBody": null,
      "StatusCode": 404,
      "ResponseHeaders": {
        "Cache-Control": "no-cache",
        "Content-Length": "84",
        "Content-Type": "application/json; charset=utf-8",
        "Date": "Thu, 17 Nov 2022 19:51:08 GMT",
        "Expires": "-1",
        "Pragma": "no-cache",
        "Strict-Transport-Security": "max-age=31536000;includeSubDomains",
        "X-Content-Type-Options": "nosniff",
        "x-ms-client-request-id": "31a4b7ba-6301-493e-4299-8fd242bf2e00",
        "x-ms-keyvault-network-info": "conn_type=Ipv4;addr=24.22.157.72;act_addr_fam=InterNetwork;",
        "x-ms-keyvault-region": "westus3",
        "x-ms-keyvault-service-version": "1.9.576.1",
        "x-ms-request-id": "c8838f06-0214-499e-8016-3c1c10b55a14"
      },
      "ResponseBody": {
        "error": {
          "code": "KeyNotFound",
          "message": "Deleted Key not found: CreateDeletedKey"
        }
      }
    },
    {
      "RequestUri": "https://REDACTED1.vault.azure.net/deletedkeys/CreateDeletedKey?api-version=7.3",
      "RequestMethod": "GET",
      "RequestHeaders": {
        "Authorization": "Sanitized",
        "Content-Length": "0",
        "User-Agent": "azsdk-cpp-keyvault-keys/4.4.0-beta.1 (Windows 10 Enterprise 6.3 22621 22621.1.amd64fre.ni_release.220506-1250)",
        "x-ms-client-request-id": "fa40e143-da43-4982-6098-45cae1916457"
      },
      "RequestBody": null,
      "StatusCode": 200,
      "ResponseHeaders": {
        "Cache-Control": "no-cache",
        "Content-Length": "546",
        "Content-Type": "application/json; charset=utf-8",
        "Date": "Thu, 17 Nov 2022 19:52:08 GMT",
        "Expires": "-1",
        "Pragma": "no-cache",
        "Strict-Transport-Security": "max-age=31536000;includeSubDomains",
        "X-Content-Type-Options": "nosniff",
        "x-ms-client-request-id": "fa40e143-da43-4982-6098-45cae1916457",
        "x-ms-keyvault-network-info": "conn_type=Ipv4;addr=24.22.157.72;act_addr_fam=InterNetwork;",
        "x-ms-keyvault-region": "westus3",
        "x-ms-keyvault-service-version": "1.9.576.1",
        "x-ms-request-id": "1092e00a-0ec4-412b-8777-f88206f47f17"
      },
      "ResponseBody": {
        "recoveryId": "https://REDACTED1.vault.azure.net/deletedkeys/CreateDeletedKey",
        "deletedDate": 1668714667,
        "scheduledPurgeDate": 1676490667,
        "key": {
          "kid": "https://REDACTED1.vault.azure.net/keys/CreateDeletedKey/18c8dc62eeeb4c94ba6c311d6146af8c",
          "kty": "EC",
          "key_ops": [
            "sign",
            "verify"
          ],
          "crv": "P-256",
          "x": "XmdZGhlt8AVGUXp4SZCSnyfBfcr2STOSbcG3O_Q7Krs",
          "y": "ozERTE-OJmwhdPgrQkT3RIbOmF9Hy2sRYSwpDO3-3Kk"
        },
        "attributes": {
          "enabled": true,
          "created": 1668714667,
          "updated": 1668714667,
          "recoveryLevel": "Recoverable\u002BPurgeable",
          "recoverableDays": 90,
          "exportable": false
        }
      }
    },
    {
      "RequestUri": "https://REDACTED1.vault.azure.net/keys/CreateDeletedKey/create?api-version=7.3",
      "RequestMethod": "POST",
      "RequestHeaders": {
        "Authorization": "Sanitized",
        "Content-Length": "30",
        "Content-Type": "application/json",
        "User-Agent": "azsdk-cpp-keyvault-keys/4.4.0-beta.1 (Windows 10 Enterprise 6.3 22621 22621.1.amd64fre.ni_release.220506-1250)",
        "x-ms-client-request-id": "9e65db84-3415-401a-435d-2e5ce2e3f497"
      },
      "RequestBody": {
        "attributes": null,
        "kty": "EC"
      },
      "StatusCode": 409,
      "ResponseHeaders": {
        "Cache-Control": "no-cache",
        "Content-Length": "252",
        "Content-Type": "application/json; charset=utf-8",
        "Date": "Thu, 17 Nov 2022 19:52:08 GMT",
        "Expires": "-1",
        "Pragma": "no-cache",
        "Strict-Transport-Security": "max-age=31536000;includeSubDomains",
        "X-Content-Type-Options": "nosniff",
        "x-ms-client-request-id": "9e65db84-3415-401a-435d-2e5ce2e3f497",
        "x-ms-keyvault-network-info": "conn_type=Ipv4;addr=24.22.157.72;act_addr_fam=InterNetwork;",
        "x-ms-keyvault-region": "westus3",
        "x-ms-keyvault-service-version": "1.9.576.1",
        "x-ms-request-id": "b6e25801-e05b-4a56-81a7-fa576e0083cc"
      },
      "ResponseBody": {
        "error": {
          "code": "Conflict",
          "message": "Key CreateDeletedKey is currently in a deleted but recoverable state, and its name cannot be reused; in this state, the key can only be recovered or purged.",
          "innererror": {
            "code": "ObjectIsDeletedButRecoverable"
          }
        }
      }
    }
  ],
  "Variables": {}
}
