{
  "Entries": [
    {
      "RequestUri": "https://REDACTED1.vault.azure.net/keys/RotateKey/create?api-version=7.3",
      "RequestMethod": "POST",
      "RequestHeaders": {
        "Authorization": "Sanitized",
        "Connection": "keep-alive",
        "Content-Length": "30",
        "Content-Type": "application/json",
        "User-Agent": "azsdk-cpp-keyvault-keys/4.4.0-beta.1 (Windows 10 Enterprise 6.3 22621 22621.1.amd64fre.ni_release.220506-1250)",
        "x-ms-client-request-id": "4fe56174-bbbe-483d-6943-fbeef027042d"
      },
      "RequestBody": {
        "attributes": null,
        "kty": "EC"
      },
      "StatusCode": 200,
      "ResponseHeaders": {
        "Cache-Control": "no-cache",
        "Content-Length": "421",
        "Content-Type": "application/json; charset=utf-8",
        "Date": "Mon, 14 Nov 2022 21:58:36 GMT",
        "Expires": "-1",
        "Pragma": "no-cache",
        "Strict-Transport-Security": "max-age=31536000;includeSubDomains",
        "X-Content-Type-Options": "nosniff",
        "x-ms-client-request-id": "4fe56174-bbbe-483d-6943-fbeef027042d",
        "x-ms-keyvault-network-info": "conn_type=Ipv4;addr=24.22.157.72;act_addr_fam=InterNetwork;",
        "x-ms-keyvault-region": "westus3",
        "x-ms-keyvault-service-version": "1.9.576.1",
        "x-ms-request-id": "34112d77-3dba-41f9-b69c-b5fb13aa8ef6"
      },
      "ResponseBody": {
        "key": {
          "kid": "https://REDACTED1.vault.azure.net/keys/RotateKey/b99c065c202d4399b7e02d5e305a81fd",
          "kty": "EC",
          "key_ops": [
            "sign",
            "verify"
          ],
          "crv": "P-256",
          "x": "Ro-QyN6kyQ51bSPwrrmxHGAR5PYRYYKeSJ8MWndkiQk",
          "y": "xqmY2QvaCo1JHvxNRFbcxghIu_z7rHBXEydsH7lLLkI"
        },
        "attributes": {
          "enabled": true,
          "exp": 1794693517,
          "created": 1668463117,
          "updated": 1668463117,
          "recoveryLevel": "Recoverable\u002BPurgeable",
          "recoverableDays": 90,
          "exportable": false
        }
      }
    },
    {
      "RequestUri": "https://REDACTED1.vault.azure.net/keys/RotateKey/rotationpolicy?api-version=7.3",
      "RequestMethod": "PUT",
      "RequestHeaders": {
        "Authorization": "Sanitized",
        "Connection": "keep-alive",
        "Content-Length": "189",
        "Content-Type": "application/json",
        "User-Agent": "azsdk-cpp-keyvault-keys/4.4.0-beta.1 (Windows 10 Enterprise 6.3 22621 22621.1.amd64fre.ni_release.220506-1250)",
        "x-ms-client-request-id": "cc775c29-9723-4918-4d36-b01a522c9088"
      },
      "RequestBody": {
        "attributes": {
          "expiryTime": "P48M"
        },
        "lifetimeActions": [
          {
            "action": {
              "type": "rotate"
            },
            "trigger": {
              "timeAfterCreate": "P18M"
            }
          },
          {
            "action": {
              "type": "notify"
            },
            "trigger": {
              "timeBeforeExpiry": "P30D"
            }
          }
        ]
      },
      "StatusCode": 200,
      "ResponseHeaders": {
        "Cache-Control": "no-cache",
        "Content-Length": "302",
        "Content-Type": "application/json; charset=utf-8",
        "Date": "Mon, 14 Nov 2022 21:58:37 GMT",
        "Expires": "-1",
        "Pragma": "no-cache",
        "Strict-Transport-Security": "max-age=31536000;includeSubDomains",
        "X-Content-Type-Options": "nosniff",
        "x-ms-client-request-id": "cc775c29-9723-4918-4d36-b01a522c9088",
        "x-ms-keyvault-network-info": "conn_type=Ipv4;addr=24.22.157.72;act_addr_fam=InterNetwork;",
        "x-ms-keyvault-region": "westus3",
        "x-ms-keyvault-service-version": "1.9.576.1",
        "x-ms-request-id": "0fd694d4-dd41-4129-8817-1ad0fab4de50"
      },
      "ResponseBody": {
        "id": "https://REDACTED1.vault.azure.net/keys/RotateKey/rotationpolicy",
        "lifetimeActions": [
          {
            "trigger": {
              "timeAfterCreate": "P18M"
            },
            "action": {
              "type": "Rotate"
            }
          },
          {
            "trigger": {
              "timeBeforeExpiry": "P30D"
            },
            "action": {
              "type": "Notify"
            }
          }
        ],
        "attributes": {
          "expiryTime": "P48M",
          "created": 1651182792,
          "updated": 1651182792
        }
      }
    },
    {
      "RequestUri": "https://REDACTED1.vault.azure.net/keys/RotateKey?api-version=7.3",
      "RequestMethod": "GET",
      "RequestHeaders": {
        "Authorization": "Sanitized",
        "Connection": "keep-alive",
        "User-Agent": "azsdk-cpp-keyvault-keys/4.4.0-beta.1 (Windows 10 Enterprise 6.3 22621 22621.1.amd64fre.ni_release.220506-1250)",
        "x-ms-client-request-id": "3ffd2fec-5d9e-48d4-6e29-4e0bee85d627"
      },
      "RequestBody": null,
      "StatusCode": 200,
      "ResponseHeaders": {
        "Cache-Control": "no-cache",
        "Content-Length": "421",
        "Content-Type": "application/json; charset=utf-8",
        "Date": "Mon, 14 Nov 2022 21:58:37 GMT",
        "Expires": "-1",
        "Pragma": "no-cache",
        "Strict-Transport-Security": "max-age=31536000;includeSubDomains",
        "X-Content-Type-Options": "nosniff",
        "x-ms-client-request-id": "3ffd2fec-5d9e-48d4-6e29-4e0bee85d627",
        "x-ms-keyvault-network-info": "conn_type=Ipv4;addr=24.22.157.72;act_addr_fam=InterNetwork;",
        "x-ms-keyvault-region": "westus3",
        "x-ms-keyvault-service-version": "1.9.576.1",
        "x-ms-request-id": "07c55889-2734-4407-b448-76002f801794"
      },
      "ResponseBody": {
        "key": {
          "kid": "https://REDACTED1.vault.azure.net/keys/RotateKey/b99c065c202d4399b7e02d5e305a81fd",
          "kty": "EC",
          "key_ops": [
            "sign",
            "verify"
          ],
          "crv": "P-256",
          "x": "Ro-QyN6kyQ51bSPwrrmxHGAR5PYRYYKeSJ8MWndkiQk",
          "y": "xqmY2QvaCo1JHvxNRFbcxghIu_z7rHBXEydsH7lLLkI"
        },
        "attributes": {
          "enabled": true,
          "exp": 1794693517,
          "created": 1668463117,
          "updated": 1668463117,
          "recoveryLevel": "Recoverable\u002BPurgeable",
          "recoverableDays": 90,
          "exportable": false
        }
      }
    },
    {
      "RequestUri": "https://REDACTED1.vault.azure.net/keys/RotateKey/rotate?api-version=7.3",
      "RequestMethod": "POST",
      "RequestHeaders": {
        "Authorization": "Sanitized",
        "Connection": "keep-alive",
        "Content-Length": "0",
        "User-Agent": "azsdk-cpp-keyvault-keys/4.4.0-beta.1 (Windows 10 Enterprise 6.3 22621 22621.1.amd64fre.ni_release.220506-1250)",
        "x-ms-client-request-id": "957d65da-929c-46ad-6696-aec0edc3a7e3"
      },
      "RequestBody": null,
      "StatusCode": 200,
      "ResponseHeaders": {
        "Cache-Control": "no-cache",
        "Content-Length": "421",
        "Content-Type": "application/json; charset=utf-8",
        "Date": "Mon, 14 Nov 2022 21:58:37 GMT",
        "Expires": "-1",
        "Pragma": "no-cache",
        "Strict-Transport-Security": "max-age=31536000;includeSubDomains",
        "X-Content-Type-Options": "nosniff",
        "x-ms-client-request-id": "957d65da-929c-46ad-6696-aec0edc3a7e3",
        "x-ms-keyvault-network-info": "conn_type=Ipv4;addr=24.22.157.72;act_addr_fam=InterNetwork;",
        "x-ms-keyvault-region": "westus3",
        "x-ms-keyvault-service-version": "1.9.576.1",
        "x-ms-request-id": "9db323f2-fda4-46a5-8133-b8a610424719"
      },
      "ResponseBody": {
        "key": {
          "kid": "https://REDACTED1.vault.azure.net/keys/RotateKey/d3f2294058874652afcac87f532bacfc",
          "kty": "EC",
          "key_ops": [
            "sign",
            "verify"
          ],
          "crv": "P-256",
          "x": "32OFCgwXss3l2Goxl9ERTPrTJE7yBkDs6ii3xZjGiCs",
          "y": "B6k-WaTv--SiECeNwBp3T7Rc71POp1flAd5y66VJK7c"
        },
        "attributes": {
          "enabled": true,
          "exp": 1794693517,
          "created": 1668463117,
          "updated": 1668463117,
          "recoveryLevel": "Recoverable\u002BPurgeable",
          "recoverableDays": 90,
          "exportable": false
        }
      }
    }
  ],
  "Variables": {}
}
