{
  "Entries": [
    {
      "RequestUri": "https://REDACTED.vault.azure.net/keys/DeleteKey/create?api-version=7.3",
      "RequestMethod": "POST",
      "RequestHeaders": {
        "Authorization": "Sanitized",
        "Content-Length": "30",
        "Content-Type": "application/json",
        "User-Agent": "azsdk-cpp-keyvault-keys/4.4.0-beta.1 (Windows 10 Enterprise 6.3 22621 22621.1.amd64fre.ni_release.220506-1250)",
        "x-ms-client-request-id": "d5e6e02a-b14c-49a9-4bde-6a34f49b5abb"
      },
      "RequestBody": {
        "attributes": null,
        "kty": "EC"
      },
      "StatusCode": 200,
      "ResponseHeaders": {
        "Cache-Control": "no-cache",
        "Content-Length": "403",
        "Content-Type": "application/json; charset=utf-8",
        "Date": "Mon, 21 Nov 2022 22:49:16 GMT",
        "Expires": "-1",
        "Pragma": "no-cache",
        "Strict-Transport-Security": "max-age=31536000;includeSubDomains",
        "X-Content-Type-Options": "nosniff",
        "x-ms-client-request-id": "d5e6e02a-b14c-49a9-4bde-6a34f49b5abb",
        "x-ms-keyvault-network-info": "conn_type=Ipv4;addr=24.22.157.72;act_addr_fam=InterNetwork;",
        "x-ms-keyvault-region": "westus3",
        "x-ms-keyvault-service-version": "1.9.576.1",
        "x-ms-request-id": "5d8f51f2-108c-4ad9-b10b-75ef8074c801"
      },
      "ResponseBody": {
        "key": {
          "kid": "https://REDACTED.vault.azure.net/keys/DeleteKey/64e69b209fe849e5bc453282eb34c88c",
          "kty": "EC",
          "key_ops": [
            "sign",
            "verify"
          ],
          "crv": "P-256",
          "x": "pFabBGksOAxcTLt--tcTEidk04TWAozkEcLSbCS-zio",
          "y": "keMFHWD2ayX3JjrG4hSf61Zc533Y281brwrbixZ9rG4"
        },
        "attributes": {
          "enabled": true,
          "created": 1669070957,
          "updated": 1669070957,
          "recoveryLevel": "Recoverable\u002BPurgeable",
          "recoverableDays": 90,
          "exportable": false
        }
      }
    },
    {
      "RequestUri": "https://REDACTED.vault.azure.net/keys/DeleteKey?api-version=7.3",
      "RequestMethod": "DELETE",
      "RequestHeaders": {
        "Authorization": "Sanitized",
        "Content-Length": "0",
        "User-Agent": "azsdk-cpp-keyvault-keys/4.4.0-beta.1 (Windows 10 Enterprise 6.3 22621 22621.1.amd64fre.ni_release.220506-1250)",
        "x-ms-client-request-id": "cb7fe5c4-0a36-41a0-7d86-bc8b92bb52ab"
      },
      "RequestBody": null,
      "StatusCode": 200,
      "ResponseHeaders": {
        "Cache-Control": "no-cache",
        "Content-Length": "530",
        "Content-Type": "application/json; charset=utf-8",
        "Date": "Mon, 21 Nov 2022 22:49:17 GMT",
        "Expires": "-1",
        "Pragma": "no-cache",
        "Strict-Transport-Security": "max-age=31536000;includeSubDomains",
        "X-Content-Type-Options": "nosniff",
        "x-ms-client-request-id": "cb7fe5c4-0a36-41a0-7d86-bc8b92bb52ab",
        "x-ms-keyvault-network-info": "conn_type=Ipv4;addr=24.22.157.72;act_addr_fam=InterNetwork;",
        "x-ms-keyvault-region": "westus3",
        "x-ms-keyvault-service-version": "1.9.576.1",
        "x-ms-request-id": "0d31188f-d0a4-44c5-9a72-ae227a53c589"
      },
      "ResponseBody": {
        "recoveryId": "https://REDACTED.vault.azure.net/deletedkeys/DeleteKey",
        "deletedDate": 1669070957,
        "scheduledPurgeDate": 1676846957,
        "key": {
          "kid": "https://REDACTED.vault.azure.net/keys/DeleteKey/64e69b209fe849e5bc453282eb34c88c",
          "kty": "EC",
          "key_ops": [
            "sign",
            "verify"
          ],
          "crv": "P-256",
          "x": "pFabBGksOAxcTLt--tcTEidk04TWAozkEcLSbCS-zio",
          "y": "keMFHWD2ayX3JjrG4hSf61Zc533Y281brwrbixZ9rG4"
        },
        "attributes": {
          "enabled": true,
          "created": 1669070957,
          "updated": 1669070957,
          "recoveryLevel": "Recoverable\u002BPurgeable",
          "recoverableDays": 90,
          "exportable": false
        }
      }
    },
    {
      "RequestUri": "https://REDACTED.vault.azure.net/deletedkeys/DeleteKey?api-version=7.3",
      "RequestMethod": "GET",
      "RequestHeaders": {
        "Authorization": "Sanitized",
        "Content-Length": "0",
        "User-Agent": "azsdk-cpp-keyvault-keys/4.4.0-beta.1 (Windows 10 Enterprise 6.3 22621 22621.1.amd64fre.ni_release.220506-1250)",
        "x-ms-client-request-id": "1737463d-a115-4eb2-6e22-5dcec7ae8f67"
      },
      "RequestBody": null,
      "StatusCode": 404,
      "ResponseHeaders": {
        "Cache-Control": "no-cache",
        "Content-Length": "77",
        "Content-Type": "application/json; charset=utf-8",
        "Date": "Mon, 21 Nov 2022 22:49:17 GMT",
        "Expires": "-1",
        "Pragma": "no-cache",
        "Strict-Transport-Security": "max-age=31536000;includeSubDomains",
        "X-Content-Type-Options": "nosniff",
        "x-ms-client-request-id": "1737463d-a115-4eb2-6e22-5dcec7ae8f67",
        "x-ms-keyvault-network-info": "conn_type=Ipv4;addr=24.22.157.72;act_addr_fam=InterNetwork;",
        "x-ms-keyvault-region": "westus3",
        "x-ms-keyvault-service-version": "1.9.576.1",
        "x-ms-request-id": "be277482-f137-4595-ba0e-33235d2ba3f6"
      },
      "ResponseBody": {
        "error": {
          "code": "KeyNotFound",
          "message": "Deleted Key not found: DeleteKey"
        }
      }
    },
    {
      "RequestUri": "https://REDACTED.vault.azure.net/deletedkeys/DeleteKey?api-version=7.3",
      "RequestMethod": "GET",
      "RequestHeaders": {
        "Authorization": "Sanitized",
        "Content-Length": "0",
        "User-Agent": "azsdk-cpp-keyvault-keys/4.4.0-beta.1 (Windows 10 Enterprise 6.3 22621 22621.1.amd64fre.ni_release.220506-1250)",
        "x-ms-client-request-id": "29838771-3943-4187-7e2f-7e6f7090d5a1"
      },
      "RequestBody": null,
      "StatusCode": 200,
      "ResponseHeaders": {
        "Cache-Control": "no-cache",
        "Content-Length": "530",
        "Content-Type": "application/json; charset=utf-8",
        "Date": "Mon, 21 Nov 2022 22:50:17 GMT",
        "Expires": "-1",
        "Pragma": "no-cache",
        "Strict-Transport-Security": "max-age=31536000;includeSubDomains",
        "X-Content-Type-Options": "nosniff",
        "x-ms-client-request-id": "29838771-3943-4187-7e2f-7e6f7090d5a1",
        "x-ms-keyvault-network-info": "conn_type=Ipv4;addr=24.22.157.72;act_addr_fam=InterNetwork;",
        "x-ms-keyvault-region": "westus3",
        "x-ms-keyvault-service-version": "1.9.576.1",
        "x-ms-request-id": "d71bad19-3e0b-4b5c-a683-297efdfc773a"
      },
      "ResponseBody": {
        "recoveryId": "https://REDACTED.vault.azure.net/deletedkeys/DeleteKey",
        "deletedDate": 1669070957,
        "scheduledPurgeDate": 1676846957,
        "key": {
          "kid": "https://REDACTED.vault.azure.net/keys/DeleteKey/64e69b209fe849e5bc453282eb34c88c",
          "kty": "EC",
          "key_ops": [
            "sign",
            "verify"
          ],
          "crv": "P-256",
          "x": "pFabBGksOAxcTLt--tcTEidk04TWAozkEcLSbCS-zio",
          "y": "keMFHWD2ayX3JjrG4hSf61Zc533Y281brwrbixZ9rG4"
        },
        "attributes": {
          "enabled": true,
          "created": 1669070957,
          "updated": 1669070957,
          "recoveryLevel": "Recoverable\u002BPurgeable",
          "recoverableDays": 90,
          "exportable": false
        }
      }
    },
    {
      "RequestUri": "https://REDACTED.vault.azure.net/deletedkeys/DeleteKey?api-version=7.3",
      "RequestMethod": "GET",
      "RequestHeaders": {
        "Authorization": "Sanitized",
        "Content-Length": "0",
        "User-Agent": "azsdk-cpp-keyvault-keys/4.4.0-beta.1 (Windows 10 Enterprise 6.3 22621 22621.1.amd64fre.ni_release.220506-1250)",
        "x-ms-client-request-id": "96208160-aafa-4127-719d-9592ed925311"
      },
      "RequestBody": null,
      "StatusCode": 200,
      "ResponseHeaders": {
        "Cache-Control": "no-cache",
        "Content-Length": "530",
        "Content-Type": "application/json; charset=utf-8",
        "Date": "Mon, 21 Nov 2022 22:50:17 GMT",
        "Expires": "-1",
        "Pragma": "no-cache",
        "Strict-Transport-Security": "max-age=31536000;includeSubDomains",
        "X-Content-Type-Options": "nosniff",
        "x-ms-client-request-id": "96208160-aafa-4127-719d-9592ed925311",
        "x-ms-keyvault-network-info": "conn_type=Ipv4;addr=24.22.157.72;act_addr_fam=InterNetwork;",
        "x-ms-keyvault-region": "westus3",
        "x-ms-keyvault-service-version": "1.9.576.1",
        "x-ms-request-id": "714192c0-5f29-43fb-bc31-5d37121ab98d"
      },
      "ResponseBody": {
        "recoveryId": "https://REDACTED.vault.azure.net/deletedkeys/DeleteKey",
        "deletedDate": 1669070957,
        "scheduledPurgeDate": 1676846957,
        "key": {
          "kid": "https://REDACTED.vault.azure.net/keys/DeleteKey/64e69b209fe849e5bc453282eb34c88c",
          "kty": "EC",
          "key_ops": [
            "sign",
            "verify"
          ],
          "crv": "P-256",
          "x": "pFabBGksOAxcTLt--tcTEidk04TWAozkEcLSbCS-zio",
          "y": "keMFHWD2ayX3JjrG4hSf61Zc533Y281brwrbixZ9rG4"
        },
        "attributes": {
          "enabled": true,
          "created": 1669070957,
          "updated": 1669070957,
          "recoveryLevel": "Recoverable\u002BPurgeable",
          "recoverableDays": 90,
          "exportable": false
        }
      }
    }
  ],
  "Variables": {}
}
