{
  "Entries": [
    {
      "RequestUri": "https://REDACTED.blob.core.windows.net/datalakefileclienttestfileproperties?restype=container",
      "RequestMethod": "PUT",
      "RequestHeaders": {
        "Authorization": "Sanitized",
        "Content-Length": "0",
        "Expect": "100-continue",
        "User-Agent": "azsdk-cpp-storage-blobs/12.7.0-beta.1 (Windows 10 Enterprise 6.3 22621 22621.1.amd64fre.ni_release.220506-1250)",
        "x-ms-client-request-id": "23c3f0d8-4dbe-47c0-4129-db9a763e72e1",
        "x-ms-date": "Thu, 17 Nov 2022 20:59:30 GMT",
        "x-ms-version": "2021-04-10"
      },
      "RequestBody": null,
      "StatusCode": 201,
      "ResponseHeaders": {
        "Content-Length": "0",
        "Date": "Thu, 17 Nov 2022 20:59:28 GMT",
        "ETag": "\u00220x8DAC8DE9EA65BB1\u0022",
        "Last-Modified": "Thu, 17 Nov 2022 20:59:29 GMT",
        "Server": [
          "Windows-Azure-Blob/1.0",
          "Microsoft-HTTPAPI/2.0"
        ],
        "x-ms-client-request-id": "23c3f0d8-4dbe-47c0-4129-db9a763e72e1",
        "x-ms-request-id": "e1a8fa80-101e-00c9-3ac7-fa1084000000",
        "x-ms-version": "2021-04-10"
      },
      "ResponseBody": null
    },
    {
      "RequestUri": "https://REDACTED.dfs.core.windows.net/datalakefileclienttestfileproperties/datalakefileclienttestfileproperties?resource=file",
      "RequestMethod": "PUT",
      "RequestHeaders": {
        "Authorization": "Sanitized",
        "Content-Length": "0",
        "Expect": "100-continue",
        "If-None-Match": "*",
        "User-Agent": "azsdk-cpp-storage-files-datalake/12.5.0-beta.2 (Windows 10 Enterprise 6.3 22621 22621.1.amd64fre.ni_release.220506-1250)",
        "x-ms-client-request-id": "59033ac4-01f4-4541-50fe-654d5530a6cb",
        "x-ms-date": "Thu, 17 Nov 2022 20:59:30 GMT",
        "x-ms-version": "2021-06-08"
      },
      "RequestBody": null,
      "StatusCode": 201,
      "ResponseHeaders": {
        "Content-Length": "0",
        "Date": "Thu, 17 Nov 2022 20:59:28 GMT",
        "ETag": "\u00220x8DAC8DE9EB4445F\u0022",
        "Last-Modified": "Thu, 17 Nov 2022 20:59:29 GMT",
        "Server": [
          "Windows-Azure-HDFS/1.0",
          "Microsoft-HTTPAPI/2.0"
        ],
        "x-ms-client-request-id": "59033ac4-01f4-4541-50fe-654d5530a6cb",
        "x-ms-request-id": "f59edb94-c01f-0001-28c7-faf2b5000000",
        "x-ms-request-server-encrypted": "true",
        "x-ms-version": "2021-06-08"
      },
      "ResponseBody": null
    },
    {
      "RequestUri": "https://REDACTED.blob.core.windows.net/datalakefileclienttestfileproperties/datalakefileclienttestfileproperties?comp=metadata",
      "RequestMethod": "PUT",
      "RequestHeaders": {
        "Authorization": "Sanitized",
        "Content-Length": "0",
        "Expect": "100-continue",
        "User-Agent": "azsdk-cpp-storage-blobs/12.7.0-beta.1 (Windows 10 Enterprise 6.3 22621 22621.1.amd64fre.ni_release.220506-1250)",
        "x-ms-client-request-id": "8cf9b5c5-f997-45fc-653f-97d3fc2c88fa",
        "x-ms-date": "Thu, 17 Nov 2022 20:59:30 GMT",
        "x-ms-meta-meta0": "value",
        "x-ms-meta-meta1": "value",
        "x-ms-meta-meta2": "value",
        "x-ms-meta-meta3": "value",
        "x-ms-meta-meta4": "value",
        "x-ms-version": "2021-04-10"
      },
      "RequestBody": null,
      "StatusCode": 200,
      "ResponseHeaders": {
        "Content-Length": "0",
        "Date": "Thu, 17 Nov 2022 20:59:29 GMT",
        "ETag": "\u00220x8DAC8DE9EBF1AA4\u0022",
        "Last-Modified": "Thu, 17 Nov 2022 20:59:29 GMT",
        "Server": [
          "Windows-Azure-Blob/1.0",
          "Microsoft-HTTPAPI/2.0"
        ],
        "x-ms-client-request-id": "8cf9b5c5-f997-45fc-653f-97d3fc2c88fa",
        "x-ms-request-id": "e1a8fac5-101e-00c9-5cc7-fa1084000000",
        "x-ms-request-server-encrypted": "true",
        "x-ms-version": "2021-04-10"
      },
      "ResponseBody": null
    },
    {
      "RequestUri": "https://REDACTED.blob.core.windows.net/datalakefileclienttestfileproperties/datalakefileclienttestfileproperties",
      "RequestMethod": "HEAD",
      "RequestHeaders": {
        "Authorization": "Sanitized",
        "Content-Length": "0",
        "User-Agent": "azsdk-cpp-storage-blobs/12.7.0-beta.1 (Windows 10 Enterprise 6.3 22621 22621.1.amd64fre.ni_release.220506-1250)",
        "x-ms-client-request-id": "d9c3eec0-7581-440d-56a3-c4daba8c642e",
        "x-ms-date": "Thu, 17 Nov 2022 20:59:30 GMT",
        "x-ms-version": "2021-04-10"
      },
      "RequestBody": null,
      "StatusCode": 200,
      "ResponseHeaders": {
        "Accept-Ranges": "bytes",
        "Content-Length": "0",
        "Content-Type": "application/octet-stream",
        "Date": "Thu, 17 Nov 2022 20:59:29 GMT",
        "ETag": "\u00220x8DAC8DE9EBF1AA4\u0022",
        "Last-Modified": "Thu, 17 Nov 2022 20:59:29 GMT",
        "Server": [
          "Windows-Azure-Blob/1.0",
          "Microsoft-HTTPAPI/2.0"
        ],
        "x-ms-access-tier": "Hot",
        "x-ms-access-tier-inferred": "true",
        "x-ms-blob-type": "BlockBlob",
        "x-ms-client-request-id": "d9c3eec0-7581-440d-56a3-c4daba8c642e",
        "x-ms-creation-time": "Thu, 17 Nov 2022 20:59:29 GMT",
        "x-ms-group": "$superuser",
        "x-ms-lease-state": "available",
        "x-ms-lease-status": "unlocked",
        "x-ms-meta-meta0": "value",
        "x-ms-meta-meta1": "value",
        "x-ms-meta-meta2": "value",
        "x-ms-meta-meta3": "value",
        "x-ms-meta-meta4": "value",
        "x-ms-owner": "$superuser",
        "x-ms-permissions": "rw-r-----",
        "x-ms-request-id": "e1a8faed-101e-00c9-72c7-fa1084000000",
        "x-ms-resource-type": "file",
        "x-ms-server-encrypted": "true",
        "x-ms-version": "2021-04-10"
      },
      "ResponseBody": null
    },
    {
      "RequestUri": "https://REDACTED.blob.core.windows.net/datalakefileclienttestfileproperties/datalakefileclienttestfileproperties?comp=metadata",
      "RequestMethod": "PUT",
      "RequestHeaders": {
        "Authorization": "Sanitized",
        "Content-Length": "0",
        "Expect": "100-continue",
        "User-Agent": "azsdk-cpp-storage-blobs/12.7.0-beta.1 (Windows 10 Enterprise 6.3 22621 22621.1.amd64fre.ni_release.220506-1250)",
        "x-ms-client-request-id": "ab67dcb9-6d86-4777-449a-fa65a3bdb853",
        "x-ms-date": "Thu, 17 Nov 2022 20:59:30 GMT",
        "x-ms-meta-meta0": "value",
        "x-ms-meta-meta1": "value",
        "x-ms-meta-meta2": "value",
        "x-ms-meta-meta3": "value",
        "x-ms-meta-meta4": "value",
        "x-ms-version": "2021-04-10"
      },
      "RequestBody": null,
      "StatusCode": 200,
      "ResponseHeaders": {
        "Content-Length": "0",
        "Date": "Thu, 17 Nov 2022 20:59:29 GMT",
        "ETag": "\u00220x8DAC8DE9ED0F4C3\u0022",
        "Last-Modified": "Thu, 17 Nov 2022 20:59:29 GMT",
        "Server": [
          "Windows-Azure-Blob/1.0",
          "Microsoft-HTTPAPI/2.0"
        ],
        "x-ms-client-request-id": "ab67dcb9-6d86-4777-449a-fa65a3bdb853",
        "x-ms-request-id": "e1a8fb21-101e-00c9-0cc7-fa1084000000",
        "x-ms-request-server-encrypted": "true",
        "x-ms-version": "2021-04-10"
      },
      "ResponseBody": null
    },
    {
      "RequestUri": "https://REDACTED.blob.core.windows.net/datalakefileclienttestfileproperties/datalakefileclienttestfileproperties",
      "RequestMethod": "HEAD",
      "RequestHeaders": {
        "Authorization": "Sanitized",
        "Content-Length": "0",
        "User-Agent": "azsdk-cpp-storage-blobs/12.7.0-beta.1 (Windows 10 Enterprise 6.3 22621 22621.1.amd64fre.ni_release.220506-1250)",
        "x-ms-client-request-id": "e205826d-50cb-4c04-4e99-c6a7d272ee13",
        "x-ms-date": "Thu, 17 Nov 2022 20:59:30 GMT",
        "x-ms-version": "2021-04-10"
      },
      "RequestBody": null,
      "StatusCode": 200,
      "ResponseHeaders": {
        "Accept-Ranges": "bytes",
        "Content-Length": "0",
        "Content-Type": "application/octet-stream",
        "Date": "Thu, 17 Nov 2022 20:59:29 GMT",
        "ETag": "\u00220x8DAC8DE9ED0F4C3\u0022",
        "Last-Modified": "Thu, 17 Nov 2022 20:59:29 GMT",
        "Server": [
          "Windows-Azure-Blob/1.0",
          "Microsoft-HTTPAPI/2.0"
        ],
        "x-ms-access-tier": "Hot",
        "x-ms-access-tier-inferred": "true",
        "x-ms-blob-type": "BlockBlob",
        "x-ms-client-request-id": "e205826d-50cb-4c04-4e99-c6a7d272ee13",
        "x-ms-creation-time": "Thu, 17 Nov 2022 20:59:29 GMT",
        "x-ms-group": "$superuser",
        "x-ms-lease-state": "available",
        "x-ms-lease-status": "unlocked",
        "x-ms-meta-meta0": "value",
        "x-ms-meta-meta1": "value",
        "x-ms-meta-meta2": "value",
        "x-ms-meta-meta3": "value",
        "x-ms-meta-meta4": "value",
        "x-ms-owner": "$superuser",
        "x-ms-permissions": "rw-r-----",
        "x-ms-request-id": "e1a8fb71-101e-00c9-36c7-fa1084000000",
        "x-ms-resource-type": "file",
        "x-ms-server-encrypted": "true",
        "x-ms-version": "2021-04-10"
      },
      "ResponseBody": null
    },
    {
      "RequestUri": "https://REDACTED.blob.core.windows.net/datalakefileclienttestfileproperties/datalakefileclienttestfileproperties",
      "RequestMethod": "HEAD",
      "RequestHeaders": {
        "Authorization": "Sanitized",
        "Content-Length": "0",
        "User-Agent": "azsdk-cpp-storage-blobs/12.7.0-beta.1 (Windows 10 Enterprise 6.3 22621 22621.1.amd64fre.ni_release.220506-1250)",
        "x-ms-client-request-id": "8e2d2038-f420-4f11-67e5-ac81b1d74c2d",
        "x-ms-date": "Thu, 17 Nov 2022 20:59:30 GMT",
        "x-ms-version": "2021-04-10"
      },
      "RequestBody": null,
      "StatusCode": 200,
      "ResponseHeaders": {
        "Accept-Ranges": "bytes",
        "Content-Length": "0",
        "Content-Type": "application/octet-stream",
        "Date": "Thu, 17 Nov 2022 20:59:29 GMT",
        "ETag": "\u00220x8DAC8DE9ED0F4C3\u0022",
        "Last-Modified": "Thu, 17 Nov 2022 20:59:29 GMT",
        "Server": [
          "Windows-Azure-Blob/1.0",
          "Microsoft-HTTPAPI/2.0"
        ],
        "x-ms-access-tier": "Hot",
        "x-ms-access-tier-inferred": "true",
        "x-ms-blob-type": "BlockBlob",
        "x-ms-client-request-id": "8e2d2038-f420-4f11-67e5-ac81b1d74c2d",
        "x-ms-creation-time": "Thu, 17 Nov 2022 20:59:29 GMT",
        "x-ms-group": "$superuser",
        "x-ms-lease-state": "available",
        "x-ms-lease-status": "unlocked",
        "x-ms-meta-meta0": "value",
        "x-ms-meta-meta1": "value",
        "x-ms-meta-meta2": "value",
        "x-ms-meta-meta3": "value",
        "x-ms-meta-meta4": "value",
        "x-ms-owner": "$superuser",
        "x-ms-permissions": "rw-r-----",
        "x-ms-request-id": "e1a8fb97-101e-00c9-47c7-fa1084000000",
        "x-ms-resource-type": "file",
        "x-ms-server-encrypted": "true",
        "x-ms-version": "2021-04-10"
      },
      "ResponseBody": null
    },
    {
      "RequestUri": "https://REDACTED.blob.core.windows.net/datalakefileclienttestfileproperties/datalakefileclienttestfileproperties",
      "RequestMethod": "HEAD",
      "RequestHeaders": {
        "Authorization": "Sanitized",
        "Content-Length": "0",
        "User-Agent": "azsdk-cpp-storage-blobs/12.7.0-beta.1 (Windows 10 Enterprise 6.3 22621 22621.1.amd64fre.ni_release.220506-1250)",
        "x-ms-client-request-id": "d2454b38-5fda-4ef6-57ec-f2e5d5ad7c50",
        "x-ms-date": "Thu, 17 Nov 2022 20:59:30 GMT",
        "x-ms-version": "2021-04-10"
      },
      "RequestBody": null,
      "StatusCode": 200,
      "ResponseHeaders": {
        "Accept-Ranges": "bytes",
        "Content-Length": "0",
        "Content-Type": "application/octet-stream",
        "Date": "Thu, 17 Nov 2022 20:59:29 GMT",
        "ETag": "\u00220x8DAC8DE9ED0F4C3\u0022",
        "Last-Modified": "Thu, 17 Nov 2022 20:59:29 GMT",
        "Server": [
          "Windows-Azure-Blob/1.0",
          "Microsoft-HTTPAPI/2.0"
        ],
        "x-ms-access-tier": "Hot",
        "x-ms-access-tier-inferred": "true",
        "x-ms-blob-type": "BlockBlob",
        "x-ms-client-request-id": "d2454b38-5fda-4ef6-57ec-f2e5d5ad7c50",
        "x-ms-creation-time": "Thu, 17 Nov 2022 20:59:29 GMT",
        "x-ms-group": "$superuser",
        "x-ms-lease-state": "available",
        "x-ms-lease-status": "unlocked",
        "x-ms-meta-meta0": "value",
        "x-ms-meta-meta1": "value",
        "x-ms-meta-meta2": "value",
        "x-ms-meta-meta3": "value",
        "x-ms-meta-meta4": "value",
        "x-ms-owner": "$superuser",
        "x-ms-permissions": "rw-r-----",
        "x-ms-request-id": "e1a8fbe9-101e-00c9-71c7-fa1084000000",
        "x-ms-resource-type": "file",
        "x-ms-server-encrypted": "true",
        "x-ms-version": "2021-04-10"
      },
      "ResponseBody": null
    },
    {
      "RequestUri": "https://REDACTED.blob.core.windows.net/datalakefileclienttestfileproperties/datalakefileclienttestfileproperties?comp=metadata",
      "RequestMethod": "PUT",
      "RequestHeaders": {
        "Authorization": "Sanitized",
        "Content-Length": "0",
        "Expect": "100-continue",
        "User-Agent": "azsdk-cpp-storage-blobs/12.7.0-beta.1 (Windows 10 Enterprise 6.3 22621 22621.1.amd64fre.ni_release.220506-1250)",
        "x-ms-client-request-id": "a22090c2-8b2f-4082-51e9-339546c2c189",
        "x-ms-date": "Thu, 17 Nov 2022 20:59:30 GMT",
        "x-ms-meta-meta0": "value",
        "x-ms-meta-meta1": "value",
        "x-ms-meta-meta2": "value",
        "x-ms-meta-meta3": "value",
        "x-ms-meta-meta4": "value",
        "x-ms-version": "2021-04-10"
      },
      "RequestBody": null,
      "StatusCode": 200,
      "ResponseHeaders": {
        "Content-Length": "0",
        "Date": "Thu, 17 Nov 2022 20:59:29 GMT",
        "ETag": "\u00220x8DAC8DE9EFAE81B\u0022",
        "Last-Modified": "Thu, 17 Nov 2022 20:59:30 GMT",
        "Server": [
          "Windows-Azure-Blob/1.0",
          "Microsoft-HTTPAPI/2.0"
        ],
        "x-ms-client-request-id": "a22090c2-8b2f-4082-51e9-339546c2c189",
        "x-ms-request-id": "e1a8fc52-101e-00c9-2cc7-fa1084000000",
        "x-ms-request-server-encrypted": "true",
        "x-ms-version": "2021-04-10"
      },
      "ResponseBody": null
    },
    {
      "RequestUri": "https://REDACTED.blob.core.windows.net/datalakefileclienttestfileproperties/datalakefileclienttestfileproperties",
      "RequestMethod": "HEAD",
      "RequestHeaders": {
        "Authorization": "Sanitized",
        "Content-Length": "0",
        "User-Agent": "azsdk-cpp-storage-blobs/12.7.0-beta.1 (Windows 10 Enterprise 6.3 22621 22621.1.amd64fre.ni_release.220506-1250)",
        "x-ms-client-request-id": "f650862b-2474-4603-785b-8bcda734dd33",
        "x-ms-date": "Thu, 17 Nov 2022 20:59:30 GMT",
        "x-ms-version": "2021-04-10"
      },
      "RequestBody": null,
      "StatusCode": 200,
      "ResponseHeaders": {
        "Accept-Ranges": "bytes",
        "Content-Length": "0",
        "Content-Type": "application/octet-stream",
        "Date": "Thu, 17 Nov 2022 20:59:29 GMT",
        "ETag": "\u00220x8DAC8DE9EFAE81B\u0022",
        "Last-Modified": "Thu, 17 Nov 2022 20:59:30 GMT",
        "Server": [
          "Windows-Azure-Blob/1.0",
          "Microsoft-HTTPAPI/2.0"
        ],
        "x-ms-access-tier": "Hot",
        "x-ms-access-tier-inferred": "true",
        "x-ms-blob-type": "BlockBlob",
        "x-ms-client-request-id": "f650862b-2474-4603-785b-8bcda734dd33",
        "x-ms-creation-time": "Thu, 17 Nov 2022 20:59:29 GMT",
        "x-ms-group": "$superuser",
        "x-ms-lease-state": "available",
        "x-ms-lease-status": "unlocked",
        "x-ms-meta-meta0": "value",
        "x-ms-meta-meta1": "value",
        "x-ms-meta-meta2": "value",
        "x-ms-meta-meta3": "value",
        "x-ms-meta-meta4": "value",
        "x-ms-owner": "$superuser",
        "x-ms-permissions": "rw-r-----",
        "x-ms-request-id": "e1a8fcbb-101e-00c9-67c7-fa1084000000",
        "x-ms-resource-type": "file",
        "x-ms-server-encrypted": "true",
        "x-ms-version": "2021-04-10"
      },
      "ResponseBody": null
    },
    {
      "RequestUri": "https://REDACTED.dfs.core.windows.net/datalakefileclienttestfileproperties/client0?resource=file",
      "RequestMethod": "PUT",
      "RequestHeaders": {
        "Authorization": "Sanitized",
        "Content-Length": "0",
        "Expect": "100-continue",
        "User-Agent": "azsdk-cpp-storage-files-datalake/12.5.0-beta.2 (Windows 10 Enterprise 6.3 22621 22621.1.amd64fre.ni_release.220506-1250)",
        "x-ms-cache-control": "no-cache",
        "x-ms-client-request-id": "dc4a8d01-3380-4837-537c-e8cc9e10ea2b",
        "x-ms-content-disposition": "attachment",
        "x-ms-content-encoding": "deflate",
        "x-ms-content-language": "en-US",
        "x-ms-content-type": "application/octet-stream",
        "x-ms-date": "Thu, 17 Nov 2022 20:59:30 GMT",
        "x-ms-version": "2021-06-08"
      },
      "RequestBody": null,
      "StatusCode": 201,
      "ResponseHeaders": {
        "Content-Length": "0",
        "Date": "Thu, 17 Nov 2022 20:59:29 GMT",
        "ETag": "\u00220x8DAC8DE9F0D095A\u0022",
        "Last-Modified": "Thu, 17 Nov 2022 20:59:30 GMT",
        "Server": [
          "Windows-Azure-HDFS/1.0",
          "Microsoft-HTTPAPI/2.0"
        ],
        "x-ms-client-request-id": "dc4a8d01-3380-4837-537c-e8cc9e10ea2b",
        "x-ms-request-id": "f59edb95-c01f-0001-29c7-faf2b5000000",
        "x-ms-request-server-encrypted": "true",
        "x-ms-version": "2021-06-08"
      },
      "ResponseBody": null
    },
    {
      "RequestUri": "https://REDACTED.dfs.core.windows.net/datalakefileclienttestfileproperties/client1?resource=file",
      "RequestMethod": "PUT",
      "RequestHeaders": {
        "Authorization": "Sanitized",
        "Content-Length": "0",
        "Expect": "100-continue",
        "User-Agent": "azsdk-cpp-storage-files-datalake/12.5.0-beta.2 (Windows 10 Enterprise 6.3 22621 22621.1.amd64fre.ni_release.220506-1250)",
        "x-ms-cache-control": "no-cache",
        "x-ms-client-request-id": "dc0b8dfa-ae16-4713-6ac8-d8e8cf95567a",
        "x-ms-content-disposition": "attachment",
        "x-ms-content-encoding": "deflate",
        "x-ms-content-language": "en-US",
        "x-ms-content-type": "application/octet-stream",
        "x-ms-date": "Thu, 17 Nov 2022 20:59:30 GMT",
        "x-ms-version": "2021-06-08"
      },
      "RequestBody": null,
      "StatusCode": 201,
      "ResponseHeaders": {
        "Content-Length": "0",
        "Date": "Thu, 17 Nov 2022 20:59:29 GMT",
        "ETag": "\u00220x8DAC8DE9F16657F\u0022",
        "Last-Modified": "Thu, 17 Nov 2022 20:59:30 GMT",
        "Server": [
          "Windows-Azure-HDFS/1.0",
          "Microsoft-HTTPAPI/2.0"
        ],
        "x-ms-client-request-id": "dc0b8dfa-ae16-4713-6ac8-d8e8cf95567a",
        "x-ms-request-id": "f59edb96-c01f-0001-2ac7-faf2b5000000",
        "x-ms-request-server-encrypted": "true",
        "x-ms-version": "2021-06-08"
      },
      "ResponseBody": null
    },
    {
      "RequestUri": "https://REDACTED.blob.core.windows.net/datalakefileclienttestfileproperties/client0",
      "RequestMethod": "HEAD",
      "RequestHeaders": {
        "Authorization": "Sanitized",
        "Content-Length": "0",
        "User-Agent": "azsdk-cpp-storage-blobs/12.7.0-beta.1 (Windows 10 Enterprise 6.3 22621 22621.1.amd64fre.ni_release.220506-1250)",
        "x-ms-client-request-id": "00fc058d-682e-4a37-44ed-6990fe091a1c",
        "x-ms-date": "Thu, 17 Nov 2022 20:59:30 GMT",
        "x-ms-version": "2021-04-10"
      },
      "RequestBody": null,
      "StatusCode": 200,
      "ResponseHeaders": {
        "Accept-Ranges": "bytes",
        "Cache-Control": "no-cache",
        "Content-Disposition": "attachment",
        "Content-Encoding": "deflate",
        "Content-Language": "en-US",
        "Content-Length": "0",
        "Content-Type": "application/octet-stream",
        "Date": "Thu, 17 Nov 2022 20:59:29 GMT",
        "ETag": "\u00220x8DAC8DE9F0D095A\u0022",
        "Last-Modified": "Thu, 17 Nov 2022 20:59:30 GMT",
        "Server": [
          "Windows-Azure-Blob/1.0",
          "Microsoft-HTTPAPI/2.0"
        ],
        "x-ms-access-tier": "Hot",
        "x-ms-access-tier-inferred": "true",
        "x-ms-blob-type": "BlockBlob",
        "x-ms-client-request-id": "00fc058d-682e-4a37-44ed-6990fe091a1c",
        "x-ms-creation-time": "Thu, 17 Nov 2022 20:59:30 GMT",
        "x-ms-group": "$superuser",
        "x-ms-lease-state": "available",
        "x-ms-lease-status": "unlocked",
        "x-ms-owner": "$superuser",
        "x-ms-permissions": "rw-r-----",
        "x-ms-request-id": "e1a8fd6d-101e-00c9-46c7-fa1084000000",
        "x-ms-resource-type": "file",
        "x-ms-server-encrypted": "true",
        "x-ms-version": "2021-04-10"
      },
      "ResponseBody": null
    },
    {
      "RequestUri": "https://REDACTED.dfs.core.windows.net/datalakefileclienttestfileproperties/client0",
      "RequestMethod": "DELETE",
      "RequestHeaders": {
        "Authorization": "Sanitized",
        "Content-Length": "0",
        "User-Agent": "azsdk-cpp-storage-files-datalake/12.5.0-beta.2 (Windows 10 Enterprise 6.3 22621 22621.1.amd64fre.ni_release.220506-1250)",
        "x-ms-client-request-id": "65783545-aacf-436e-43db-7614ba54f5b4",
        "x-ms-date": "Thu, 17 Nov 2022 20:59:30 GMT",
        "x-ms-version": "2021-06-08"
      },
      "RequestBody": null,
      "StatusCode": 200,
      "ResponseHeaders": {
        "Content-Length": "0",
        "Date": "Thu, 17 Nov 2022 20:59:29 GMT",
        "Server": [
          "Windows-Azure-HDFS/1.0",
          "Microsoft-HTTPAPI/2.0"
        ],
        "x-ms-client-request-id": "65783545-aacf-436e-43db-7614ba54f5b4",
        "x-ms-delete-type-permanent": "false",
        "x-ms-deletion-id": "133131923704942247",
        "x-ms-request-id": "f59edb97-c01f-0001-2bc7-faf2b5000000",
        "x-ms-version": "2021-06-08"
      },
      "ResponseBody": null
    },
    {
      "RequestUri": "https://REDACTED.blob.core.windows.net/datalakefileclienttestfileproperties/client1",
      "RequestMethod": "HEAD",
      "RequestHeaders": {
        "Authorization": "Sanitized",
        "Content-Length": "0",
        "User-Agent": "azsdk-cpp-storage-blobs/12.7.0-beta.1 (Windows 10 Enterprise 6.3 22621 22621.1.amd64fre.ni_release.220506-1250)",
        "x-ms-client-request-id": "1f90ba62-fa2b-41a8-69a4-697ba3cc7cee",
        "x-ms-date": "Thu, 17 Nov 2022 20:59:31 GMT",
        "x-ms-version": "2021-04-10"
      },
      "RequestBody": null,
      "StatusCode": 200,
      "ResponseHeaders": {
        "Accept-Ranges": "bytes",
        "Cache-Control": "no-cache",
        "Content-Disposition": "attachment",
        "Content-Encoding": "deflate",
        "Content-Language": "en-US",
        "Content-Length": "0",
        "Content-Type": "application/octet-stream",
        "Date": "Thu, 17 Nov 2022 20:59:29 GMT",
        "ETag": "\u00220x8DAC8DE9F16657F\u0022",
        "Last-Modified": "Thu, 17 Nov 2022 20:59:30 GMT",
        "Server": [
          "Windows-Azure-Blob/1.0",
          "Microsoft-HTTPAPI/2.0"
        ],
        "x-ms-access-tier": "Hot",
        "x-ms-access-tier-inferred": "true",
        "x-ms-blob-type": "BlockBlob",
        "x-ms-client-request-id": "1f90ba62-fa2b-41a8-69a4-697ba3cc7cee",
        "x-ms-creation-time": "Thu, 17 Nov 2022 20:59:30 GMT",
        "x-ms-group": "$superuser",
        "x-ms-lease-state": "available",
        "x-ms-lease-status": "unlocked",
        "x-ms-owner": "$superuser",
        "x-ms-permissions": "rw-r-----",
        "x-ms-request-id": "e1a8fdc5-101e-00c9-71c7-fa1084000000",
        "x-ms-resource-type": "file",
        "x-ms-server-encrypted": "true",
        "x-ms-version": "2021-04-10"
      },
      "ResponseBody": null
    },
    {
      "RequestUri": "https://REDACTED.dfs.core.windows.net/datalakefileclienttestfileproperties/client1",
      "RequestMethod": "DELETE",
      "RequestHeaders": {
        "Authorization": "Sanitized",
        "Content-Length": "0",
        "User-Agent": "azsdk-cpp-storage-files-datalake/12.5.0-beta.2 (Windows 10 Enterprise 6.3 22621 22621.1.amd64fre.ni_release.220506-1250)",
        "x-ms-client-request-id": "a97871d9-4f23-4c77-4086-f0a91651c8bf",
        "x-ms-date": "Thu, 17 Nov 2022 20:59:31 GMT",
        "x-ms-version": "2021-06-08"
      },
      "RequestBody": null,
      "StatusCode": 200,
      "ResponseHeaders": {
        "Content-Length": "0",
        "Date": "Thu, 17 Nov 2022 20:59:29 GMT",
        "Server": [
          "Windows-Azure-HDFS/1.0",
          "Microsoft-HTTPAPI/2.0"
        ],
        "x-ms-client-request-id": "a97871d9-4f23-4c77-4086-f0a91651c8bf",
        "x-ms-delete-type-permanent": "false",
        "x-ms-deletion-id": "133131923706564830",
        "x-ms-request-id": "f59edb98-c01f-0001-2cc7-faf2b5000000",
        "x-ms-version": "2021-06-08"
      },
      "ResponseBody": null
    },
    {
      "RequestUri": "https://REDACTED.dfs.core.windows.net/datalakefileclienttestfileproperties/datalakefileclienttestfileproperties",
      "RequestMethod": "DELETE",
      "RequestHeaders": {
        "Authorization": "Sanitized",
        "Content-Length": "0",
        "User-Agent": "azsdk-cpp-storage-files-datalake/12.5.0-beta.2 (Windows 10 Enterprise 6.3 22621 22621.1.amd64fre.ni_release.220506-1250)",
        "x-ms-client-request-id": "b52f7ea8-30f0-4ba9-4208-a616afba4f55",
        "x-ms-date": "Thu, 17 Nov 2022 20:59:31 GMT",
        "x-ms-version": "2021-06-08"
      },
      "RequestBody": null,
      "StatusCode": 200,
      "ResponseHeaders": {
        "Content-Length": "0",
        "Date": "Thu, 17 Nov 2022 20:59:29 GMT",
        "Server": [
          "Windows-Azure-HDFS/1.0",
          "Microsoft-HTTPAPI/2.0"
        ],
        "x-ms-client-request-id": "b52f7ea8-30f0-4ba9-4208-a616afba4f55",
        "x-ms-delete-type-permanent": "false",
        "x-ms-deletion-id": "133131923707320907",
        "x-ms-request-id": "f59edb99-c01f-0001-2dc7-faf2b5000000",
        "x-ms-version": "2021-06-08"
      },
      "ResponseBody": null
    },
    {
      "RequestUri": "https://REDACTED.blob.core.windows.net/datalakefileclienttestfileproperties?restype=container",
      "RequestMethod": "DELETE",
      "RequestHeaders": {
        "Authorization": "Sanitized",
        "Content-Length": "0",
        "User-Agent": "azsdk-cpp-storage-blobs/12.7.0-beta.1 (Windows 10 Enterprise 6.3 22621 22621.1.amd64fre.ni_release.220506-1250)",
        "x-ms-client-request-id": "ce25270e-bce4-4682-4b81-666246236e2b",
        "x-ms-date": "Thu, 17 Nov 2022 20:59:31 GMT",
        "x-ms-version": "2021-04-10"
      },
      "RequestBody": null,
      "StatusCode": 202,
      "ResponseHeaders": {
        "Content-Length": "0",
        "Date": "Thu, 17 Nov 2022 20:59:30 GMT",
        "Server": [
          "Windows-Azure-Blob/1.0",
          "Microsoft-HTTPAPI/2.0"
        ],
        "x-ms-client-request-id": "ce25270e-bce4-4682-4b81-666246236e2b",
        "x-ms-request-id": "e1a8fe36-101e-00c9-2ac7-fa1084000000",
        "x-ms-version": "2021-04-10"
      },
      "ResponseBody": null
    }
  ],
  "Variables": {}
}
