{
  "Entries": [
    {
      "RequestUri": "https://REDACTED.blob.core.windows.net/datalakedirectoryclienttestrenamefile?restype=container",
      "RequestMethod": "PUT",
      "RequestHeaders": {
        "Authorization": "Sanitized",
        "Content-Length": "0",
        "Expect": "100-continue",
        "User-Agent": "azsdk-cpp-storage-blobs/12.7.0-beta.1 (Windows 10 Enterprise 6.3 22621 22621.1.amd64fre.ni_release.220506-1250)",
        "x-ms-client-request-id": "14a9dd07-2923-4a7a-55ab-16ba47c85bce",
        "x-ms-date": "Thu, 17 Nov 2022 20:58:41 GMT",
        "x-ms-version": "2021-04-10"
      },
      "RequestBody": null,
      "StatusCode": 201,
      "ResponseHeaders": {
        "Content-Length": "0",
        "Date": "Thu, 17 Nov 2022 20:58:40 GMT",
        "ETag": "\u00220x8DAC8DE81AA6306\u0022",
        "Last-Modified": "Thu, 17 Nov 2022 20:58:41 GMT",
        "Server": [
          "Windows-Azure-Blob/1.0",
          "Microsoft-HTTPAPI/2.0"
        ],
        "x-ms-client-request-id": "14a9dd07-2923-4a7a-55ab-16ba47c85bce",
        "x-ms-request-id": "88038c72-901e-0023-09c7-fa37aa000000",
        "x-ms-version": "2021-04-10"
      },
      "ResponseBody": null
    },
    {
      "RequestUri": "https://REDACTED.dfs.core.windows.net/datalakedirectoryclienttestrenamefile/datalakedirectoryclienttestrenamefile?resource=file",
      "RequestMethod": "PUT",
      "RequestHeaders": {
        "Authorization": "Sanitized",
        "Content-Length": "0",
        "Expect": "100-continue",
        "User-Agent": "azsdk-cpp-storage-files-datalake/12.5.0-beta.2 (Windows 10 Enterprise 6.3 22621 22621.1.amd64fre.ni_release.220506-1250)",
        "x-ms-client-request-id": "d204d946-230a-40c0-59e5-e08e3541be21",
        "x-ms-date": "Thu, 17 Nov 2022 20:58:41 GMT",
        "x-ms-version": "2021-06-08"
      },
      "RequestBody": null,
      "StatusCode": 201,
      "ResponseHeaders": {
        "Content-Length": "0",
        "Date": "Thu, 17 Nov 2022 20:58:40 GMT",
        "ETag": "\u00220x8DAC8DE81B8B4C0\u0022",
        "Last-Modified": "Thu, 17 Nov 2022 20:58:41 GMT",
        "Server": [
          "Windows-Azure-HDFS/1.0",
          "Microsoft-HTTPAPI/2.0"
        ],
        "x-ms-client-request-id": "d204d946-230a-40c0-59e5-e08e3541be21",
        "x-ms-request-id": "67a731c8-e01f-005b-7cc7-fa9452000000",
        "x-ms-request-server-encrypted": "true",
        "x-ms-version": "2021-06-08"
      },
      "ResponseBody": null
    },
    {
      "RequestUri": "https://REDACTED.dfs.core.windows.net/datalakedirectoryclienttestrenamefile/RenameFile1?resource=directory",
      "RequestMethod": "PUT",
      "RequestHeaders": {
        "Authorization": "Sanitized",
        "Content-Length": "0",
        "Expect": "100-continue",
        "User-Agent": "azsdk-cpp-storage-files-datalake/12.5.0-beta.2 (Windows 10 Enterprise 6.3 22621 22621.1.amd64fre.ni_release.220506-1250)",
        "x-ms-client-request-id": "d0bb2b7d-040d-418f-58b6-afb8af1f79e0",
        "x-ms-date": "Thu, 17 Nov 2022 20:58:41 GMT",
        "x-ms-version": "2021-06-08"
      },
      "RequestBody": null,
      "StatusCode": 201,
      "ResponseHeaders": {
        "Content-Length": "0",
        "Date": "Thu, 17 Nov 2022 20:58:40 GMT",
        "ETag": "\u00220x8DAC8DE81C51835\u0022",
        "Last-Modified": "Thu, 17 Nov 2022 20:58:41 GMT",
        "Server": [
          "Windows-Azure-HDFS/1.0",
          "Microsoft-HTTPAPI/2.0"
        ],
        "x-ms-client-request-id": "d0bb2b7d-040d-418f-58b6-afb8af1f79e0",
        "x-ms-request-id": "67a731c9-e01f-005b-7dc7-fa9452000000",
        "x-ms-request-server-encrypted": "true",
        "x-ms-version": "2021-06-08"
      },
      "ResponseBody": null
    },
    {
      "RequestUri": "https://REDACTED.dfs.core.windows.net/datalakedirectoryclienttestrenamefile/RenameFile1/RenameFile2?resource=directory",
      "RequestMethod": "PUT",
      "RequestHeaders": {
        "Authorization": "Sanitized",
        "Content-Length": "0",
        "Expect": "100-continue",
        "User-Agent": "azsdk-cpp-storage-files-datalake/12.5.0-beta.2 (Windows 10 Enterprise 6.3 22621 22621.1.amd64fre.ni_release.220506-1250)",
        "x-ms-client-request-id": "3202a8bf-aa1a-4154-4f38-969314bc1174",
        "x-ms-date": "Thu, 17 Nov 2022 20:58:41 GMT",
        "x-ms-version": "2021-06-08"
      },
      "RequestBody": null,
      "StatusCode": 201,
      "ResponseHeaders": {
        "Content-Length": "0",
        "Date": "Thu, 17 Nov 2022 20:58:40 GMT",
        "ETag": "\u00220x8DAC8DE81CFE6B5\u0022",
        "Last-Modified": "Thu, 17 Nov 2022 20:58:41 GMT",
        "Server": [
          "Windows-Azure-HDFS/1.0",
          "Microsoft-HTTPAPI/2.0"
        ],
        "x-ms-client-request-id": "3202a8bf-aa1a-4154-4f38-969314bc1174",
        "x-ms-request-id": "67a731ca-e01f-005b-7ec7-fa9452000000",
        "x-ms-request-server-encrypted": "true",
        "x-ms-version": "2021-06-08"
      },
      "ResponseBody": null
    },
    {
      "RequestUri": "https://REDACTED.dfs.core.windows.net/datalakedirectoryclienttestrenamefile/RenameFile1/RenameFile3?mode=legacy",
      "RequestMethod": "PUT",
      "RequestHeaders": {
        "Authorization": "Sanitized",
        "Content-Length": "0",
        "Expect": "100-continue",
        "User-Agent": "azsdk-cpp-storage-files-datalake/12.5.0-beta.2 (Windows 10 Enterprise 6.3 22621 22621.1.amd64fre.ni_release.220506-1250)",
        "x-ms-client-request-id": "d117d3de-20b8-4d01-4ad8-0490400d3868",
        "x-ms-date": "Thu, 17 Nov 2022 20:58:41 GMT",
        "x-ms-rename-source": "/datalakedirectoryclienttestrenamefile/RenameFile1/RenameFile2",
        "x-ms-version": "2021-06-08"
      },
      "RequestBody": null,
      "StatusCode": 201,
      "ResponseHeaders": {
        "Content-Length": "0",
        "Date": "Thu, 17 Nov 2022 20:58:40 GMT",
        "ETag": "\u00220x8DAC8DE81CFE6B5\u0022",
        "Last-Modified": "Thu, 17 Nov 2022 20:58:41 GMT",
        "Server": [
          "Windows-Azure-HDFS/1.0",
          "Microsoft-HTTPAPI/2.0"
        ],
        "x-ms-client-request-id": "d117d3de-20b8-4d01-4ad8-0490400d3868",
        "x-ms-request-id": "67a731cb-e01f-005b-7fc7-fa9452000000",
        "x-ms-version": "2021-06-08"
      },
      "ResponseBody": null
    },
    {
      "RequestUri": "https://REDACTED.blob.core.windows.net/datalakedirectoryclienttestrenamefile/RenameFile1/RenameFile3",
      "RequestMethod": "HEAD",
      "RequestHeaders": {
        "Authorization": "Sanitized",
        "Content-Length": "0",
        "User-Agent": "azsdk-cpp-storage-files-datalake/12.5.0-beta.2 (Windows 10 Enterprise 6.3 22621 22621.1.amd64fre.ni_release.220506-1250)",
        "x-ms-client-request-id": "036b391c-5eab-496e-550d-ef54bfd0fb8c",
        "x-ms-date": "Thu, 17 Nov 2022 20:58:41 GMT",
        "x-ms-version": "2021-04-10"
      },
      "RequestBody": null,
      "StatusCode": 200,
      "ResponseHeaders": {
        "Accept-Ranges": "bytes",
        "Content-Length": "0",
        "Content-Type": "application/octet-stream",
        "Date": "Thu, 17 Nov 2022 20:58:41 GMT",
        "ETag": "\u00220x8DAC8DE81CFE6B5\u0022",
        "Last-Modified": "Thu, 17 Nov 2022 20:58:41 GMT",
        "Server": [
          "Windows-Azure-Blob/1.0",
          "Microsoft-HTTPAPI/2.0"
        ],
        "x-ms-access-tier": "Hot",
        "x-ms-access-tier-inferred": "true",
        "x-ms-blob-type": "BlockBlob",
        "x-ms-client-request-id": "036b391c-5eab-496e-550d-ef54bfd0fb8c",
        "x-ms-creation-time": "Thu, 17 Nov 2022 20:58:41 GMT",
        "x-ms-group": "$superuser",
        "x-ms-lease-state": "available",
        "x-ms-lease-status": "unlocked",
        "x-ms-meta-hdi_isfolder": "true",
        "x-ms-owner": "$superuser",
        "x-ms-permissions": "rwxr-x---",
        "x-ms-request-id": "88038d02-901e-0023-0dc7-fa37aa000000",
        "x-ms-resource-type": "directory",
        "x-ms-server-encrypted": "true",
        "x-ms-version": "2021-04-10"
      },
      "ResponseBody": null
    },
    {
      "RequestUri": "https://REDACTED.blob.core.windows.net/datalakedirectoryclienttestrenamefile/RenameFile1/RenameFile3",
      "RequestMethod": "HEAD",
      "RequestHeaders": {
        "Authorization": "Sanitized",
        "Content-Length": "0",
        "User-Agent": "azsdk-cpp-storage-blobs/12.7.0-beta.1 (Windows 10 Enterprise 6.3 22621 22621.1.amd64fre.ni_release.220506-1250)",
        "x-ms-client-request-id": "d6244082-ea9f-4155-6d07-b9ebb8c73833",
        "x-ms-date": "Thu, 17 Nov 2022 20:58:41 GMT",
        "x-ms-version": "2021-04-10"
      },
      "RequestBody": null,
      "StatusCode": 200,
      "ResponseHeaders": {
        "Accept-Ranges": "bytes",
        "Content-Length": "0",
        "Content-Type": "application/octet-stream",
        "Date": "Thu, 17 Nov 2022 20:58:41 GMT",
        "ETag": "\u00220x8DAC8DE81CFE6B5\u0022",
        "Last-Modified": "Thu, 17 Nov 2022 20:58:41 GMT",
        "Server": [
          "Windows-Azure-Blob/1.0",
          "Microsoft-HTTPAPI/2.0"
        ],
        "x-ms-access-tier": "Hot",
        "x-ms-access-tier-inferred": "true",
        "x-ms-blob-type": "BlockBlob",
        "x-ms-client-request-id": "d6244082-ea9f-4155-6d07-b9ebb8c73833",
        "x-ms-creation-time": "Thu, 17 Nov 2022 20:58:41 GMT",
        "x-ms-group": "$superuser",
        "x-ms-lease-state": "available",
        "x-ms-lease-status": "unlocked",
        "x-ms-meta-hdi_isfolder": "true",
        "x-ms-owner": "$superuser",
        "x-ms-permissions": "rwxr-x---",
        "x-ms-request-id": "88038d22-901e-0023-1fc7-fa37aa000000",
        "x-ms-resource-type": "directory",
        "x-ms-server-encrypted": "true",
        "x-ms-version": "2021-04-10"
      },
      "ResponseBody": null
    },
    {
      "RequestUri": "https://REDACTED.blob.core.windows.net/datalakedirectoryclienttestrenamefile/RenameFile1/RenameFile2",
      "RequestMethod": "HEAD",
      "RequestHeaders": {
        "Authorization": "Sanitized",
        "Content-Length": "0",
        "User-Agent": "azsdk-cpp-storage-blobs/12.7.0-beta.1 (Windows 10 Enterprise 6.3 22621 22621.1.amd64fre.ni_release.220506-1250)",
        "x-ms-client-request-id": "94e254c5-8f73-46e9-5421-7ba01be1c6f9",
        "x-ms-date": "Thu, 17 Nov 2022 20:58:41 GMT",
        "x-ms-version": "2021-04-10"
      },
      "RequestBody": null,
      "StatusCode": 404,
      "ResponseHeaders": {
        "Date": "Thu, 17 Nov 2022 20:58:41 GMT",
        "Server": [
          "Windows-Azure-Blob/1.0",
          "Microsoft-HTTPAPI/2.0"
        ],
        "Transfer-Encoding": "chunked",
        "x-ms-client-request-id": "94e254c5-8f73-46e9-5421-7ba01be1c6f9",
        "x-ms-error-code": "BlobNotFound",
        "x-ms-request-id": "88038d31-901e-0023-2dc7-fa37aa000000",
        "x-ms-version": "2021-04-10"
      },
      "ResponseBody": null
    },
    {
      "RequestUri": "https://REDACTED.blob.core.windows.net/renamefile1?restype=container",
      "RequestMethod": "PUT",
      "RequestHeaders": {
        "Authorization": "Sanitized",
        "Content-Length": "0",
        "Expect": "100-continue",
        "User-Agent": "azsdk-cpp-storage-blobs/12.7.0-beta.1 (Windows 10 Enterprise 6.3 22621 22621.1.amd64fre.ni_release.220506-1250)",
        "x-ms-client-request-id": "f559fead-0a28-4c65-75b6-d488189ee3ec",
        "x-ms-date": "Thu, 17 Nov 2022 20:58:41 GMT",
        "x-ms-version": "2021-04-10"
      },
      "RequestBody": null,
      "StatusCode": 201,
      "ResponseHeaders": {
        "Content-Length": "0",
        "Date": "Thu, 17 Nov 2022 20:58:41 GMT",
        "ETag": "\u00220x8DAC8DE820017C7\u0022",
        "Last-Modified": "Thu, 17 Nov 2022 20:58:41 GMT",
        "Server": [
          "Windows-Azure-Blob/1.0",
          "Microsoft-HTTPAPI/2.0"
        ],
        "x-ms-client-request-id": "f559fead-0a28-4c65-75b6-d488189ee3ec",
        "x-ms-request-id": "88038d4a-901e-0023-41c7-fa37aa000000",
        "x-ms-version": "2021-04-10"
      },
      "ResponseBody": null
    },
    {
      "RequestUri": "https://REDACTED.dfs.core.windows.net/renamefile1/RenameFile4?mode=legacy",
      "RequestMethod": "PUT",
      "RequestHeaders": {
        "Authorization": "Sanitized",
        "Content-Length": "0",
        "Expect": "100-continue",
        "User-Agent": "azsdk-cpp-storage-files-datalake/12.5.0-beta.2 (Windows 10 Enterprise 6.3 22621 22621.1.amd64fre.ni_release.220506-1250)",
        "x-ms-client-request-id": "c0667aa4-a0ac-472e-5685-d6116961c54f",
        "x-ms-date": "Thu, 17 Nov 2022 20:58:42 GMT",
        "x-ms-rename-source": "/datalakedirectoryclienttestrenamefile/RenameFile1/RenameFile3",
        "x-ms-version": "2021-06-08"
      },
      "RequestBody": null,
      "StatusCode": 201,
      "ResponseHeaders": {
        "Content-Length": "0",
        "Date": "Thu, 17 Nov 2022 20:58:40 GMT",
        "ETag": "\u00220x8DAC8DE81CFE6B5\u0022",
        "Last-Modified": "Thu, 17 Nov 2022 20:58:41 GMT",
        "Server": [
          "Windows-Azure-HDFS/1.0",
          "Microsoft-HTTPAPI/2.0"
        ],
        "x-ms-client-request-id": "c0667aa4-a0ac-472e-5685-d6116961c54f",
        "x-ms-request-id": "67a731ce-e01f-005b-80c7-fa9452000000",
        "x-ms-version": "2021-06-08"
      },
      "ResponseBody": null
    },
    {
      "RequestUri": "https://REDACTED.blob.core.windows.net/renamefile1/RenameFile4",
      "RequestMethod": "HEAD",
      "RequestHeaders": {
        "Authorization": "Sanitized",
        "Content-Length": "0",
        "User-Agent": "azsdk-cpp-storage-files-datalake/12.5.0-beta.2 (Windows 10 Enterprise 6.3 22621 22621.1.amd64fre.ni_release.220506-1250)",
        "x-ms-client-request-id": "50c93bb6-c894-48e4-5267-efc5a2e81fdd",
        "x-ms-date": "Thu, 17 Nov 2022 20:58:42 GMT",
        "x-ms-version": "2021-04-10"
      },
      "RequestBody": null,
      "StatusCode": 200,
      "ResponseHeaders": {
        "Accept-Ranges": "bytes",
        "Content-Length": "0",
        "Content-Type": "application/octet-stream",
        "Date": "Thu, 17 Nov 2022 20:58:41 GMT",
        "ETag": "\u00220x8DAC8DE81CFE6B5\u0022",
        "Last-Modified": "Thu, 17 Nov 2022 20:58:41 GMT",
        "Server": [
          "Windows-Azure-Blob/1.0",
          "Microsoft-HTTPAPI/2.0"
        ],
        "x-ms-access-tier": "Hot",
        "x-ms-access-tier-inferred": "true",
        "x-ms-blob-type": "BlockBlob",
        "x-ms-client-request-id": "50c93bb6-c894-48e4-5267-efc5a2e81fdd",
        "x-ms-creation-time": "Thu, 17 Nov 2022 20:58:41 GMT",
        "x-ms-group": "$superuser",
        "x-ms-lease-state": "available",
        "x-ms-lease-status": "unlocked",
        "x-ms-meta-hdi_isfolder": "true",
        "x-ms-owner": "$superuser",
        "x-ms-permissions": "rwxr-x---",
        "x-ms-request-id": "88038d80-901e-0023-71c7-fa37aa000000",
        "x-ms-resource-type": "directory",
        "x-ms-server-encrypted": "true",
        "x-ms-version": "2021-04-10"
      },
      "ResponseBody": null
    },
    {
      "RequestUri": "https://REDACTED.blob.core.windows.net/renamefile1/RenameFile4",
      "RequestMethod": "HEAD",
      "RequestHeaders": {
        "Authorization": "Sanitized",
        "Content-Length": "0",
        "User-Agent": "azsdk-cpp-storage-blobs/12.7.0-beta.1 (Windows 10 Enterprise 6.3 22621 22621.1.amd64fre.ni_release.220506-1250)",
        "x-ms-client-request-id": "260f0237-404a-496f-5416-6037579069ae",
        "x-ms-date": "Thu, 17 Nov 2022 20:58:42 GMT",
        "x-ms-version": "2021-04-10"
      },
      "RequestBody": null,
      "StatusCode": 200,
      "ResponseHeaders": {
        "Accept-Ranges": "bytes",
        "Content-Length": "0",
        "Content-Type": "application/octet-stream",
        "Date": "Thu, 17 Nov 2022 20:58:41 GMT",
        "ETag": "\u00220x8DAC8DE81CFE6B5\u0022",
        "Last-Modified": "Thu, 17 Nov 2022 20:58:41 GMT",
        "Server": [
          "Windows-Azure-Blob/1.0",
          "Microsoft-HTTPAPI/2.0"
        ],
        "x-ms-access-tier": "Hot",
        "x-ms-access-tier-inferred": "true",
        "x-ms-blob-type": "BlockBlob",
        "x-ms-client-request-id": "260f0237-404a-496f-5416-6037579069ae",
        "x-ms-creation-time": "Thu, 17 Nov 2022 20:58:41 GMT",
        "x-ms-group": "$superuser",
        "x-ms-lease-state": "available",
        "x-ms-lease-status": "unlocked",
        "x-ms-meta-hdi_isfolder": "true",
        "x-ms-owner": "$superuser",
        "x-ms-permissions": "rwxr-x---",
        "x-ms-request-id": "88038d91-901e-0023-80c7-fa37aa000000",
        "x-ms-resource-type": "directory",
        "x-ms-server-encrypted": "true",
        "x-ms-version": "2021-04-10"
      },
      "ResponseBody": null
    },
    {
      "RequestUri": "https://REDACTED.blob.core.windows.net/renamefile1?restype=container",
      "RequestMethod": "DELETE",
      "RequestHeaders": {
        "Authorization": "Sanitized",
        "Content-Length": "0",
        "User-Agent": "azsdk-cpp-storage-blobs/12.7.0-beta.1 (Windows 10 Enterprise 6.3 22621 22621.1.amd64fre.ni_release.220506-1250)",
        "x-ms-client-request-id": "20b9e3c1-dcbd-46b8-4a6c-5cc408076406",
        "x-ms-date": "Thu, 17 Nov 2022 20:58:42 GMT",
        "x-ms-version": "2021-04-10"
      },
      "RequestBody": null,
      "StatusCode": 202,
      "ResponseHeaders": {
        "Content-Length": "0",
        "Date": "Thu, 17 Nov 2022 20:58:41 GMT",
        "Server": [
          "Windows-Azure-Blob/1.0",
          "Microsoft-HTTPAPI/2.0"
        ],
        "x-ms-client-request-id": "20b9e3c1-dcbd-46b8-4a6c-5cc408076406",
        "x-ms-request-id": "88038da5-901e-0023-13c7-fa37aa000000",
        "x-ms-version": "2021-04-10"
      },
      "ResponseBody": null
    },
    {
      "RequestUri": "https://REDACTED.blob.core.windows.net/datalakedirectoryclienttestrenamefile/RenameFile1/RenameFile3",
      "RequestMethod": "HEAD",
      "RequestHeaders": {
        "Authorization": "Sanitized",
        "Content-Length": "0",
        "User-Agent": "azsdk-cpp-storage-files-datalake/12.5.0-beta.2 (Windows 10 Enterprise 6.3 22621 22621.1.amd64fre.ni_release.220506-1250)",
        "x-ms-client-request-id": "f01d6fae-9da1-451b-5f5c-ebe449662ded",
        "x-ms-date": "Thu, 17 Nov 2022 20:58:42 GMT",
        "x-ms-version": "2021-04-10"
      },
      "RequestBody": null,
      "StatusCode": 404,
      "ResponseHeaders": {
        "Date": "Thu, 17 Nov 2022 20:58:41 GMT",
        "Server": [
          "Windows-Azure-Blob/1.0",
          "Microsoft-HTTPAPI/2.0"
        ],
        "Transfer-Encoding": "chunked",
        "x-ms-client-request-id": "f01d6fae-9da1-451b-5f5c-ebe449662ded",
        "x-ms-error-code": "BlobNotFound",
        "x-ms-request-id": "88038dbe-901e-0023-2ac7-fa37aa000000",
        "x-ms-version": "2021-04-10"
      },
      "ResponseBody": null
    },
    {
      "RequestUri": "https://REDACTED.dfs.core.windows.net/datalakedirectoryclienttestrenamefile/datalakedirectoryclienttestrenamefile",
      "RequestMethod": "DELETE",
      "RequestHeaders": {
        "Authorization": "Sanitized",
        "Content-Length": "0",
        "User-Agent": "azsdk-cpp-storage-files-datalake/12.5.0-beta.2 (Windows 10 Enterprise 6.3 22621 22621.1.amd64fre.ni_release.220506-1250)",
        "x-ms-client-request-id": "716ef34d-c1bd-457f-6a17-fd8524b760dc",
        "x-ms-date": "Thu, 17 Nov 2022 20:58:42 GMT",
        "x-ms-version": "2021-06-08"
      },
      "RequestBody": null,
      "StatusCode": 200,
      "ResponseHeaders": {
        "Content-Length": "0",
        "Date": "Thu, 17 Nov 2022 20:58:41 GMT",
        "Server": [
          "Windows-Azure-HDFS/1.0",
          "Microsoft-HTTPAPI/2.0"
        ],
        "x-ms-client-request-id": "716ef34d-c1bd-457f-6a17-fd8524b760dc",
        "x-ms-delete-type-permanent": "false",
        "x-ms-deletion-id": "133131923220254880",
        "x-ms-request-id": "67a731d0-e01f-005b-02c7-fa9452000000",
        "x-ms-version": "2021-06-08"
      },
      "ResponseBody": null
    },
    {
      "RequestUri": "https://REDACTED.blob.core.windows.net/datalakedirectoryclienttestrenamefile?restype=container",
      "RequestMethod": "DELETE",
      "RequestHeaders": {
        "Authorization": "Sanitized",
        "Content-Length": "0",
        "User-Agent": "azsdk-cpp-storage-blobs/12.7.0-beta.1 (Windows 10 Enterprise 6.3 22621 22621.1.amd64fre.ni_release.220506-1250)",
        "x-ms-client-request-id": "ce04b899-94fd-43a2-7203-fe50f5150394",
        "x-ms-date": "Thu, 17 Nov 2022 20:58:42 GMT",
        "x-ms-version": "2021-04-10"
      },
      "RequestBody": null,
      "StatusCode": 202,
      "ResponseHeaders": {
        "Content-Length": "0",
        "Date": "Thu, 17 Nov 2022 20:58:42 GMT",
        "Server": [
          "Windows-Azure-Blob/1.0",
          "Microsoft-HTTPAPI/2.0"
        ],
        "x-ms-client-request-id": "ce04b899-94fd-43a2-7203-fe50f5150394",
        "x-ms-request-id": "88038e1d-901e-0023-7ec7-fa37aa000000",
        "x-ms-version": "2021-04-10"
      },
      "ResponseBody": null
    }
  ],
  "Variables": {}
}
