{
  "Entries": [
    {
      "RequestUri": "https://REDACTED.blob.core.windows.net/datalakefilesystemclienttestrenamefile?restype=container",
      "RequestMethod": "PUT",
      "RequestHeaders": {
        "Authorization": "Sanitized",
        "Content-Length": "0",
        "Expect": "100-continue",
        "User-Agent": "azsdk-cpp-storage-blobs/12.7.0-beta.1 (Windows 10 Enterprise 6.3 22621 22621.1.amd64fre.ni_release.220506-1250)",
        "x-ms-client-request-id": "5c054827-3c6c-4026-582d-112f5db421fa",
        "x-ms-date": "Wed, 30 Nov 2022 22:52:22 GMT",
        "x-ms-version": "2021-04-10"
      },
      "RequestBody": null,
      "StatusCode": 201,
      "ResponseHeaders": {
        "Content-Length": "0",
        "Date": "Wed, 30 Nov 2022 22:52:22 GMT",
        "ETag": "\u00220x8DAD3258B0BDCF3\u0022",
        "Last-Modified": "Wed, 30 Nov 2022 22:52:22 GMT",
        "Server": [
          "Windows-Azure-Blob/1.0",
          "Microsoft-HTTPAPI/2.0"
        ],
        "x-ms-client-request-id": "5c054827-3c6c-4026-582d-112f5db421fa",
        "x-ms-request-id": "f0a59688-801e-006c-600e-058ef7000000",
        "x-ms-version": "2021-04-10"
      },
      "ResponseBody": null
    },
    {
      "RequestUri": "https://REDACTED.dfs.core.windows.net/datalakefilesystemclienttestrenamefile/RenameFile1?resource=file",
      "RequestMethod": "PUT",
      "RequestHeaders": {
        "Authorization": "Sanitized",
        "Content-Length": "0",
        "Expect": "100-continue",
        "User-Agent": "azsdk-cpp-storage-files-datalake/12.5.0-beta.2 (Windows 10 Enterprise 6.3 22621 22621.1.amd64fre.ni_release.220506-1250)",
        "x-ms-client-request-id": "f95c6bdc-b4ff-41ab-7151-faccd5b198ab",
        "x-ms-date": "Wed, 30 Nov 2022 22:52:22 GMT",
        "x-ms-version": "2021-06-08"
      },
      "RequestBody": null,
      "StatusCode": 201,
      "ResponseHeaders": {
        "Content-Length": "0",
        "Date": "Wed, 30 Nov 2022 22:52:21 GMT",
        "ETag": "\u00220x8DAD3258B15F024\u0022",
        "Last-Modified": "Wed, 30 Nov 2022 22:52:22 GMT",
        "Server": [
          "Windows-Azure-HDFS/1.0",
          "Microsoft-HTTPAPI/2.0"
        ],
        "x-ms-client-request-id": "f95c6bdc-b4ff-41ab-7151-faccd5b198ab",
        "x-ms-request-id": "da4004e6-d01f-0003-680e-058404000000",
        "x-ms-request-server-encrypted": "true",
        "x-ms-version": "2021-06-08"
      },
      "ResponseBody": null
    },
    {
      "RequestUri": "https://REDACTED.dfs.core.windows.net/datalakefilesystemclienttestrenamefile/RenameFile2?mode=legacy",
      "RequestMethod": "PUT",
      "RequestHeaders": {
        "Authorization": "Sanitized",
        "Content-Length": "0",
        "Expect": "100-continue",
        "User-Agent": "azsdk-cpp-storage-files-datalake/12.5.0-beta.2 (Windows 10 Enterprise 6.3 22621 22621.1.amd64fre.ni_release.220506-1250)",
        "x-ms-client-request-id": "17f15004-6d39-4d9e-7eca-97835c8d1809",
        "x-ms-date": "Wed, 30 Nov 2022 22:52:22 GMT",
        "x-ms-rename-source": "/datalakefilesystemclienttestrenamefile/RenameFile1",
        "x-ms-version": "2021-06-08"
      },
      "RequestBody": null,
      "StatusCode": 201,
      "ResponseHeaders": {
        "Content-Length": "0",
        "Date": "Wed, 30 Nov 2022 22:52:21 GMT",
        "ETag": "\u00220x8DAD3258B15F024\u0022",
        "Last-Modified": "Wed, 30 Nov 2022 22:52:22 GMT",
        "Server": [
          "Windows-Azure-HDFS/1.0",
          "Microsoft-HTTPAPI/2.0"
        ],
        "x-ms-client-request-id": "17f15004-6d39-4d9e-7eca-97835c8d1809",
        "x-ms-request-id": "da4004e8-d01f-0003-6a0e-058404000000",
        "x-ms-version": "2021-06-08"
      },
      "ResponseBody": null
    },
    {
      "RequestUri": "https://REDACTED.blob.core.windows.net/datalakefilesystemclienttestrenamefile/RenameFile2",
      "RequestMethod": "HEAD",
      "RequestHeaders": {
        "Authorization": "Sanitized",
        "Content-Length": "0",
        "User-Agent": "azsdk-cpp-storage-files-datalake/12.5.0-beta.2 (Windows 10 Enterprise 6.3 22621 22621.1.amd64fre.ni_release.220506-1250)",
        "x-ms-client-request-id": "f0e25abf-9171-4a4c-7574-e8802cba4077",
        "x-ms-date": "Wed, 30 Nov 2022 22:52:22 GMT",
        "x-ms-version": "2021-04-10"
      },
      "RequestBody": null,
      "StatusCode": 200,
      "ResponseHeaders": {
        "Accept-Ranges": "bytes",
        "Content-Length": "0",
        "Content-Type": "application/octet-stream",
        "Date": "Wed, 30 Nov 2022 22:52:22 GMT",
        "ETag": "\u00220x8DAD3258B15F024\u0022",
        "Last-Modified": "Wed, 30 Nov 2022 22:52:22 GMT",
        "Server": [
          "Windows-Azure-Blob/1.0",
          "Microsoft-HTTPAPI/2.0"
        ],
        "x-ms-access-tier": "Hot",
        "x-ms-access-tier-inferred": "true",
        "x-ms-blob-type": "BlockBlob",
        "x-ms-client-request-id": "f0e25abf-9171-4a4c-7574-e8802cba4077",
        "x-ms-creation-time": "Wed, 30 Nov 2022 22:52:22 GMT",
        "x-ms-group": "$superuser",
        "x-ms-lease-state": "available",
        "x-ms-lease-status": "unlocked",
        "x-ms-owner": "$superuser",
        "x-ms-permissions": "rw-r-----",
        "x-ms-request-id": "f0a5970b-801e-006c-500e-058ef7000000",
        "x-ms-resource-type": "file",
        "x-ms-server-encrypted": "true",
        "x-ms-version": "2021-04-10"
      },
      "ResponseBody": null
    },
    {
      "RequestUri": "https://REDACTED.blob.core.windows.net/datalakefilesystemclienttestrenamefile/RenameFile2",
      "RequestMethod": "HEAD",
      "RequestHeaders": {
        "Authorization": "Sanitized",
        "Content-Length": "0",
        "User-Agent": "azsdk-cpp-storage-blobs/12.7.0-beta.1 (Windows 10 Enterprise 6.3 22621 22621.1.amd64fre.ni_release.220506-1250)",
        "x-ms-client-request-id": "113a2e25-720b-4414-6f49-93bcedb62884",
        "x-ms-date": "Wed, 30 Nov 2022 22:52:22 GMT",
        "x-ms-version": "2021-04-10"
      },
      "RequestBody": null,
      "StatusCode": 200,
      "ResponseHeaders": {
        "Accept-Ranges": "bytes",
        "Content-Length": "0",
        "Content-Type": "application/octet-stream",
        "Date": "Wed, 30 Nov 2022 22:52:22 GMT",
        "ETag": "\u00220x8DAD3258B15F024\u0022",
        "Last-Modified": "Wed, 30 Nov 2022 22:52:22 GMT",
        "Server": [
          "Windows-Azure-Blob/1.0",
          "Microsoft-HTTPAPI/2.0"
        ],
        "x-ms-access-tier": "Hot",
        "x-ms-access-tier-inferred": "true",
        "x-ms-blob-type": "BlockBlob",
        "x-ms-client-request-id": "113a2e25-720b-4414-6f49-93bcedb62884",
        "x-ms-creation-time": "Wed, 30 Nov 2022 22:52:22 GMT",
        "x-ms-group": "$superuser",
        "x-ms-lease-state": "available",
        "x-ms-lease-status": "unlocked",
        "x-ms-owner": "$superuser",
        "x-ms-permissions": "rw-r-----",
        "x-ms-request-id": "f0a5971c-801e-006c-5e0e-058ef7000000",
        "x-ms-resource-type": "file",
        "x-ms-server-encrypted": "true",
        "x-ms-version": "2021-04-10"
      },
      "ResponseBody": null
    },
    {
      "RequestUri": "https://REDACTED.blob.core.windows.net/datalakefilesystemclienttestrenamefile/RenameFile1",
      "RequestMethod": "HEAD",
      "RequestHeaders": {
        "Authorization": "Sanitized",
        "Content-Length": "0",
        "User-Agent": "azsdk-cpp-storage-blobs/12.7.0-beta.1 (Windows 10 Enterprise 6.3 22621 22621.1.amd64fre.ni_release.220506-1250)",
        "x-ms-client-request-id": "6210a7f1-008a-44b9-5ab9-15fb5d12f877",
        "x-ms-date": "Wed, 30 Nov 2022 22:52:22 GMT",
        "x-ms-version": "2021-04-10"
      },
      "RequestBody": null,
      "StatusCode": 404,
      "ResponseHeaders": {
        "Date": "Wed, 30 Nov 2022 22:52:22 GMT",
        "Server": [
          "Windows-Azure-Blob/1.0",
          "Microsoft-HTTPAPI/2.0"
        ],
        "Transfer-Encoding": "chunked",
        "x-ms-client-request-id": "6210a7f1-008a-44b9-5ab9-15fb5d12f877",
        "x-ms-error-code": "BlobNotFound",
        "x-ms-request-id": "f0a59734-801e-006c-740e-058ef7000000",
        "x-ms-version": "2021-04-10"
      },
      "ResponseBody": null
    },
    {
      "RequestUri": "https://REDACTED.blob.core.windows.net/renamefile1?restype=container",
      "RequestMethod": "PUT",
      "RequestHeaders": {
        "Authorization": "Sanitized",
        "Content-Length": "0",
        "Expect": "100-continue",
        "User-Agent": "azsdk-cpp-storage-blobs/12.7.0-beta.1 (Windows 10 Enterprise 6.3 22621 22621.1.amd64fre.ni_release.220506-1250)",
        "x-ms-client-request-id": "6cd8e9e2-d308-4597-67a1-1c4f07c3f0f1",
        "x-ms-date": "Wed, 30 Nov 2022 22:52:22 GMT",
        "x-ms-version": "2021-04-10"
      },
      "RequestBody": null,
      "StatusCode": 201,
      "ResponseHeaders": {
        "Content-Length": "0",
        "Date": "Wed, 30 Nov 2022 22:52:22 GMT",
        "ETag": "\u00220x8DAD3258B3927F0\u0022",
        "Last-Modified": "Wed, 30 Nov 2022 22:52:22 GMT",
        "Server": [
          "Windows-Azure-Blob/1.0",
          "Microsoft-HTTPAPI/2.0"
        ],
        "x-ms-client-request-id": "6cd8e9e2-d308-4597-67a1-1c4f07c3f0f1",
        "x-ms-request-id": "f0a5974d-801e-006c-0a0e-058ef7000000",
        "x-ms-version": "2021-04-10"
      },
      "ResponseBody": null
    },
    {
      "RequestUri": "https://REDACTED.dfs.core.windows.net/renamefile1/RenameFile3?mode=legacy",
      "RequestMethod": "PUT",
      "RequestHeaders": {
        "Authorization": "Sanitized",
        "Content-Length": "0",
        "Expect": "100-continue",
        "User-Agent": "azsdk-cpp-storage-files-datalake/12.5.0-beta.2 (Windows 10 Enterprise 6.3 22621 22621.1.amd64fre.ni_release.220506-1250)",
        "x-ms-client-request-id": "8ae70b36-3bec-447a-5bf5-a71f8220439f",
        "x-ms-date": "Wed, 30 Nov 2022 22:52:22 GMT",
        "x-ms-rename-source": "/datalakefilesystemclienttestrenamefile/RenameFile2",
        "x-ms-version": "2021-06-08"
      },
      "RequestBody": null,
      "StatusCode": 201,
      "ResponseHeaders": {
        "Content-Length": "0",
        "Date": "Wed, 30 Nov 2022 22:52:22 GMT",
        "ETag": "\u00220x8DAD3258B15F024\u0022",
        "Last-Modified": "Wed, 30 Nov 2022 22:52:22 GMT",
        "Server": [
          "Windows-Azure-HDFS/1.0",
          "Microsoft-HTTPAPI/2.0"
        ],
        "x-ms-client-request-id": "8ae70b36-3bec-447a-5bf5-a71f8220439f",
        "x-ms-request-id": "da4004eb-d01f-0003-6d0e-058404000000",
        "x-ms-version": "2021-06-08"
      },
      "ResponseBody": null
    },
    {
      "RequestUri": "https://REDACTED.blob.core.windows.net/renamefile1/RenameFile3",
      "RequestMethod": "HEAD",
      "RequestHeaders": {
        "Authorization": "Sanitized",
        "Content-Length": "0",
        "User-Agent": "azsdk-cpp-storage-files-datalake/12.5.0-beta.2 (Windows 10 Enterprise 6.3 22621 22621.1.amd64fre.ni_release.220506-1250)",
        "x-ms-client-request-id": "d5482c08-7cc2-4ead-790c-11d82ac1f502",
        "x-ms-date": "Wed, 30 Nov 2022 22:52:23 GMT",
        "x-ms-version": "2021-04-10"
      },
      "RequestBody": null,
      "StatusCode": 200,
      "ResponseHeaders": {
        "Accept-Ranges": "bytes",
        "Content-Length": "0",
        "Content-Type": "application/octet-stream",
        "Date": "Wed, 30 Nov 2022 22:52:23 GMT",
        "ETag": "\u00220x8DAD3258B15F024\u0022",
        "Last-Modified": "Wed, 30 Nov 2022 22:52:22 GMT",
        "Server": [
          "Windows-Azure-Blob/1.0",
          "Microsoft-HTTPAPI/2.0"
        ],
        "x-ms-access-tier": "Hot",
        "x-ms-access-tier-inferred": "true",
        "x-ms-blob-type": "BlockBlob",
        "x-ms-client-request-id": "d5482c08-7cc2-4ead-790c-11d82ac1f502",
        "x-ms-creation-time": "Wed, 30 Nov 2022 22:52:22 GMT",
        "x-ms-group": "$superuser",
        "x-ms-lease-state": "available",
        "x-ms-lease-status": "unlocked",
        "x-ms-owner": "$superuser",
        "x-ms-permissions": "rw-r-----",
        "x-ms-request-id": "f0a597ae-801e-006c-590e-058ef7000000",
        "x-ms-resource-type": "file",
        "x-ms-server-encrypted": "true",
        "x-ms-version": "2021-04-10"
      },
      "ResponseBody": null
    },
    {
      "RequestUri": "https://REDACTED.blob.core.windows.net/renamefile1/RenameFile3",
      "RequestMethod": "HEAD",
      "RequestHeaders": {
        "Authorization": "Sanitized",
        "Content-Length": "0",
        "User-Agent": "azsdk-cpp-storage-blobs/12.7.0-beta.1 (Windows 10 Enterprise 6.3 22621 22621.1.amd64fre.ni_release.220506-1250)",
        "x-ms-client-request-id": "c6caadb3-8353-44c1-62d2-9c06a828c357",
        "x-ms-date": "Wed, 30 Nov 2022 22:52:23 GMT",
        "x-ms-version": "2021-04-10"
      },
      "RequestBody": null,
      "StatusCode": 200,
      "ResponseHeaders": {
        "Accept-Ranges": "bytes",
        "Content-Length": "0",
        "Content-Type": "application/octet-stream",
        "Date": "Wed, 30 Nov 2022 22:52:23 GMT",
        "ETag": "\u00220x8DAD3258B15F024\u0022",
        "Last-Modified": "Wed, 30 Nov 2022 22:52:22 GMT",
        "Server": [
          "Windows-Azure-Blob/1.0",
          "Microsoft-HTTPAPI/2.0"
        ],
        "x-ms-access-tier": "Hot",
        "x-ms-access-tier-inferred": "true",
        "x-ms-blob-type": "BlockBlob",
        "x-ms-client-request-id": "c6caadb3-8353-44c1-62d2-9c06a828c357",
        "x-ms-creation-time": "Wed, 30 Nov 2022 22:52:22 GMT",
        "x-ms-group": "$superuser",
        "x-ms-lease-state": "available",
        "x-ms-lease-status": "unlocked",
        "x-ms-owner": "$superuser",
        "x-ms-permissions": "rw-r-----",
        "x-ms-request-id": "f0a597d6-801e-006c-7d0e-058ef7000000",
        "x-ms-resource-type": "file",
        "x-ms-server-encrypted": "true",
        "x-ms-version": "2021-04-10"
      },
      "ResponseBody": null
    },
    {
      "RequestUri": "https://REDACTED.blob.core.windows.net/renamefile1?restype=container",
      "RequestMethod": "DELETE",
      "RequestHeaders": {
        "Authorization": "Sanitized",
        "Content-Length": "0",
        "User-Agent": "azsdk-cpp-storage-blobs/12.7.0-beta.1 (Windows 10 Enterprise 6.3 22621 22621.1.amd64fre.ni_release.220506-1250)",
        "x-ms-client-request-id": "f775d176-ab2d-487a-5380-649bdb96ab91",
        "x-ms-date": "Wed, 30 Nov 2022 22:52:23 GMT",
        "x-ms-version": "2021-04-10"
      },
      "RequestBody": null,
      "StatusCode": 202,
      "ResponseHeaders": {
        "Content-Length": "0",
        "Date": "Wed, 30 Nov 2022 22:52:23 GMT",
        "Server": [
          "Windows-Azure-Blob/1.0",
          "Microsoft-HTTPAPI/2.0"
        ],
        "x-ms-client-request-id": "f775d176-ab2d-487a-5380-649bdb96ab91",
        "x-ms-request-id": "f0a597f5-801e-006c-190e-058ef7000000",
        "x-ms-version": "2021-04-10"
      },
      "ResponseBody": null
    },
    {
      "RequestUri": "https://REDACTED.blob.core.windows.net/datalakefilesystemclienttestrenamefile/RenameFile2",
      "RequestMethod": "HEAD",
      "RequestHeaders": {
        "Authorization": "Sanitized",
        "Content-Length": "0",
        "User-Agent": "azsdk-cpp-storage-files-datalake/12.5.0-beta.2 (Windows 10 Enterprise 6.3 22621 22621.1.amd64fre.ni_release.220506-1250)",
        "x-ms-client-request-id": "6727520a-8128-452b-6ed5-5c4889a9c778",
        "x-ms-date": "Wed, 30 Nov 2022 22:52:23 GMT",
        "x-ms-version": "2021-04-10"
      },
      "RequestBody": null,
      "StatusCode": 404,
      "ResponseHeaders": {
        "Date": "Wed, 30 Nov 2022 22:52:23 GMT",
        "Server": [
          "Windows-Azure-Blob/1.0",
          "Microsoft-HTTPAPI/2.0"
        ],
        "Transfer-Encoding": "chunked",
        "x-ms-client-request-id": "6727520a-8128-452b-6ed5-5c4889a9c778",
        "x-ms-error-code": "BlobNotFound",
        "x-ms-request-id": "f0a59820-801e-006c-3d0e-058ef7000000",
        "x-ms-version": "2021-04-10"
      },
      "ResponseBody": null
    },
    {
      "RequestUri": "https://REDACTED.blob.core.windows.net/datalakefilesystemclienttestrenamefile?restype=container",
      "RequestMethod": "DELETE",
      "RequestHeaders": {
        "Authorization": "Sanitized",
        "Content-Length": "0",
        "User-Agent": "azsdk-cpp-storage-blobs/12.7.0-beta.1 (Windows 10 Enterprise 6.3 22621 22621.1.amd64fre.ni_release.220506-1250)",
        "x-ms-client-request-id": "745a0901-3844-467d-79f9-a3fe6ab49e9e",
        "x-ms-date": "Wed, 30 Nov 2022 22:52:23 GMT",
        "x-ms-version": "2021-04-10"
      },
      "RequestBody": null,
      "StatusCode": 202,
      "ResponseHeaders": {
        "Content-Length": "0",
        "Date": "Wed, 30 Nov 2022 22:52:23 GMT",
        "Server": [
          "Windows-Azure-Blob/1.0",
          "Microsoft-HTTPAPI/2.0"
        ],
        "x-ms-client-request-id": "745a0901-3844-467d-79f9-a3fe6ab49e9e",
        "x-ms-request-id": "f0a5984d-801e-006c-640e-058ef7000000",
        "x-ms-version": "2021-04-10"
      },
      "ResponseBody": null
    }
  ],
  "Variables": {}
}
