{
  "Entries": [
    {
      "RequestUri": "https://REDACTED.blob.core.windows.net/talakefilesystemclienttestgetdatalakefilesystempropertiesresult?restype=container",
      "RequestMethod": "PUT",
      "RequestHeaders": {
        "Authorization": "Sanitized",
        "Content-Length": "0",
        "Expect": "100-continue",
        "User-Agent": "azsdk-cpp-storage-blobs/12.7.0-beta.1 (Windows 10 Enterprise 6.3 22621 22621.1.amd64fre.ni_release.220506-1250)",
        "x-ms-client-request-id": "f3afaaf9-788d-4e0d-7f3b-ad4ec0178782",
        "x-ms-date": "Thu, 17 Nov 2022 21:07:58 GMT",
        "x-ms-version": "2021-04-10"
      },
      "RequestBody": null,
      "StatusCode": 201,
      "ResponseHeaders": {
        "Content-Length": "0",
        "Date": "Thu, 17 Nov 2022 21:07:57 GMT",
        "ETag": "\u00220x8DAC8DFCDA1ADCC\u0022",
        "Last-Modified": "Thu, 17 Nov 2022 21:07:57 GMT",
        "Server": [
          "Windows-Azure-Blob/1.0",
          "Microsoft-HTTPAPI/2.0"
        ],
        "x-ms-client-request-id": "f3afaaf9-788d-4e0d-7f3b-ad4ec0178782",
        "x-ms-request-id": "511d0c37-c01e-005c-47c8-faf831000000",
        "x-ms-version": "2021-04-10"
      },
      "ResponseBody": null
    },
    {
      "RequestUri": "https://REDACTED.blob.core.windows.net/talakefilesystemclienttestgetdatalakefilesystempropertiesresult?comp=metadata\u0026restype=container",
      "RequestMethod": "PUT",
      "RequestHeaders": {
        "Authorization": "Sanitized",
        "Content-Length": "0",
        "Expect": "100-continue",
        "User-Agent": "azsdk-cpp-storage-blobs/12.7.0-beta.1 (Windows 10 Enterprise 6.3 22621 22621.1.amd64fre.ni_release.220506-1250)",
        "x-ms-client-request-id": "ef6b3798-1852-45ac-4f79-2f55b573537f",
        "x-ms-date": "Thu, 17 Nov 2022 21:07:58 GMT",
        "x-ms-meta-meta0": "value",
        "x-ms-meta-meta1": "value",
        "x-ms-meta-meta2": "value",
        "x-ms-meta-meta3": "value",
        "x-ms-meta-meta4": "value",
        "x-ms-version": "2021-04-10"
      },
      "RequestBody": null,
      "StatusCode": 200,
      "ResponseHeaders": {
        "Content-Length": "0",
        "Date": "Thu, 17 Nov 2022 21:07:57 GMT",
        "ETag": "\u00220x8DAC8DFCDABD79E\u0022",
        "Last-Modified": "Thu, 17 Nov 2022 21:07:58 GMT",
        "Server": [
          "Windows-Azure-Blob/1.0",
          "Microsoft-HTTPAPI/2.0"
        ],
        "x-ms-client-request-id": "ef6b3798-1852-45ac-4f79-2f55b573537f",
        "x-ms-request-id": "511d0c3f-c01e-005c-4ec8-faf831000000",
        "x-ms-version": "2021-04-10"
      },
      "ResponseBody": null
    },
    {
      "RequestUri": "https://REDACTED.blob.core.windows.net/talakefilesystemclienttestgetdatalakefilesystempropertiesresult?restype=container",
      "RequestMethod": "GET",
      "RequestHeaders": {
        "Authorization": "Sanitized",
        "Content-Length": "0",
        "User-Agent": "azsdk-cpp-storage-blobs/12.7.0-beta.1 (Windows 10 Enterprise 6.3 22621 22621.1.amd64fre.ni_release.220506-1250)",
        "x-ms-client-request-id": "be90acd7-a5c7-4cc0-763c-0cf647849382",
        "x-ms-date": "Thu, 17 Nov 2022 21:07:58 GMT",
        "x-ms-version": "2021-04-10"
      },
      "RequestBody": null,
      "StatusCode": 200,
      "ResponseHeaders": {
        "Content-Length": "0",
        "Date": "Thu, 17 Nov 2022 21:07:57 GMT",
        "ETag": "\u00220x8DAC8DFCDABD79E\u0022",
        "Last-Modified": "Thu, 17 Nov 2022 21:07:58 GMT",
        "Server": [
          "Windows-Azure-Blob/1.0",
          "Microsoft-HTTPAPI/2.0"
        ],
        "x-ms-client-request-id": "be90acd7-a5c7-4cc0-763c-0cf647849382",
        "x-ms-default-encryption-scope": "$account-encryption-key",
        "x-ms-deny-encryption-scope-override": "false",
        "x-ms-has-immutability-policy": "false",
        "x-ms-has-legal-hold": "false",
        "x-ms-immutable-storage-with-versioning-enabled": "false",
        "x-ms-lease-state": "available",
        "x-ms-lease-status": "unlocked",
        "x-ms-meta-meta0": "value",
        "x-ms-meta-meta1": "value",
        "x-ms-meta-meta2": "value",
        "x-ms-meta-meta3": "value",
        "x-ms-meta-meta4": "value",
        "x-ms-request-id": "511d0c4f-c01e-005c-5bc8-faf831000000",
        "x-ms-version": "2021-04-10"
      },
      "ResponseBody": null
    },
    {
      "RequestUri": "https://REDACTED.blob.core.windows.net/talakefilesystemclienttestgetdatalakefilesystempropertiesresult?comp=metadata\u0026restype=container",
      "RequestMethod": "PUT",
      "RequestHeaders": {
        "Authorization": "Sanitized",
        "Content-Length": "0",
        "Expect": "100-continue",
        "User-Agent": "azsdk-cpp-storage-blobs/12.7.0-beta.1 (Windows 10 Enterprise 6.3 22621 22621.1.amd64fre.ni_release.220506-1250)",
        "x-ms-client-request-id": "cfa01bcc-0216-45a0-58a5-e06aae5ba4dd",
        "x-ms-date": "Thu, 17 Nov 2022 21:07:58 GMT",
        "x-ms-meta-meta0": "value",
        "x-ms-meta-meta1": "value",
        "x-ms-meta-meta2": "value",
        "x-ms-meta-meta3": "value",
        "x-ms-meta-meta4": "value",
        "x-ms-version": "2021-04-10"
      },
      "RequestBody": null,
      "StatusCode": 200,
      "ResponseHeaders": {
        "Content-Length": "0",
        "Date": "Thu, 17 Nov 2022 21:07:57 GMT",
        "ETag": "\u00220x8DAC8DFCDBE246B\u0022",
        "Last-Modified": "Thu, 17 Nov 2022 21:07:58 GMT",
        "Server": [
          "Windows-Azure-Blob/1.0",
          "Microsoft-HTTPAPI/2.0"
        ],
        "x-ms-client-request-id": "cfa01bcc-0216-45a0-58a5-e06aae5ba4dd",
        "x-ms-request-id": "511d0c57-c01e-005c-63c8-faf831000000",
        "x-ms-version": "2021-04-10"
      },
      "ResponseBody": null
    },
    {
      "RequestUri": "https://REDACTED.blob.core.windows.net/talakefilesystemclienttestgetdatalakefilesystempropertiesresult?restype=container",
      "RequestMethod": "GET",
      "RequestHeaders": {
        "Authorization": "Sanitized",
        "Content-Length": "0",
        "User-Agent": "azsdk-cpp-storage-blobs/12.7.0-beta.1 (Windows 10 Enterprise 6.3 22621 22621.1.amd64fre.ni_release.220506-1250)",
        "x-ms-client-request-id": "2925f829-32cd-4c60-6a81-af64a22acc83",
        "x-ms-date": "Thu, 17 Nov 2022 21:07:58 GMT",
        "x-ms-version": "2021-04-10"
      },
      "RequestBody": null,
      "StatusCode": 200,
      "ResponseHeaders": {
        "Content-Length": "0",
        "Date": "Thu, 17 Nov 2022 21:07:57 GMT",
        "ETag": "\u00220x8DAC8DFCDBE246B\u0022",
        "Last-Modified": "Thu, 17 Nov 2022 21:07:58 GMT",
        "Server": [
          "Windows-Azure-Blob/1.0",
          "Microsoft-HTTPAPI/2.0"
        ],
        "x-ms-client-request-id": "2925f829-32cd-4c60-6a81-af64a22acc83",
        "x-ms-default-encryption-scope": "$account-encryption-key",
        "x-ms-deny-encryption-scope-override": "false",
        "x-ms-has-immutability-policy": "false",
        "x-ms-has-legal-hold": "false",
        "x-ms-immutable-storage-with-versioning-enabled": "false",
        "x-ms-lease-state": "available",
        "x-ms-lease-status": "unlocked",
        "x-ms-meta-meta0": "value",
        "x-ms-meta-meta1": "value",
        "x-ms-meta-meta2": "value",
        "x-ms-meta-meta3": "value",
        "x-ms-meta-meta4": "value",
        "x-ms-request-id": "511d0c6c-c01e-005c-74c8-faf831000000",
        "x-ms-version": "2021-04-10"
      },
      "ResponseBody": null
    },
    {
      "RequestUri": "https://REDACTED.blob.core.windows.net/talakefilesystemclienttestgetdatalakefilesystempropertiesresult?restype=container",
      "RequestMethod": "GET",
      "RequestHeaders": {
        "Authorization": "Sanitized",
        "Content-Length": "0",
        "User-Agent": "azsdk-cpp-storage-blobs/12.7.0-beta.1 (Windows 10 Enterprise 6.3 22621 22621.1.amd64fre.ni_release.220506-1250)",
        "x-ms-client-request-id": "60e56972-0960-413b-4864-46361f198f52",
        "x-ms-date": "Thu, 17 Nov 2022 21:07:58 GMT",
        "x-ms-version": "2021-04-10"
      },
      "RequestBody": null,
      "StatusCode": 200,
      "ResponseHeaders": {
        "Content-Length": "0",
        "Date": "Thu, 17 Nov 2022 21:07:57 GMT",
        "ETag": "\u00220x8DAC8DFCDBE246B\u0022",
        "Last-Modified": "Thu, 17 Nov 2022 21:07:58 GMT",
        "Server": [
          "Windows-Azure-Blob/1.0",
          "Microsoft-HTTPAPI/2.0"
        ],
        "x-ms-client-request-id": "60e56972-0960-413b-4864-46361f198f52",
        "x-ms-default-encryption-scope": "$account-encryption-key",
        "x-ms-deny-encryption-scope-override": "false",
        "x-ms-has-immutability-policy": "false",
        "x-ms-has-legal-hold": "false",
        "x-ms-immutable-storage-with-versioning-enabled": "false",
        "x-ms-lease-state": "available",
        "x-ms-lease-status": "unlocked",
        "x-ms-meta-meta0": "value",
        "x-ms-meta-meta1": "value",
        "x-ms-meta-meta2": "value",
        "x-ms-meta-meta3": "value",
        "x-ms-meta-meta4": "value",
        "x-ms-request-id": "511d0c7c-c01e-005c-02c8-faf831000000",
        "x-ms-version": "2021-04-10"
      },
      "ResponseBody": null
    },
    {
      "RequestUri": "https://REDACTED.blob.core.windows.net/talakefilesystemclienttestgetdatalakefilesystempropertiesresult?restype=container",
      "RequestMethod": "GET",
      "RequestHeaders": {
        "Authorization": "Sanitized",
        "Content-Length": "0",
        "User-Agent": "azsdk-cpp-storage-blobs/12.7.0-beta.1 (Windows 10 Enterprise 6.3 22621 22621.1.amd64fre.ni_release.220506-1250)",
        "x-ms-client-request-id": "1bd834ee-2730-4222-5a3b-258442c5fa53",
        "x-ms-date": "Thu, 17 Nov 2022 21:07:58 GMT",
        "x-ms-version": "2021-04-10"
      },
      "RequestBody": null,
      "StatusCode": 200,
      "ResponseHeaders": {
        "Content-Length": "0",
        "Date": "Thu, 17 Nov 2022 21:07:57 GMT",
        "ETag": "\u00220x8DAC8DFCDBE246B\u0022",
        "Last-Modified": "Thu, 17 Nov 2022 21:07:58 GMT",
        "Server": [
          "Windows-Azure-Blob/1.0",
          "Microsoft-HTTPAPI/2.0"
        ],
        "x-ms-client-request-id": "1bd834ee-2730-4222-5a3b-258442c5fa53",
        "x-ms-default-encryption-scope": "$account-encryption-key",
        "x-ms-deny-encryption-scope-override": "false",
        "x-ms-has-immutability-policy": "false",
        "x-ms-has-legal-hold": "false",
        "x-ms-immutable-storage-with-versioning-enabled": "false",
        "x-ms-lease-state": "available",
        "x-ms-lease-status": "unlocked",
        "x-ms-meta-meta0": "value",
        "x-ms-meta-meta1": "value",
        "x-ms-meta-meta2": "value",
        "x-ms-meta-meta3": "value",
        "x-ms-meta-meta4": "value",
        "x-ms-request-id": "511d0c8b-c01e-005c-10c8-faf831000000",
        "x-ms-version": "2021-04-10"
      },
      "ResponseBody": null
    },
    {
      "RequestUri": "https://REDACTED.blob.core.windows.net/talakefilesystemclienttestgetdatalakefilesystempropertiesresult?comp=metadata\u0026restype=container",
      "RequestMethod": "PUT",
      "RequestHeaders": {
        "Authorization": "Sanitized",
        "Content-Length": "0",
        "Expect": "100-continue",
        "User-Agent": "azsdk-cpp-storage-blobs/12.7.0-beta.1 (Windows 10 Enterprise 6.3 22621 22621.1.amd64fre.ni_release.220506-1250)",
        "x-ms-client-request-id": "58b494f3-9615-4806-72f4-12e6ab22e3c0",
        "x-ms-date": "Thu, 17 Nov 2022 21:07:58 GMT",
        "x-ms-meta-meta0": "value",
        "x-ms-meta-meta1": "value",
        "x-ms-meta-meta2": "value",
        "x-ms-meta-meta3": "value",
        "x-ms-meta-meta4": "value",
        "x-ms-version": "2021-04-10"
      },
      "RequestBody": null,
      "StatusCode": 200,
      "ResponseHeaders": {
        "Content-Length": "0",
        "Date": "Thu, 17 Nov 2022 21:07:57 GMT",
        "ETag": "\u00220x8DAC8DFCDDC7D6F\u0022",
        "Last-Modified": "Thu, 17 Nov 2022 21:07:58 GMT",
        "Server": [
          "Windows-Azure-Blob/1.0",
          "Microsoft-HTTPAPI/2.0"
        ],
        "x-ms-client-request-id": "58b494f3-9615-4806-72f4-12e6ab22e3c0",
        "x-ms-request-id": "511d0c9c-c01e-005c-20c8-faf831000000",
        "x-ms-version": "2021-04-10"
      },
      "ResponseBody": null
    },
    {
      "RequestUri": "https://REDACTED.blob.core.windows.net/talakefilesystemclienttestgetdatalakefilesystempropertiesresult?restype=container",
      "RequestMethod": "GET",
      "RequestHeaders": {
        "Authorization": "Sanitized",
        "Content-Length": "0",
        "User-Agent": "azsdk-cpp-storage-blobs/12.7.0-beta.1 (Windows 10 Enterprise 6.3 22621 22621.1.amd64fre.ni_release.220506-1250)",
        "x-ms-client-request-id": "de38a575-8646-47d0-4cf4-4ff9d44294c2",
        "x-ms-date": "Thu, 17 Nov 2022 21:07:58 GMT",
        "x-ms-version": "2021-04-10"
      },
      "RequestBody": null,
      "StatusCode": 200,
      "ResponseHeaders": {
        "Content-Length": "0",
        "Date": "Thu, 17 Nov 2022 21:07:57 GMT",
        "ETag": "\u00220x8DAC8DFCDDC7D6F\u0022",
        "Last-Modified": "Thu, 17 Nov 2022 21:07:58 GMT",
        "Server": [
          "Windows-Azure-Blob/1.0",
          "Microsoft-HTTPAPI/2.0"
        ],
        "x-ms-client-request-id": "de38a575-8646-47d0-4cf4-4ff9d44294c2",
        "x-ms-default-encryption-scope": "$account-encryption-key",
        "x-ms-deny-encryption-scope-override": "false",
        "x-ms-has-immutability-policy": "false",
        "x-ms-has-legal-hold": "false",
        "x-ms-immutable-storage-with-versioning-enabled": "false",
        "x-ms-lease-state": "available",
        "x-ms-lease-status": "unlocked",
        "x-ms-meta-meta0": "value",
        "x-ms-meta-meta1": "value",
        "x-ms-meta-meta2": "value",
        "x-ms-meta-meta3": "value",
        "x-ms-meta-meta4": "value",
        "x-ms-request-id": "511d0caa-c01e-005c-2cc8-faf831000000",
        "x-ms-version": "2021-04-10"
      },
      "ResponseBody": null
    },
    {
      "RequestUri": "https://REDACTED.blob.core.windows.net/talakefilesystemclienttestgetdatalakefilesystempropertiesresult?restype=container",
      "RequestMethod": "DELETE",
      "RequestHeaders": {
        "Authorization": "Sanitized",
        "Content-Length": "0",
        "User-Agent": "azsdk-cpp-storage-blobs/12.7.0-beta.1 (Windows 10 Enterprise 6.3 22621 22621.1.amd64fre.ni_release.220506-1250)",
        "x-ms-client-request-id": "8f0c05ea-973c-4074-4e1c-23a5cda820b7",
        "x-ms-date": "Thu, 17 Nov 2022 21:07:58 GMT",
        "x-ms-version": "2021-04-10"
      },
      "RequestBody": null,
      "StatusCode": 202,
      "ResponseHeaders": {
        "Content-Length": "0",
        "Date": "Thu, 17 Nov 2022 21:07:57 GMT",
        "Server": [
          "Windows-Azure-Blob/1.0",
          "Microsoft-HTTPAPI/2.0"
        ],
        "x-ms-client-request-id": "8f0c05ea-973c-4074-4e1c-23a5cda820b7",
        "x-ms-request-id": "511d0cb1-c01e-005c-33c8-faf831000000",
        "x-ms-version": "2021-04-10"
      },
      "ResponseBody": null
    }
  ],
  "Variables": {}
}
