{
  "Entries": [
    {
      "RequestUri": "https://REDACTED.blob.core.windows.net/withparam-uploadfilefromfile-c2s0?restype=container",
      "RequestMethod": "PUT",
      "RequestHeaders": {
        "Authorization": "Sanitized",
        "Content-Length": "0",
        "Expect": "100-continue",
        "User-Agent": "azsdk-cpp-storage-blobs/12.7.0-beta.1 (Windows 10 Enterprise 6.3 22621 22621.1.amd64fre.ni_release.220506-1250)",
        "x-ms-client-request-id": "a795c388-749e-4c97-615d-a7419f64a8c0",
        "x-ms-date": "Wed, 30 Nov 2022 22:55:25 GMT",
        "x-ms-version": "2021-04-10"
      },
      "RequestBody": null,
      "StatusCode": 201,
      "ResponseHeaders": {
        "Content-Length": "0",
        "Date": "Wed, 30 Nov 2022 22:55:25 GMT",
        "ETag": "\u00220x8DAD325F8254F92\u0022",
        "Last-Modified": "Wed, 30 Nov 2022 22:55:25 GMT",
        "Server": [
          "Windows-Azure-Blob/1.0",
          "Microsoft-HTTPAPI/2.0"
        ],
        "x-ms-client-request-id": "a795c388-749e-4c97-615d-a7419f64a8c0",
        "x-ms-request-id": "f0a79b57-801e-006c-5b0e-058ef7000000",
        "x-ms-version": "2021-04-10"
      },
      "ResponseBody": null
    },
    {
      "RequestUri": "https://REDACTED.dfs.core.windows.net/withparam-uploadfilefromfile-c2s0/withparam-uploadfilefromfile-c2s0?resource=file",
      "RequestMethod": "PUT",
      "RequestHeaders": {
        "Authorization": "Sanitized",
        "Content-Length": "0",
        "Expect": "100-continue",
        "If-None-Match": "*",
        "User-Agent": "azsdk-cpp-storage-files-datalake/12.5.0-beta.2 (Windows 10 Enterprise 6.3 22621 22621.1.amd64fre.ni_release.220506-1250)",
        "x-ms-client-request-id": "fee55539-93da-4eff-4940-d652ab6613e6",
        "x-ms-date": "Wed, 30 Nov 2022 22:55:25 GMT",
        "x-ms-version": "2021-06-08"
      },
      "RequestBody": null,
      "StatusCode": 201,
      "ResponseHeaders": {
        "Content-Length": "0",
        "Date": "Wed, 30 Nov 2022 22:55:24 GMT",
        "ETag": "\u00220x8DAD325F83616F7\u0022",
        "Last-Modified": "Wed, 30 Nov 2022 22:55:25 GMT",
        "Server": [
          "Windows-Azure-HDFS/1.0",
          "Microsoft-HTTPAPI/2.0"
        ],
        "x-ms-client-request-id": "fee55539-93da-4eff-4940-d652ab6613e6",
        "x-ms-request-id": "da400f2c-d01f-0003-250e-058404000000",
        "x-ms-request-server-encrypted": "true",
        "x-ms-version": "2021-06-08"
      },
      "ResponseBody": null
    },
    {
      "RequestUri": "https://REDACTED.blob.core.windows.net/withparam-uploadfilefromfile-c2s0/fromfile-c2s0",
      "RequestMethod": "PUT",
      "RequestHeaders": {
        "Authorization": "Sanitized",
        "Content-Length": "0",
        "Expect": "100-continue",
        "User-Agent": "azsdk-cpp-storage-blobs/12.7.0-beta.1 (Windows 10 Enterprise 6.3 22621 22621.1.amd64fre.ni_release.220506-1250)",
        "x-ms-blob-cache-control": "no-cache",
        "x-ms-blob-content-disposition": "attachment",
        "x-ms-blob-content-encoding": "deflate",
        "x-ms-blob-content-language": "en-US",
        "x-ms-blob-content-type": "application/octet-stream",
        "x-ms-blob-type": "BlockBlob",
        "x-ms-client-request-id": "cb5b91ad-52fa-4c6d-6db7-9c822b619c46",
        "x-ms-date": "Wed, 30 Nov 2022 22:55:25 GMT",
        "x-ms-meta-meta0": "value",
        "x-ms-meta-meta1": "value",
        "x-ms-meta-meta2": "value",
        "x-ms-meta-meta3": "value",
        "x-ms-meta-meta4": "value",
        "x-ms-version": "2021-04-10"
      },
      "RequestBody": null,
      "StatusCode": 201,
      "ResponseHeaders": {
        "Content-Length": "0",
        "Content-MD5": "1B2M2Y8AsgTpgAmY7PhCfg==",
        "Date": "Wed, 30 Nov 2022 22:55:25 GMT",
        "ETag": "\u00220x8DAD325F83F7DC4\u0022",
        "Last-Modified": "Wed, 30 Nov 2022 22:55:25 GMT",
        "Server": [
          "Windows-Azure-Blob/1.0",
          "Microsoft-HTTPAPI/2.0"
        ],
        "x-ms-client-request-id": "cb5b91ad-52fa-4c6d-6db7-9c822b619c46",
        "x-ms-content-crc64": "AAAAAAAAAAA=",
        "x-ms-request-id": "f0a79bb5-801e-006c-2d0e-058ef7000000",
        "x-ms-request-server-encrypted": "true",
        "x-ms-version": "2021-04-10"
      },
      "ResponseBody": null
    },
    {
      "RequestUri": "https://REDACTED.blob.core.windows.net/withparam-uploadfilefromfile-c2s0/fromfile-c2s0",
      "RequestMethod": "HEAD",
      "RequestHeaders": {
        "Authorization": "Sanitized",
        "Content-Length": "0",
        "User-Agent": "azsdk-cpp-storage-blobs/12.7.0-beta.1 (Windows 10 Enterprise 6.3 22621 22621.1.amd64fre.ni_release.220506-1250)",
        "x-ms-client-request-id": "6c5cc42e-e9f9-4fe9-6360-8ea95fb8210a",
        "x-ms-date": "Wed, 30 Nov 2022 22:55:25 GMT",
        "x-ms-version": "2021-04-10"
      },
      "RequestBody": null,
      "StatusCode": 200,
      "ResponseHeaders": {
        "Accept-Ranges": "bytes",
        "Cache-Control": "no-cache",
        "Content-Disposition": "attachment",
        "Content-Encoding": "deflate",
        "Content-Language": "en-US",
        "Content-Length": "0",
        "Content-MD5": "1B2M2Y8AsgTpgAmY7PhCfg==",
        "Content-Type": "application/octet-stream",
        "Date": "Wed, 30 Nov 2022 22:55:25 GMT",
        "ETag": "\u00220x8DAD325F83F7DC4\u0022",
        "Last-Modified": "Wed, 30 Nov 2022 22:55:25 GMT",
        "Server": [
          "Windows-Azure-Blob/1.0",
          "Microsoft-HTTPAPI/2.0"
        ],
        "x-ms-access-tier": "Hot",
        "x-ms-access-tier-inferred": "true",
        "x-ms-blob-type": "BlockBlob",
        "x-ms-client-request-id": "6c5cc42e-e9f9-4fe9-6360-8ea95fb8210a",
        "x-ms-creation-time": "Wed, 30 Nov 2022 22:55:25 GMT",
        "x-ms-group": "$superuser",
        "x-ms-lease-state": "available",
        "x-ms-lease-status": "unlocked",
        "x-ms-meta-meta0": "value",
        "x-ms-meta-meta1": "value",
        "x-ms-meta-meta2": "value",
        "x-ms-meta-meta3": "value",
        "x-ms-meta-meta4": "value",
        "x-ms-owner": "$superuser",
        "x-ms-permissions": "rw-r-----",
        "x-ms-request-id": "f0a79bdd-801e-006c-530e-058ef7000000",
        "x-ms-resource-type": "file",
        "x-ms-server-encrypted": "true",
        "x-ms-version": "2021-04-10"
      },
      "ResponseBody": null
    },
    {
      "RequestUri": "https://REDACTED.blob.core.windows.net/withparam-uploadfilefromfile-c2s0/fromfile-c2s0",
      "RequestMethod": "HEAD",
      "RequestHeaders": {
        "Authorization": "Sanitized",
        "Content-Length": "0",
        "User-Agent": "azsdk-cpp-storage-blobs/12.7.0-beta.1 (Windows 10 Enterprise 6.3 22621 22621.1.amd64fre.ni_release.220506-1250)",
        "x-ms-client-request-id": "5e0726ad-0c7b-4211-51cf-27c33e408fe5",
        "x-ms-date": "Wed, 30 Nov 2022 22:55:25 GMT",
        "x-ms-version": "2021-04-10"
      },
      "RequestBody": null,
      "StatusCode": 200,
      "ResponseHeaders": {
        "Accept-Ranges": "bytes",
        "Cache-Control": "no-cache",
        "Content-Disposition": "attachment",
        "Content-Encoding": "deflate",
        "Content-Language": "en-US",
        "Content-Length": "0",
        "Content-MD5": "1B2M2Y8AsgTpgAmY7PhCfg==",
        "Content-Type": "application/octet-stream",
        "Date": "Wed, 30 Nov 2022 22:55:25 GMT",
        "ETag": "\u00220x8DAD325F83F7DC4\u0022",
        "Last-Modified": "Wed, 30 Nov 2022 22:55:25 GMT",
        "Server": [
          "Windows-Azure-Blob/1.0",
          "Microsoft-HTTPAPI/2.0"
        ],
        "x-ms-access-tier": "Hot",
        "x-ms-access-tier-inferred": "true",
        "x-ms-blob-type": "BlockBlob",
        "x-ms-client-request-id": "5e0726ad-0c7b-4211-51cf-27c33e408fe5",
        "x-ms-creation-time": "Wed, 30 Nov 2022 22:55:25 GMT",
        "x-ms-group": "$superuser",
        "x-ms-lease-state": "available",
        "x-ms-lease-status": "unlocked",
        "x-ms-meta-meta0": "value",
        "x-ms-meta-meta1": "value",
        "x-ms-meta-meta2": "value",
        "x-ms-meta-meta3": "value",
        "x-ms-meta-meta4": "value",
        "x-ms-owner": "$superuser",
        "x-ms-permissions": "rw-r-----",
        "x-ms-request-id": "f0a79beb-801e-006c-5f0e-058ef7000000",
        "x-ms-resource-type": "file",
        "x-ms-server-encrypted": "true",
        "x-ms-version": "2021-04-10"
      },
      "ResponseBody": null
    },
    {
      "RequestUri": "https://REDACTED.blob.core.windows.net/withparam-uploadfilefromfile-c2s0/fromfile-c2s0",
      "RequestMethod": "GET",
      "RequestHeaders": {
        "Authorization": "Sanitized",
        "Content-Length": "0",
        "User-Agent": "azsdk-cpp-storage-blobs/12.7.0-beta.1 (Windows 10 Enterprise 6.3 22621 22621.1.amd64fre.ni_release.220506-1250)",
        "x-ms-client-request-id": "434c82f2-c082-4118-7f20-7a3e0449d27d",
        "x-ms-date": "Wed, 30 Nov 2022 22:55:26 GMT",
        "x-ms-version": "2021-04-10"
      },
      "RequestBody": null,
      "StatusCode": 200,
      "ResponseHeaders": {
        "Accept-Ranges": "bytes",
        "Cache-Control": "no-cache",
        "Content-Disposition": "attachment",
        "Content-Encoding": "deflate",
        "Content-Language": "en-US",
        "Content-Length": "0",
        "Content-MD5": "1B2M2Y8AsgTpgAmY7PhCfg==",
        "Content-Type": "application/octet-stream",
        "Date": "Wed, 30 Nov 2022 22:55:25 GMT",
        "ETag": "\u00220x8DAD325F83F7DC4\u0022",
        "Last-Modified": "Wed, 30 Nov 2022 22:55:25 GMT",
        "Server": [
          "Windows-Azure-Blob/1.0",
          "Microsoft-HTTPAPI/2.0"
        ],
        "x-ms-blob-type": "BlockBlob",
        "x-ms-client-request-id": "434c82f2-c082-4118-7f20-7a3e0449d27d",
        "x-ms-creation-time": "Wed, 30 Nov 2022 22:55:25 GMT",
        "x-ms-group": "$superuser",
        "x-ms-lease-state": "available",
        "x-ms-lease-status": "unlocked",
        "x-ms-meta-meta0": "value",
        "x-ms-meta-meta1": "value",
        "x-ms-meta-meta2": "value",
        "x-ms-meta-meta3": "value",
        "x-ms-meta-meta4": "value",
        "x-ms-owner": "$superuser",
        "x-ms-permissions": "rw-r-----",
        "x-ms-request-id": "f0a79bfe-801e-006c-6c0e-058ef7000000",
        "x-ms-resource-type": "file",
        "x-ms-server-encrypted": "true",
        "x-ms-version": "2021-04-10"
      },
      "ResponseBody": null
    },
    {
      "RequestUri": "https://REDACTED.blob.core.windows.net/withparam-uploadfilefromfile-c2s0/fromfile-c2s0",
      "RequestMethod": "GET",
      "RequestHeaders": {
        "Authorization": "Sanitized",
        "Content-Length": "0",
        "User-Agent": "azsdk-cpp-storage-blobs/12.7.0-beta.1 (Windows 10 Enterprise 6.3 22621 22621.1.amd64fre.ni_release.220506-1250)",
        "x-ms-client-request-id": "eca40a43-eefb-432e-4af5-c21ac827aebc",
        "x-ms-date": "Wed, 30 Nov 2022 22:55:26 GMT",
        "x-ms-version": "2021-04-10"
      },
      "RequestBody": null,
      "StatusCode": 200,
      "ResponseHeaders": {
        "Accept-Ranges": "bytes",
        "Cache-Control": "no-cache",
        "Content-Disposition": "attachment",
        "Content-Encoding": "deflate",
        "Content-Language": "en-US",
        "Content-Length": "0",
        "Content-MD5": "1B2M2Y8AsgTpgAmY7PhCfg==",
        "Content-Type": "application/octet-stream",
        "Date": "Wed, 30 Nov 2022 22:55:25 GMT",
        "ETag": "\u00220x8DAD325F83F7DC4\u0022",
        "Last-Modified": "Wed, 30 Nov 2022 22:55:25 GMT",
        "Server": [
          "Windows-Azure-Blob/1.0",
          "Microsoft-HTTPAPI/2.0"
        ],
        "x-ms-blob-type": "BlockBlob",
        "x-ms-client-request-id": "eca40a43-eefb-432e-4af5-c21ac827aebc",
        "x-ms-creation-time": "Wed, 30 Nov 2022 22:55:25 GMT",
        "x-ms-group": "$superuser",
        "x-ms-lease-state": "available",
        "x-ms-lease-status": "unlocked",
        "x-ms-meta-meta0": "value",
        "x-ms-meta-meta1": "value",
        "x-ms-meta-meta2": "value",
        "x-ms-meta-meta3": "value",
        "x-ms-meta-meta4": "value",
        "x-ms-owner": "$superuser",
        "x-ms-permissions": "rw-r-----",
        "x-ms-request-id": "f0a79c10-801e-006c-7c0e-058ef7000000",
        "x-ms-resource-type": "file",
        "x-ms-server-encrypted": "true",
        "x-ms-version": "2021-04-10"
      },
      "ResponseBody": null
    },
    {
      "RequestUri": "https://REDACTED.dfs.core.windows.net/withparam-uploadfilefromfile-c2s0/fromfile-c2s0",
      "RequestMethod": "DELETE",
      "RequestHeaders": {
        "Authorization": "Sanitized",
        "Content-Length": "0",
        "User-Agent": "azsdk-cpp-storage-files-datalake/12.5.0-beta.2 (Windows 10 Enterprise 6.3 22621 22621.1.amd64fre.ni_release.220506-1250)",
        "x-ms-client-request-id": "a84dfd59-70c5-492f-6d8a-1a5f55b9fcce",
        "x-ms-date": "Wed, 30 Nov 2022 22:55:26 GMT",
        "x-ms-version": "2021-06-08"
      },
      "RequestBody": null,
      "StatusCode": 200,
      "ResponseHeaders": {
        "Content-Length": "0",
        "Date": "Wed, 30 Nov 2022 22:55:25 GMT",
        "Server": [
          "Windows-Azure-HDFS/1.0",
          "Microsoft-HTTPAPI/2.0"
        ],
        "x-ms-client-request-id": "a84dfd59-70c5-492f-6d8a-1a5f55b9fcce",
        "x-ms-delete-type-permanent": "false",
        "x-ms-deletion-id": "133143225260996911",
        "x-ms-request-id": "da400f2e-d01f-0003-270e-058404000000",
        "x-ms-version": "2021-06-08"
      },
      "ResponseBody": null
    },
    {
      "RequestUri": "https://REDACTED.dfs.core.windows.net/withparam-uploadfilefromfile-c2s0/withparam-uploadfilefromfile-c2s0",
      "RequestMethod": "DELETE",
      "RequestHeaders": {
        "Authorization": "Sanitized",
        "Content-Length": "0",
        "User-Agent": "azsdk-cpp-storage-files-datalake/12.5.0-beta.2 (Windows 10 Enterprise 6.3 22621 22621.1.amd64fre.ni_release.220506-1250)",
        "x-ms-client-request-id": "84e81dbe-8a3f-4733-65aa-29479d211399",
        "x-ms-date": "Wed, 30 Nov 2022 22:55:26 GMT",
        "x-ms-version": "2021-06-08"
      },
      "RequestBody": null,
      "StatusCode": 200,
      "ResponseHeaders": {
        "Content-Length": "0",
        "Date": "Wed, 30 Nov 2022 22:55:25 GMT",
        "Server": [
          "Windows-Azure-HDFS/1.0",
          "Microsoft-HTTPAPI/2.0"
        ],
        "x-ms-client-request-id": "84e81dbe-8a3f-4733-65aa-29479d211399",
        "x-ms-delete-type-permanent": "false",
        "x-ms-deletion-id": "133143225262084108",
        "x-ms-request-id": "da400f32-d01f-0003-280e-058404000000",
        "x-ms-version": "2021-06-08"
      },
      "ResponseBody": null
    },
    {
      "RequestUri": "https://REDACTED.blob.core.windows.net/withparam-uploadfilefromfile-c2s0?restype=container",
      "RequestMethod": "DELETE",
      "RequestHeaders": {
        "Authorization": "Sanitized",
        "Content-Length": "0",
        "User-Agent": "azsdk-cpp-storage-blobs/12.7.0-beta.1 (Windows 10 Enterprise 6.3 22621 22621.1.amd64fre.ni_release.220506-1250)",
        "x-ms-client-request-id": "d147e982-97cc-49ff-77f0-abce1fd55d79",
        "x-ms-date": "Wed, 30 Nov 2022 22:55:26 GMT",
        "x-ms-version": "2021-04-10"
      },
      "RequestBody": null,
      "StatusCode": 202,
      "ResponseHeaders": {
        "Content-Length": "0",
        "Date": "Wed, 30 Nov 2022 22:55:26 GMT",
        "Server": [
          "Windows-Azure-Blob/1.0",
          "Microsoft-HTTPAPI/2.0"
        ],
        "x-ms-client-request-id": "d147e982-97cc-49ff-77f0-abce1fd55d79",
        "x-ms-request-id": "f0a79cc2-801e-006c-180e-058ef7000000",
        "x-ms-version": "2021-04-10"
      },
      "ResponseBody": null
    }
  ],
  "Variables": {}
}
