{
  "Entries": [
    {
      "RequestUri": "https://REDACTED.blob.core.windows.net/appendblobclienttestaccessconditionleaseid?restype=container",
      "RequestMethod": "PUT",
      "RequestHeaders": {
        "Authorization": "Sanitized",
        "Content-Length": "0",
        "Expect": "100-continue",
        "User-Agent": "azsdk-cpp-storage-blobs/12.7.0-beta.1 (Windows 10 Enterprise 6.3 22621 22621.1.amd64fre.ni_release.220506-1250)",
        "x-ms-client-request-id": "76c6a865-9a08-44b7-6493-aaed7b6fd76c",
        "x-ms-date": "Mon, 05 Dec 2022 19:01:55 GMT",
        "x-ms-version": "2021-04-10"
      },
      "RequestBody": null,
      "StatusCode": 201,
      "ResponseHeaders": {
        "Content-Length": "0",
        "Date": "Mon, 05 Dec 2022 19:01:54 GMT",
        "ETag": "\u00220x8DAD6F32D387DC3\u0022",
        "Last-Modified": "Mon, 05 Dec 2022 19:01:55 GMT",
        "Server": [
          "Windows-Azure-Blob/1.0",
          "Microsoft-HTTPAPI/2.0"
        ],
        "x-ms-client-request-id": "76c6a865-9a08-44b7-6493-aaed7b6fd76c",
        "x-ms-request-id": "17314ced-b01e-007d-44dc-08d8c8000000",
        "x-ms-version": "2021-04-10"
      },
      "ResponseBody": null
    },
    {
      "RequestUri": "https://REDACTED.blob.core.windows.net/appendblobclienttestaccessconditionleaseid/AccessConditionLeaseId",
      "RequestMethod": "PUT",
      "RequestHeaders": {
        "Authorization": "Sanitized",
        "Content-Length": "0",
        "Expect": "100-continue",
        "User-Agent": "azsdk-cpp-storage-blobs/12.7.0-beta.1 (Windows 10 Enterprise 6.3 22621 22621.1.amd64fre.ni_release.220506-1250)",
        "x-ms-blob-cache-control": "no-cache",
        "x-ms-blob-content-disposition": "attachment",
        "x-ms-blob-content-encoding": "identify",
        "x-ms-blob-content-language": "en-US",
        "x-ms-blob-content-type": "application/x-binary",
        "x-ms-blob-type": "AppendBlob",
        "x-ms-client-request-id": "a80c1f6f-3608-4deb-68ff-147d6bb03547",
        "x-ms-date": "Mon, 05 Dec 2022 19:01:55 GMT",
        "x-ms-meta-key1": "V1",
        "x-ms-meta-key2": "Value2",
        "x-ms-version": "2021-04-10"
      },
      "RequestBody": null,
      "StatusCode": 201,
      "ResponseHeaders": {
        "Content-Length": "0",
        "Date": "Mon, 05 Dec 2022 19:01:54 GMT",
        "ETag": "\u00220x8DAD6F32D3C75BE\u0022",
        "Last-Modified": "Mon, 05 Dec 2022 19:01:55 GMT",
        "Server": [
          "Windows-Azure-Blob/1.0",
          "Microsoft-HTTPAPI/2.0"
        ],
        "x-ms-client-request-id": "a80c1f6f-3608-4deb-68ff-147d6bb03547",
        "x-ms-request-id": "17314d36-b01e-007d-06dc-08d8c8000000",
        "x-ms-request-server-encrypted": "true",
        "x-ms-version": "2021-04-10",
        "x-ms-version-id": "2022-12-05T19:01:55.0680510Z"
      },
      "ResponseBody": null
    },
    {
      "RequestUri": "https://REDACTED.blob.core.windows.net/appendblobclienttestaccessconditionleaseid/AccessConditionLeaseId?comp=appendblock",
      "RequestMethod": "PUT",
      "RequestHeaders": {
        "Authorization": "Sanitized",
        "Content-Length": "100",
        "Expect": "100-continue",
        "User-Agent": "azsdk-cpp-storage-blobs/12.7.0-beta.1 (Windows 10 Enterprise 6.3 22621 22621.1.amd64fre.ni_release.220506-1250)",
        "x-ms-client-request-id": "ed610afe-eaa1-4391-4474-93a39b03dfc4",
        "x-ms-date": "Mon, 05 Dec 2022 19:01:55 GMT",
        "x-ms-version": "2021-04-10"
      },
      "RequestBody": "eHh4eHh4eHh4eHh4eHh4eHh4eHh4eHh4eHh4eHh4eHh4eHh4eHh4eHh4eHh4eHh4eHh4eHh4eHh4eHh4eHh4eHh4eHh4eHh4eHh4eHh4eHh4eHh4eHh4eHh4eHh4eHh4eHh4eA==",
      "StatusCode": 201,
      "ResponseHeaders": {
        "Content-Length": "0",
        "Date": "Mon, 05 Dec 2022 19:01:54 GMT",
        "ETag": "\u00220x8DAD6F32D4833E2\u0022",
        "Last-Modified": "Mon, 05 Dec 2022 19:01:55 GMT",
        "Server": [
          "Windows-Azure-Blob/1.0",
          "Microsoft-HTTPAPI/2.0"
        ],
        "x-ms-blob-append-offset": "0",
        "x-ms-blob-committed-block-count": "1",
        "x-ms-client-request-id": "ed610afe-eaa1-4391-4474-93a39b03dfc4",
        "x-ms-content-crc64": "YJI56OvZhxE=",
        "x-ms-request-id": "17314d7e-b01e-007d-4adc-08d8c8000000",
        "x-ms-request-server-encrypted": "true",
        "x-ms-version": "2021-04-10"
      },
      "ResponseBody": null
    },
    {
      "RequestUri": "https://REDACTED.blob.core.windows.net/appendblobclienttestaccessconditionleaseid/AccessConditionLeaseId",
      "RequestMethod": "HEAD",
      "RequestHeaders": {
        "Authorization": "Sanitized",
        "Content-Length": "0",
        "User-Agent": "azsdk-cpp-storage-blobs/12.7.0-beta.1 (Windows 10 Enterprise 6.3 22621 22621.1.amd64fre.ni_release.220506-1250)",
        "x-ms-client-request-id": "0de6d04b-a407-40c7-626e-f037c38fd3ff",
        "x-ms-date": "Mon, 05 Dec 2022 19:01:55 GMT",
        "x-ms-version": "2021-04-10"
      },
      "RequestBody": null,
      "StatusCode": 200,
      "ResponseHeaders": {
        "Accept-Ranges": "bytes",
        "Access-Control-Allow-Origin": "*",
        "Access-Control-Expose-Headers": "x-ms-request-id,x-ms-client-request-id,Server,x-ms-version,x-ms-version-id,x-ms-is-current-version,x-ms-meta-key1,x-ms-meta-key2,Content-Type,Content-Encoding,Content-Language,Cache-Control,Last-Modified,ETag,x-ms-creation-time,x-ms-lease-status,x-ms-lease-state,x-ms-blob-type,x-ms-blob-committed-block-count,Content-Disposition,x-ms-server-encrypted,Accept-Ranges,Content-Length,Date,Transfer-Encoding",
        "Cache-Control": "no-cache",
        "Content-Disposition": "attachment",
        "Content-Encoding": "identify",
        "Content-Language": "en-US",
        "Content-Length": "100",
        "Content-Type": "application/x-binary",
        "Date": "Mon, 05 Dec 2022 19:01:54 GMT",
        "ETag": "\u00220x8DAD6F32D4833E2\u0022",
        "Last-Modified": "Mon, 05 Dec 2022 19:01:55 GMT",
        "Server": [
          "Windows-Azure-Blob/1.0",
          "Microsoft-HTTPAPI/2.0"
        ],
        "x-ms-blob-committed-block-count": "1",
        "x-ms-blob-type": "AppendBlob",
        "x-ms-client-request-id": "0de6d04b-a407-40c7-626e-f037c38fd3ff",
        "x-ms-creation-time": "Mon, 05 Dec 2022 19:01:55 GMT",
        "x-ms-is-current-version": "true",
        "x-ms-lease-state": "available",
        "x-ms-lease-status": "unlocked",
        "x-ms-meta-key1": "V1",
        "x-ms-meta-key2": "Value2",
        "x-ms-request-id": "17314df2-b01e-007d-34dc-08d8c8000000",
        "x-ms-server-encrypted": "true",
        "x-ms-version": "2021-04-10",
        "x-ms-version-id": "2022-12-05T19:01:55.0680510Z"
      },
      "ResponseBody": null
    },
    {
      "RequestUri": "https://REDACTED.blob.core.windows.net/appendblobclienttestaccessconditionleaseid/AccessConditionLeaseIdleaseId",
      "RequestMethod": "PUT",
      "RequestHeaders": {
        "Authorization": "Sanitized",
        "Content-Length": "0",
        "Expect": "100-continue",
        "User-Agent": "azsdk-cpp-storage-blobs/12.7.0-beta.1 (Windows 10 Enterprise 6.3 22621 22621.1.amd64fre.ni_release.220506-1250)",
        "x-ms-blob-type": "AppendBlob",
        "x-ms-client-request-id": "8a2d76fd-3d36-4322-5808-9d6da0ca8032",
        "x-ms-date": "Mon, 05 Dec 2022 19:01:55 GMT",
        "x-ms-version": "2021-04-10"
      },
      "RequestBody": null,
      "StatusCode": 201,
      "ResponseHeaders": {
        "Content-Length": "0",
        "Date": "Mon, 05 Dec 2022 19:01:55 GMT",
        "ETag": "\u00220x8DAD6F32D550356\u0022",
        "Last-Modified": "Mon, 05 Dec 2022 19:01:55 GMT",
        "Server": [
          "Windows-Azure-Blob/1.0",
          "Microsoft-HTTPAPI/2.0"
        ],
        "x-ms-client-request-id": "8a2d76fd-3d36-4322-5808-9d6da0ca8032",
        "x-ms-request-id": "17314e10-b01e-007d-51dc-08d8c8000000",
        "x-ms-request-server-encrypted": "true",
        "x-ms-version": "2021-04-10",
        "x-ms-version-id": "2022-12-05T19:01:55.2299612Z"
      },
      "ResponseBody": null
    },
    {
      "RequestUri": "https://REDACTED.blob.core.windows.net/appendblobclienttestaccessconditionleaseid/AccessConditionLeaseIdleaseId?comp=lease",
      "RequestMethod": "PUT",
      "RequestHeaders": {
        "Authorization": "Sanitized",
        "Content-Length": "0",
        "Expect": "100-continue",
        "User-Agent": "azsdk-cpp-storage-blobs/12.7.0-beta.1 (Windows 10 Enterprise 6.3 22621 22621.1.amd64fre.ni_release.220506-1250)",
        "x-ms-client-request-id": "c6c1de7c-5bf7-46c5-4f55-1104c9e5450e",
        "x-ms-date": "Mon, 05 Dec 2022 19:01:55 GMT",
        "x-ms-lease-action": "acquire",
        "x-ms-lease-duration": "30",
        "x-ms-proposed-lease-id": "6293ecaa-5b0b-45c6-431f-c395b7d66507",
        "x-ms-version": "2021-04-10"
      },
      "RequestBody": null,
      "StatusCode": 201,
      "ResponseHeaders": {
        "Content-Length": "0",
        "Date": "Mon, 05 Dec 2022 19:01:55 GMT",
        "ETag": "\u00220x8DAD6F32D550356\u0022",
        "Last-Modified": "Mon, 05 Dec 2022 19:01:55 GMT",
        "Server": [
          "Windows-Azure-Blob/1.0",
          "Microsoft-HTTPAPI/2.0"
        ],
        "x-ms-client-request-id": "c6c1de7c-5bf7-46c5-4f55-1104c9e5450e",
        "x-ms-lease-id": "6293ecaa-5b0b-45c6-431f-c395b7d66507",
        "x-ms-request-id": "17314e3d-b01e-007d-79dc-08d8c8000000",
        "x-ms-version": "2021-04-10"
      },
      "ResponseBody": null
    },
    {
      "RequestUri": "https://REDACTED.blob.core.windows.net/appendblobclienttestaccessconditionleaseid/AccessConditionLeaseIdleaseId",
      "RequestMethod": "DELETE",
      "RequestHeaders": {
        "Authorization": "Sanitized",
        "Content-Length": "0",
        "User-Agent": "azsdk-cpp-storage-blobs/12.7.0-beta.1 (Windows 10 Enterprise 6.3 22621 22621.1.amd64fre.ni_release.220506-1250)",
        "x-ms-client-request-id": "a5fc4917-de76-4bb2-662e-85b8c48cf591",
        "x-ms-date": "Mon, 05 Dec 2022 19:01:55 GMT",
        "x-ms-version": "2021-04-10"
      },
      "RequestBody": null,
      "StatusCode": 412,
      "ResponseHeaders": {
        "Content-Length": "267",
        "Content-Type": "application/xml",
        "Date": "Mon, 05 Dec 2022 19:01:55 GMT",
        "Server": [
          "Windows-Azure-Blob/1.0",
          "Microsoft-HTTPAPI/2.0"
        ],
        "x-ms-client-request-id": "a5fc4917-de76-4bb2-662e-85b8c48cf591",
        "x-ms-error-code": "LeaseIdMissing",
        "x-ms-request-id": "17314e6c-b01e-007d-24dc-08d8c8000000",
        "x-ms-version": "2021-04-10"
      },
      "ResponseBody": [
        "\uFEFF\u003C?xml version=\u00221.0\u0022 encoding=\u0022utf-8\u0022?\u003E\u003CError\u003E\u003CCode\u003ELeaseIdMissing\u003C/Code\u003E\u003CMessage\u003EThere is currently a lease on the blob and no lease ID was specified in the request.\n",
        "RequestId:17314e6c-b01e-007d-24dc-08d8c8000000\n",
        "Time:2022-12-05T19:01:55.3288722Z\u003C/Message\u003E\u003C/Error\u003E"
      ]
    },
    {
      "RequestUri": "https://REDACTED.blob.core.windows.net/appendblobclienttestaccessconditionleaseid/AccessConditionLeaseIdleaseId",
      "RequestMethod": "DELETE",
      "RequestHeaders": {
        "Authorization": "Sanitized",
        "Content-Length": "0",
        "User-Agent": "azsdk-cpp-storage-blobs/12.7.0-beta.1 (Windows 10 Enterprise 6.3 22621 22621.1.amd64fre.ni_release.220506-1250)",
        "x-ms-client-request-id": "cd9d1e63-fc97-4128-4b9e-e94e86f0b49c",
        "x-ms-date": "Mon, 05 Dec 2022 19:01:55 GMT",
        "x-ms-lease-id": "6293ecaa-5b0b-45c6-431f-c395b7d66507",
        "x-ms-version": "2021-04-10"
      },
      "RequestBody": null,
      "StatusCode": 202,
      "ResponseHeaders": {
        "Content-Length": "0",
        "Date": "Mon, 05 Dec 2022 19:01:55 GMT",
        "Server": [
          "Windows-Azure-Blob/1.0",
          "Microsoft-HTTPAPI/2.0"
        ],
        "x-ms-client-request-id": "cd9d1e63-fc97-4128-4b9e-e94e86f0b49c",
        "x-ms-delete-type-permanent": "false",
        "x-ms-request-id": "17314ea1-b01e-007d-56dc-08d8c8000000",
        "x-ms-version": "2021-04-10"
      },
      "ResponseBody": null
    },
    {
      "RequestUri": "https://REDACTED.blob.core.windows.net/appendblobclienttestaccessconditionleaseid/AccessConditionLeaseId",
      "RequestMethod": "DELETE",
      "RequestHeaders": {
        "Authorization": "Sanitized",
        "Content-Length": "0",
        "User-Agent": "azsdk-cpp-storage-blobs/12.7.0-beta.1 (Windows 10 Enterprise 6.3 22621 22621.1.amd64fre.ni_release.220506-1250)",
        "x-ms-client-request-id": "0f2ea4f0-63b6-4f99-53d2-2837680ae119",
        "x-ms-date": "Mon, 05 Dec 2022 19:01:55 GMT",
        "x-ms-version": "2021-04-10"
      },
      "RequestBody": null,
      "StatusCode": 202,
      "ResponseHeaders": {
        "Content-Length": "0",
        "Date": "Mon, 05 Dec 2022 19:01:55 GMT",
        "Server": [
          "Windows-Azure-Blob/1.0",
          "Microsoft-HTTPAPI/2.0"
        ],
        "x-ms-client-request-id": "0f2ea4f0-63b6-4f99-53d2-2837680ae119",
        "x-ms-delete-type-permanent": "false",
        "x-ms-request-id": "17314ec1-b01e-007d-73dc-08d8c8000000",
        "x-ms-version": "2021-04-10"
      },
      "ResponseBody": null
    },
    {
      "RequestUri": "https://REDACTED.blob.core.windows.net/appendblobclienttestaccessconditionleaseid?restype=container",
      "RequestMethod": "DELETE",
      "RequestHeaders": {
        "Authorization": "Sanitized",
        "Content-Length": "0",
        "User-Agent": "azsdk-cpp-storage-blobs/12.7.0-beta.1 (Windows 10 Enterprise 6.3 22621 22621.1.amd64fre.ni_release.220506-1250)",
        "x-ms-client-request-id": "8c3df4ae-d2d8-497f-431e-c60a2c9465c4",
        "x-ms-date": "Mon, 05 Dec 2022 19:01:55 GMT",
        "x-ms-version": "2021-04-10"
      },
      "RequestBody": null,
      "StatusCode": 202,
      "ResponseHeaders": {
        "Content-Length": "0",
        "Date": "Mon, 05 Dec 2022 19:01:55 GMT",
        "Server": [
          "Windows-Azure-Blob/1.0",
          "Microsoft-HTTPAPI/2.0"
        ],
        "x-ms-client-request-id": "8c3df4ae-d2d8-497f-431e-c60a2c9465c4",
        "x-ms-request-id": "17314ee1-b01e-007d-11dc-08d8c8000000",
        "x-ms-version": "2021-04-10"
      },
      "ResponseBody": null
    }
  ],
  "Variables": {}
}
