{
  "Entries": [
    {
      "RequestUri": "https://REDACTED.blob.core.windows.net/blobcontainerclienttestsourceblobaccessconditions?restype=container",
      "RequestMethod": "PUT",
      "RequestHeaders": {
        "Authorization": "Sanitized",
        "Content-Length": "0",
        "Expect": "100-continue",
        "User-Agent": "azsdk-cpp-storage-blobs/12.7.0-beta.1 (Windows 10 Enterprise 6.3 22621 22621.1.amd64fre.ni_release.220506-1250)",
        "x-ms-client-request-id": "82a7db5e-151d-4a7e-59b8-054463fc110f",
        "x-ms-date": "Thu, 17 Nov 2022 22:18:42 GMT",
        "x-ms-version": "2021-04-10"
      },
      "RequestBody": null,
      "StatusCode": 201,
      "ResponseHeaders": {
        "Content-Length": "0",
        "Date": "Thu, 17 Nov 2022 22:18:41 GMT",
        "ETag": "\u00220x8DAC8E9AF64E05C\u0022",
        "Last-Modified": "Thu, 17 Nov 2022 22:18:42 GMT",
        "Server": [
          "Windows-Azure-Blob/1.0",
          "Microsoft-HTTPAPI/2.0"
        ],
        "x-ms-client-request-id": "82a7db5e-151d-4a7e-59b8-054463fc110f",
        "x-ms-request-id": "08a5d782-501e-0102-2dd2-fa79e6000000",
        "x-ms-version": "2021-04-10"
      },
      "ResponseBody": null
    },
    {
      "RequestUri": "https://REDACTED.blob.core.windows.net/blobcontainerclienttestsourceblobaccessconditions/sourceblobaccessconditions",
      "RequestMethod": "PUT",
      "RequestHeaders": {
        "Authorization": "Sanitized",
        "Content-Length": "1024",
        "Expect": "100-continue",
        "User-Agent": "azsdk-cpp-storage-blobs/12.7.0-beta.1 (Windows 10 Enterprise 6.3 22621 22621.1.amd64fre.ni_release.220506-1250)",
        "x-ms-blob-type": "BlockBlob",
        "x-ms-client-request-id": "8d0ad302-60e5-4b07-73bc-70b8d6ec5f2e",
        "x-ms-date": "Thu, 17 Nov 2022 22:18:42 GMT",
        "x-ms-version": "2021-04-10"
      },
      "RequestBody": "AAAAAAAAAAAAAAAAAAAAAAAAAAAAAAAAAAAAAAAAAAAAAAAAAAAAAAAAAAAAAAAAAAAAAAAAAAAAAAAAAAAAAAAAAAAAAAAAAAAAAAAAAAAAAAAAAAAAAAAAAAAAAAAAAAAAAAAAAAAAAAAAAAAAAAAAAAAAAAAAAAAAAAAAAAAAAAAAAAAAAAAAAAAAAAAAAAAAAAAAAAAAAAAAAAAAAAAAAAAAAAAAAAAAAAAAAAAAAAAAAAAAAAAAAAAAAAAAAAAAAAAAAAAAAAAAAAAAAAAAAAAAAAAAAAAAAAAAAAAAAAAAAAAAAAAAAAAAAAAAAAAAAAAAAAAAAAAAAAAAAAAAAAAAAAAAAAAAAAAAAAAAAAAAAAAAAAAAAAAAAAAAAAAAAAAAAAAAAAAAAAAAAAAAAAAAAAAAAAAAAAAAAAAAAAAAAAAAAAAAAAAAAAAAAAAAAAAAAAAAAAAAAAAAAAAAAAAAAAAAAAAAAAAAAAAAAAAAAAAAAAAAAAAAAAAAAAAAAAAAAAAAAAAAAAAAAAAAAAAAAAAAAAAAAAAAAAAAAAAAAAAAAAAAAAAAAAAAAAAAAAAAAAAAAAAAAAAAAAAAAAAAAAAAAAAAAAAAAAAAAAAAAAAAAAAAAAAAAAAAAAAAAAAAAAAAAAAAAAAAAAAAAAAAAAAAAAAAAAAAAAAAAAAAAAAAAAAAAAAAAAAAAAAAAAAAAAAAAAAAAAAAAAAAAAAAAAAAAAAAAAAAAAAAAAAAAAAAAAAAAAAAAAAAAAAAAAAAAAAAAAAAAAAAAAAAAAAAAAAAAAAAAAAAAAAAAAAAAAAAAAAAAAAAAAAAAAAAAAAAAAAAAAAAAAAAAAAAAAAAAAAAAAAAAAAAAAAAAAAAAAAAAAAAAAAAAAAAAAAAAAAAAAAAAAAAAAAAAAAAAAAAAAAAAAAAAAAAAAAAAAAAAAAAAAAAAAAAAAAAAAAAAAAAAAAAAAAAAAAAAAAAAAAAAAAAAAAAAAAAAAAAAAAAAAAAAAAAAAAAAAAAAAAAAAAAAAAAAAAAAAAAAAAAAAAAAAAAAAAAAAAAAAAAAAAAAAAAAAAAAAAAAAAAAAAAAAAAAAAAAAAAAAAAAAAAAAAAAAAAAAAAAAAAAAAAAAAAAAAAAAAAAAAAAAAAAAAAAAAAAAAAAAAAAAAAAAAAAAAAAAAAAAAAAAAAAAAAAAAAAAAAAAAAAAAAAAAAAAAAAAAAAAAAAAAAAAAAAAAAAAAAAAAAAAAAAAAAAAAAAAAAAAAAAAAAAAAAAAAAAAAAAAAAAAAAAAAAAAAAAAAAAAAAAAAAAAAAAAAAAAAAAAAAAAAAAAAAAAAAAAAAAAAAAAAAAAAAAAAAAAAAAA==",
      "StatusCode": 201,
      "ResponseHeaders": {
        "Content-Length": "0",
        "Content-MD5": "DzQ7CTESaiDxM9Z8KwGKOw==",
        "Date": "Thu, 17 Nov 2022 22:18:41 GMT",
        "ETag": "\u00220x8DAC8E9AF73DCF8\u0022",
        "Last-Modified": "Thu, 17 Nov 2022 22:18:42 GMT",
        "Server": [
          "Windows-Azure-Blob/1.0",
          "Microsoft-HTTPAPI/2.0"
        ],
        "x-ms-client-request-id": "8d0ad302-60e5-4b07-73bc-70b8d6ec5f2e",
        "x-ms-content-crc64": "iknlm7CyG2k=",
        "x-ms-request-id": "08a5d787-501e-0102-30d2-fa79e6000000",
        "x-ms-request-server-encrypted": "true",
        "x-ms-version": "2021-04-10",
        "x-ms-version-id": "2022-11-17T22:18:42.2887672Z"
      },
      "ResponseBody": null
    },
    {
      "RequestUri": "https://REDACTED.blob.core.windows.net/blobcontainerclienttestsourceblobaccessconditions/sourceblobaccessconditions2",
      "RequestMethod": "PUT",
      "RequestHeaders": {
        "Authorization": "Sanitized",
        "Content-Length": "0",
        "Expect": "100-continue",
        "User-Agent": "azsdk-cpp-storage-blobs/12.7.0-beta.1 (Windows 10 Enterprise 6.3 22621 22621.1.amd64fre.ni_release.220506-1250)",
        "x-ms-client-request-id": "4cc5b52e-9da7-494e-4f85-158a3c78c052",
        "x-ms-copy-source": "https://goqu.blob.core.windows.net/blobcontainerclienttestsourceblobaccessconditions/sourceblobaccessconditions",
        "x-ms-date": "Thu, 17 Nov 2022 22:18:42 GMT",
        "x-ms-source-if-match": "\u00220x8DAC8E9AF73DCF8\u0022",
        "x-ms-version": "2021-04-10"
      },
      "RequestBody": null,
      "StatusCode": 202,
      "ResponseHeaders": {
        "Content-Length": "0",
        "Date": "Thu, 17 Nov 2022 22:18:41 GMT",
        "ETag": "\u00220x8DAC8E9AF7EFEF1\u0022",
        "Last-Modified": "Thu, 17 Nov 2022 22:18:42 GMT",
        "Server": [
          "Windows-Azure-Blob/1.0",
          "Microsoft-HTTPAPI/2.0"
        ],
        "x-ms-client-request-id": "4cc5b52e-9da7-494e-4f85-158a3c78c052",
        "x-ms-copy-id": "28427ce9-2809-4cbb-973f-78520bf6c583",
        "x-ms-copy-status": "success",
        "x-ms-request-id": "08a5d792-501e-0102-39d2-fa79e6000000",
        "x-ms-version": "2021-04-10",
        "x-ms-version-id": "2022-11-17T22:18:42.3617265Z"
      },
      "ResponseBody": null
    },
    {
      "RequestUri": "https://REDACTED.blob.core.windows.net/blobcontainerclienttestsourceblobaccessconditions/sourceblobaccessconditions2",
      "RequestMethod": "PUT",
      "RequestHeaders": {
        "Authorization": "Sanitized",
        "Content-Length": "0",
        "Expect": "100-continue",
        "User-Agent": "azsdk-cpp-storage-blobs/12.7.0-beta.1 (Windows 10 Enterprise 6.3 22621 22621.1.amd64fre.ni_release.220506-1250)",
        "x-ms-client-request-id": "84060810-bd4e-4898-55dc-fd5a0c0dc91c",
        "x-ms-copy-source": "https://goqu.blob.core.windows.net/blobcontainerclienttestsourceblobaccessconditions/sourceblobaccessconditions",
        "x-ms-date": "Thu, 17 Nov 2022 22:18:42 GMT",
        "x-ms-source-if-match": "0x8D83B58BDF51D75",
        "x-ms-version": "2021-04-10"
      },
      "RequestBody": null,
      "StatusCode": 412,
      "ResponseHeaders": {
        "Content-Length": "265",
        "Content-Type": "application/xml",
        "Date": "Thu, 17 Nov 2022 22:18:41 GMT",
        "Server": [
          "Windows-Azure-Blob/1.0",
          "Microsoft-HTTPAPI/2.0"
        ],
        "x-ms-client-request-id": "84060810-bd4e-4898-55dc-fd5a0c0dc91c",
        "x-ms-error-code": "SourceConditionNotMet",
        "x-ms-request-id": "08a5d798-501e-0102-3ed2-fa79e6000000",
        "x-ms-version": "2021-04-10"
      },
      "ResponseBody": [
        "\uFEFF\u003C?xml version=\u00221.0\u0022 encoding=\u0022utf-8\u0022?\u003E\u003CError\u003E\u003CCode\u003ESourceConditionNotMet\u003C/Code\u003E\u003CMessage\u003EThe source condition specified using HTTP conditional header(s) is not met.\n",
        "RequestId:08a5d798-501e-0102-3ed2-fa79e6000000\n",
        "Time:2022-11-17T22:18:42.4234098Z\u003C/Message\u003E\u003C/Error\u003E"
      ]
    },
    {
      "RequestUri": "https://REDACTED.blob.core.windows.net/blobcontainerclienttestsourceblobaccessconditions/sourceblobaccessconditions2",
      "RequestMethod": "PUT",
      "RequestHeaders": {
        "Authorization": "Sanitized",
        "Content-Length": "0",
        "Expect": "100-continue",
        "User-Agent": "azsdk-cpp-storage-blobs/12.7.0-beta.1 (Windows 10 Enterprise 6.3 22621 22621.1.amd64fre.ni_release.220506-1250)",
        "x-ms-client-request-id": "0af71b5f-db00-4f12-72ed-57739705e707",
        "x-ms-copy-source": "https://goqu.blob.core.windows.net/blobcontainerclienttestsourceblobaccessconditions/sourceblobaccessconditions?se=2022-11-20T22:18:42Z\u0026sig=enMlIitoXKztO7BG4YVGFbyY6Gpj93qvCof//3kqE9g%3D\u0026sp=racwdxylti\u0026spr=https,http\u0026sr=c\u0026sv=2021-04-10",
        "x-ms-date": "Thu, 17 Nov 2022 22:18:42 GMT",
        "x-ms-requires-sync": "true",
        "x-ms-source-if-match": "\u00220x8DAC8E9AF73DCF8\u0022",
        "x-ms-version": "2021-04-10"
      },
      "RequestBody": null,
      "StatusCode": 202,
      "ResponseHeaders": {
        "Content-Length": "0",
        "Date": "Thu, 17 Nov 2022 22:18:41 GMT",
        "ETag": "\u00220x8DAC8E9AF94E9A5\u0022",
        "Last-Modified": "Thu, 17 Nov 2022 22:18:42 GMT",
        "Server": [
          "Windows-Azure-Blob/1.0",
          "Microsoft-HTTPAPI/2.0"
        ],
        "x-ms-client-request-id": "0af71b5f-db00-4f12-72ed-57739705e707",
        "x-ms-content-crc64": "iknlm7CyG2k=",
        "x-ms-copy-id": "f6b2fab4-f190-487b-a728-16b7bf21b310",
        "x-ms-copy-status": "success",
        "x-ms-request-id": "08a5d79b-501e-0102-41d2-fa79e6000000",
        "x-ms-request-server-encrypted": "true",
        "x-ms-version": "2021-04-10",
        "x-ms-version-id": "2022-11-17T22:18:42.5086418Z"
      },
      "ResponseBody": null
    },
    {
      "RequestUri": "https://REDACTED.blob.core.windows.net/blobcontainerclienttestsourceblobaccessconditions/sourceblobaccessconditions2",
      "RequestMethod": "PUT",
      "RequestHeaders": {
        "Authorization": "Sanitized",
        "Content-Length": "0",
        "Expect": "100-continue",
        "User-Agent": "azsdk-cpp-storage-blobs/12.7.0-beta.1 (Windows 10 Enterprise 6.3 22621 22621.1.amd64fre.ni_release.220506-1250)",
        "x-ms-client-request-id": "62fea90f-d12d-49a2-4cc7-99ed3e2dafcd",
        "x-ms-copy-source": "https://goqu.blob.core.windows.net/blobcontainerclienttestsourceblobaccessconditions/sourceblobaccessconditions?se=2022-11-20T22:18:43Z\u0026sig=diO%2BM3tSPpkTm99dPK4YIQyGShdKdwive%2Bq6V7pxyyg%3D\u0026sp=racwdxylti\u0026spr=https,http\u0026sr=c\u0026sv=2021-04-10",
        "x-ms-date": "Thu, 17 Nov 2022 22:18:43 GMT",
        "x-ms-requires-sync": "true",
        "x-ms-source-if-match": "0x8D83B58BDF51D75",
        "x-ms-version": "2021-04-10"
      },
      "RequestBody": null,
      "StatusCode": 412,
      "ResponseHeaders": {
        "Content-Length": "259",
        "Content-Type": "application/xml",
        "Date": "Thu, 17 Nov 2022 22:18:41 GMT",
        "Server": [
          "Windows-Azure-Blob/1.0",
          "Microsoft-HTTPAPI/2.0"
        ],
        "x-ms-client-request-id": "62fea90f-d12d-49a2-4cc7-99ed3e2dafcd",
        "x-ms-error-code": "CannotVerifyCopySource",
        "x-ms-request-id": "08a5d7a5-501e-0102-4ad2-fa79e6000000",
        "x-ms-version": "2021-04-10"
      },
      "ResponseBody": [
        "\uFEFF\u003C?xml version=\u00221.0\u0022 encoding=\u0022utf-8\u0022?\u003E\u003CError\u003E\u003CCode\u003ECannotVerifyCopySource\u003C/Code\u003E\u003CMessage\u003EThe condition specified using HTTP conditional header(s) is not met.\n",
        "RequestId:08a5d7a5-501e-0102-4ad2-fa79e6000000\n",
        "Time:2022-11-17T22:18:42.5773172Z\u003C/Message\u003E\u003C/Error\u003E"
      ]
    },
    {
      "RequestUri": "https://REDACTED.blob.core.windows.net/blobcontainerclienttestsourceblobaccessconditions/sourceblobaccessconditions2",
      "RequestMethod": "PUT",
      "RequestHeaders": {
        "Authorization": "Sanitized",
        "Content-Length": "0",
        "Expect": "100-continue",
        "User-Agent": "azsdk-cpp-storage-blobs/12.7.0-beta.1 (Windows 10 Enterprise 6.3 22621 22621.1.amd64fre.ni_release.220506-1250)",
        "x-ms-client-request-id": "44739e14-fec6-4266-5bb0-8ac89744c723",
        "x-ms-copy-source": "https://goqu.blob.core.windows.net/blobcontainerclienttestsourceblobaccessconditions/sourceblobaccessconditions",
        "x-ms-date": "Thu, 17 Nov 2022 22:18:43 GMT",
        "x-ms-source-if-none-match": "0x8D83B58BDF51D75",
        "x-ms-version": "2021-04-10"
      },
      "RequestBody": null,
      "StatusCode": 202,
      "ResponseHeaders": {
        "Content-Length": "0",
        "Date": "Thu, 17 Nov 2022 22:18:41 GMT",
        "ETag": "\u00220x8DAC8E9AFA8C7DE\u0022",
        "Last-Modified": "Thu, 17 Nov 2022 22:18:42 GMT",
        "Server": [
          "Windows-Azure-Blob/1.0",
          "Microsoft-HTTPAPI/2.0"
        ],
        "x-ms-client-request-id": "44739e14-fec6-4266-5bb0-8ac89744c723",
        "x-ms-copy-id": "a3658187-4391-4fb6-a43c-2c69f1682cc7",
        "x-ms-copy-status": "success",
        "x-ms-request-id": "08a5d7ad-501e-0102-50d2-fa79e6000000",
        "x-ms-version": "2021-04-10",
        "x-ms-version-id": "2022-11-17T22:18:42.6375676Z"
      },
      "ResponseBody": null
    },
    {
      "RequestUri": "https://REDACTED.blob.core.windows.net/blobcontainerclienttestsourceblobaccessconditions/sourceblobaccessconditions2",
      "RequestMethod": "PUT",
      "RequestHeaders": {
        "Authorization": "Sanitized",
        "Content-Length": "0",
        "Expect": "100-continue",
        "User-Agent": "azsdk-cpp-storage-blobs/12.7.0-beta.1 (Windows 10 Enterprise 6.3 22621 22621.1.amd64fre.ni_release.220506-1250)",
        "x-ms-client-request-id": "7de4e83f-7f4f-438d-5334-10dbc38840db",
        "x-ms-copy-source": "https://goqu.blob.core.windows.net/blobcontainerclienttestsourceblobaccessconditions/sourceblobaccessconditions",
        "x-ms-date": "Thu, 17 Nov 2022 22:18:43 GMT",
        "x-ms-source-if-none-match": "\u00220x8DAC8E9AF73DCF8\u0022",
        "x-ms-version": "2021-04-10"
      },
      "RequestBody": null,
      "StatusCode": 412,
      "ResponseHeaders": {
        "Content-Length": "265",
        "Content-Type": "application/xml",
        "Date": "Thu, 17 Nov 2022 22:18:41 GMT",
        "Server": [
          "Windows-Azure-Blob/1.0",
          "Microsoft-HTTPAPI/2.0"
        ],
        "x-ms-client-request-id": "7de4e83f-7f4f-438d-5334-10dbc38840db",
        "x-ms-error-code": "SourceConditionNotMet",
        "x-ms-request-id": "08a5d7b9-501e-0102-5bd2-fa79e6000000",
        "x-ms-version": "2021-04-10"
      },
      "ResponseBody": [
        "\uFEFF\u003C?xml version=\u00221.0\u0022 encoding=\u0022utf-8\u0022?\u003E\u003CError\u003E\u003CCode\u003ESourceConditionNotMet\u003C/Code\u003E\u003CMessage\u003EThe source condition specified using HTTP conditional header(s) is not met.\n",
        "RequestId:08a5d7b9-501e-0102-5bd2-fa79e6000000\n",
        "Time:2022-11-17T22:18:42.6982448Z\u003C/Message\u003E\u003C/Error\u003E"
      ]
    },
    {
      "RequestUri": "https://REDACTED.blob.core.windows.net/blobcontainerclienttestsourceblobaccessconditions/sourceblobaccessconditions2",
      "RequestMethod": "PUT",
      "RequestHeaders": {
        "Authorization": "Sanitized",
        "Content-Length": "0",
        "Expect": "100-continue",
        "User-Agent": "azsdk-cpp-storage-blobs/12.7.0-beta.1 (Windows 10 Enterprise 6.3 22621 22621.1.amd64fre.ni_release.220506-1250)",
        "x-ms-client-request-id": "85a4b1d1-ba02-426e-6e2e-dae8c753e62b",
        "x-ms-copy-source": "https://goqu.blob.core.windows.net/blobcontainerclienttestsourceblobaccessconditions/sourceblobaccessconditions?se=2022-11-20T22:18:43Z\u0026sig=diO%2BM3tSPpkTm99dPK4YIQyGShdKdwive%2Bq6V7pxyyg%3D\u0026sp=racwdxylti\u0026spr=https,http\u0026sr=c\u0026sv=2021-04-10",
        "x-ms-date": "Thu, 17 Nov 2022 22:18:43 GMT",
        "x-ms-requires-sync": "true",
        "x-ms-source-if-none-match": "0x8D83B58BDF51D75",
        "x-ms-version": "2021-04-10"
      },
      "RequestBody": null,
      "StatusCode": 202,
      "ResponseHeaders": {
        "Content-Length": "0",
        "Date": "Thu, 17 Nov 2022 22:18:41 GMT",
        "ETag": "\u00220x8DAC8E9AFBC8FCB\u0022",
        "Last-Modified": "Thu, 17 Nov 2022 22:18:42 GMT",
        "Server": [
          "Windows-Azure-Blob/1.0",
          "Microsoft-HTTPAPI/2.0"
        ],
        "x-ms-client-request-id": "85a4b1d1-ba02-426e-6e2e-dae8c753e62b",
        "x-ms-content-crc64": "iknlm7CyG2k=",
        "x-ms-copy-id": "ad6076f6-7700-4bce-a6b9-a863e4d4dac5",
        "x-ms-copy-status": "success",
        "x-ms-request-id": "08a5d7bd-501e-0102-5fd2-fa79e6000000",
        "x-ms-request-server-encrypted": "true",
        "x-ms-version": "2021-04-10",
        "x-ms-version-id": "2022-11-17T22:18:42.7684920Z"
      },
      "ResponseBody": null
    },
    {
      "RequestUri": "https://REDACTED.blob.core.windows.net/blobcontainerclienttestsourceblobaccessconditions/sourceblobaccessconditions2",
      "RequestMethod": "PUT",
      "RequestHeaders": {
        "Authorization": "Sanitized",
        "Content-Length": "0",
        "Expect": "100-continue",
        "User-Agent": "azsdk-cpp-storage-blobs/12.7.0-beta.1 (Windows 10 Enterprise 6.3 22621 22621.1.amd64fre.ni_release.220506-1250)",
        "x-ms-client-request-id": "243940f3-f4bc-43cf-7787-53ddc5f619d6",
        "x-ms-copy-source": "https://goqu.blob.core.windows.net/blobcontainerclienttestsourceblobaccessconditions/sourceblobaccessconditions?se=2022-11-20T22:18:43Z\u0026sig=diO%2BM3tSPpkTm99dPK4YIQyGShdKdwive%2Bq6V7pxyyg%3D\u0026sp=racwdxylti\u0026spr=https,http\u0026sr=c\u0026sv=2021-04-10",
        "x-ms-date": "Thu, 17 Nov 2022 22:18:43 GMT",
        "x-ms-requires-sync": "true",
        "x-ms-source-if-none-match": "\u00220x8DAC8E9AF73DCF8\u0022",
        "x-ms-version": "2021-04-10"
      },
      "RequestBody": null,
      "StatusCode": 304,
      "ResponseHeaders": {
        "Content-Length": "0",
        "Date": "Thu, 17 Nov 2022 22:18:41 GMT",
        "Server": [
          "Windows-Azure-Blob/1.0",
          "Microsoft-HTTPAPI/2.0"
        ],
        "x-ms-client-request-id": "243940f3-f4bc-43cf-7787-53ddc5f619d6",
        "x-ms-error-code": "CannotVerifyCopySource",
        "x-ms-request-id": "08a5d7c5-501e-0102-65d2-fa79e6000000",
        "x-ms-version": "2021-04-10"
      },
      "ResponseBody": null
    },
    {
      "RequestUri": "https://REDACTED.blob.core.windows.net/blobcontainerclienttestsourceblobaccessconditions/sourceblobaccessconditions2",
      "RequestMethod": "PUT",
      "RequestHeaders": {
        "Authorization": "Sanitized",
        "Content-Length": "0",
        "Expect": "100-continue",
        "User-Agent": "azsdk-cpp-storage-blobs/12.7.0-beta.1 (Windows 10 Enterprise 6.3 22621 22621.1.amd64fre.ni_release.220506-1250)",
        "x-ms-client-request-id": "e4bca470-7c22-4fd5-7ee6-e4033a739d1b",
        "x-ms-copy-source": "https://goqu.blob.core.windows.net/blobcontainerclienttestsourceblobaccessconditions/sourceblobaccessconditions",
        "x-ms-date": "Thu, 17 Nov 2022 22:18:43 GMT",
        "x-ms-source-if-modified-since": "Thu, 17 Nov 2022 22:18:40 GMT",
        "x-ms-version": "2021-04-10"
      },
      "RequestBody": null,
      "StatusCode": 202,
      "ResponseHeaders": {
        "Content-Length": "0",
        "Date": "Thu, 17 Nov 2022 22:18:42 GMT",
        "ETag": "\u00220x8DAC8E9AFCFF926\u0022",
        "Last-Modified": "Thu, 17 Nov 2022 22:18:42 GMT",
        "Server": [
          "Windows-Azure-Blob/1.0",
          "Microsoft-HTTPAPI/2.0"
        ],
        "x-ms-client-request-id": "e4bca470-7c22-4fd5-7ee6-e4033a739d1b",
        "x-ms-copy-id": "1746e81b-d777-46b5-9ba1-034eff0ac716",
        "x-ms-copy-status": "success",
        "x-ms-request-id": "08a5d7d3-501e-0102-70d2-fa79e6000000",
        "x-ms-version": "2021-04-10",
        "x-ms-version-id": "2022-11-17T22:18:42.8934198Z"
      },
      "ResponseBody": null
    },
    {
      "RequestUri": "https://REDACTED.blob.core.windows.net/blobcontainerclienttestsourceblobaccessconditions/sourceblobaccessconditions2",
      "RequestMethod": "PUT",
      "RequestHeaders": {
        "Authorization": "Sanitized",
        "Content-Length": "0",
        "Expect": "100-continue",
        "User-Agent": "azsdk-cpp-storage-blobs/12.7.0-beta.1 (Windows 10 Enterprise 6.3 22621 22621.1.amd64fre.ni_release.220506-1250)",
        "x-ms-client-request-id": "191b4083-d512-4844-62db-77c7d677a2d7",
        "x-ms-copy-source": "https://goqu.blob.core.windows.net/blobcontainerclienttestsourceblobaccessconditions/sourceblobaccessconditions",
        "x-ms-date": "Thu, 17 Nov 2022 22:18:43 GMT",
        "x-ms-source-if-modified-since": "Thu, 17 Nov 2022 22:18:44 GMT",
        "x-ms-version": "2021-04-10"
      },
      "RequestBody": null,
      "StatusCode": 412,
      "ResponseHeaders": {
        "Content-Length": "265",
        "Content-Type": "application/xml",
        "Date": "Thu, 17 Nov 2022 22:18:42 GMT",
        "Server": [
          "Windows-Azure-Blob/1.0",
          "Microsoft-HTTPAPI/2.0"
        ],
        "x-ms-client-request-id": "191b4083-d512-4844-62db-77c7d677a2d7",
        "x-ms-error-code": "SourceConditionNotMet",
        "x-ms-request-id": "08a5d7de-501e-0102-79d2-fa79e6000000",
        "x-ms-version": "2021-04-10"
      },
      "ResponseBody": [
        "\uFEFF\u003C?xml version=\u00221.0\u0022 encoding=\u0022utf-8\u0022?\u003E\u003CError\u003E\u003CCode\u003ESourceConditionNotMet\u003C/Code\u003E\u003CMessage\u003EThe source condition specified using HTTP conditional header(s) is not met.\n",
        "RequestId:08a5d7de-501e-0102-79d2-fa79e6000000\n",
        "Time:2022-11-17T22:18:42.9580884Z\u003C/Message\u003E\u003C/Error\u003E"
      ]
    },
    {
      "RequestUri": "https://REDACTED.blob.core.windows.net/blobcontainerclienttestsourceblobaccessconditions/sourceblobaccessconditions",
      "RequestMethod": "HEAD",
      "RequestHeaders": {
        "Authorization": "Sanitized",
        "Content-Length": "0",
        "User-Agent": "azsdk-cpp-storage-blobs/12.7.0-beta.1 (Windows 10 Enterprise 6.3 22621 22621.1.amd64fre.ni_release.220506-1250)",
        "x-ms-client-request-id": "c9862483-ddf9-4de7-5d33-9dbc29c0d3a2",
        "x-ms-date": "Thu, 17 Nov 2022 22:18:43 GMT",
        "x-ms-version": "2021-04-10"
      },
      "RequestBody": null,
      "StatusCode": 200,
      "ResponseHeaders": {
        "Accept-Ranges": "bytes",
        "Access-Control-Allow-Origin": "*",
        "Access-Control-Expose-Headers": "x-ms-request-id,x-ms-client-request-id,Server,x-ms-version,x-ms-version-id,x-ms-is-current-version,Content-Type,Last-Modified,ETag,x-ms-creation-time,Content-MD5,x-ms-lease-status,x-ms-lease-state,x-ms-blob-type,x-ms-server-encrypted,x-ms-access-tier,x-ms-access-tier-inferred,Accept-Ranges,Content-Length,Date,Transfer-Encoding",
        "Content-Length": "1024",
        "Content-MD5": "DzQ7CTESaiDxM9Z8KwGKOw==",
        "Content-Type": "application/octet-stream",
        "Date": "Thu, 17 Nov 2022 22:18:42 GMT",
        "ETag": "\u00220x8DAC8E9AF73DCF8\u0022",
        "Last-Modified": "Thu, 17 Nov 2022 22:18:42 GMT",
        "Server": [
          "Windows-Azure-Blob/1.0",
          "Microsoft-HTTPAPI/2.0"
        ],
        "x-ms-access-tier": "Hot",
        "x-ms-access-tier-inferred": "true",
        "x-ms-blob-type": "BlockBlob",
        "x-ms-client-request-id": "c9862483-ddf9-4de7-5d33-9dbc29c0d3a2",
        "x-ms-creation-time": "Thu, 17 Nov 2022 22:18:42 GMT",
        "x-ms-is-current-version": "true",
        "x-ms-lease-state": "available",
        "x-ms-lease-status": "unlocked",
        "x-ms-request-id": "08a5d7e9-501e-0102-04d2-fa79e6000000",
        "x-ms-server-encrypted": "true",
        "x-ms-version": "2021-04-10",
        "x-ms-version-id": "2022-11-17T22:18:42.2887672Z"
      },
      "ResponseBody": null
    },
    {
      "RequestUri": "https://REDACTED.blob.core.windows.net/blobcontainerclienttestsourceblobaccessconditions/sourceblobaccessconditions2",
      "RequestMethod": "PUT",
      "RequestHeaders": {
        "Authorization": "Sanitized",
        "Content-Length": "0",
        "Expect": "100-continue",
        "User-Agent": "azsdk-cpp-storage-blobs/12.7.0-beta.1 (Windows 10 Enterprise 6.3 22621 22621.1.amd64fre.ni_release.220506-1250)",
        "x-ms-client-request-id": "153ce68c-34e7-4453-5fec-465f49f9b208",
        "x-ms-copy-source": "https://goqu.blob.core.windows.net/blobcontainerclienttestsourceblobaccessconditions/sourceblobaccessconditions?se=2022-11-20T22:18:43Z\u0026sig=diO%2BM3tSPpkTm99dPK4YIQyGShdKdwive%2Bq6V7pxyyg%3D\u0026sp=racwdxylti\u0026spr=https,http\u0026sr=c\u0026sv=2021-04-10",
        "x-ms-date": "Thu, 17 Nov 2022 22:18:43 GMT",
        "x-ms-requires-sync": "true",
        "x-ms-source-if-modified-since": "Thu, 17 Nov 2022 22:18:40 GMT",
        "x-ms-version": "2021-04-10"
      },
      "RequestBody": null,
      "StatusCode": 202,
      "ResponseHeaders": {
        "Content-Length": "0",
        "Date": "Thu, 17 Nov 2022 22:18:42 GMT",
        "ETag": "\u00220x8DAC8E9AFEC9919\u0022",
        "Last-Modified": "Thu, 17 Nov 2022 22:18:43 GMT",
        "Server": [
          "Windows-Azure-Blob/1.0",
          "Microsoft-HTTPAPI/2.0"
        ],
        "x-ms-client-request-id": "153ce68c-34e7-4453-5fec-465f49f9b208",
        "x-ms-content-crc64": "iknlm7CyG2k=",
        "x-ms-copy-id": "997b36ad-cf14-4a27-b9a6-38d4e4eadc6b",
        "x-ms-copy-status": "success",
        "x-ms-request-id": "08a5d7f2-501e-0102-0cd2-fa79e6000000",
        "x-ms-request-server-encrypted": "true",
        "x-ms-version": "2021-04-10",
        "x-ms-version-id": "2022-11-17T22:18:43.0833116Z"
      },
      "ResponseBody": null
    },
    {
      "RequestUri": "https://REDACTED.blob.core.windows.net/blobcontainerclienttestsourceblobaccessconditions/sourceblobaccessconditions2",
      "RequestMethod": "PUT",
      "RequestHeaders": {
        "Authorization": "Sanitized",
        "Content-Length": "0",
        "Expect": "100-continue",
        "User-Agent": "azsdk-cpp-storage-blobs/12.7.0-beta.1 (Windows 10 Enterprise 6.3 22621 22621.1.amd64fre.ni_release.220506-1250)",
        "x-ms-client-request-id": "14057eec-0b72-472d-40ce-e93a5a2d4ffb",
        "x-ms-copy-source": "https://goqu.blob.core.windows.net/blobcontainerclienttestsourceblobaccessconditions/sourceblobaccessconditions?se=2022-11-20T22:18:43Z\u0026sig=diO%2BM3tSPpkTm99dPK4YIQyGShdKdwive%2Bq6V7pxyyg%3D\u0026sp=racwdxylti\u0026spr=https,http\u0026sr=c\u0026sv=2021-04-10",
        "x-ms-date": "Thu, 17 Nov 2022 22:18:43 GMT",
        "x-ms-requires-sync": "true",
        "x-ms-source-if-modified-since": "Thu, 17 Nov 2022 22:18:44 GMT",
        "x-ms-version": "2021-04-10"
      },
      "RequestBody": null,
      "StatusCode": 304,
      "ResponseHeaders": {
        "Content-Length": "0",
        "Date": "Thu, 17 Nov 2022 22:18:42 GMT",
        "Server": [
          "Windows-Azure-Blob/1.0",
          "Microsoft-HTTPAPI/2.0"
        ],
        "x-ms-client-request-id": "14057eec-0b72-472d-40ce-e93a5a2d4ffb",
        "x-ms-error-code": "CannotVerifyCopySource",
        "x-ms-request-id": "08a5d7f6-501e-0102-10d2-fa79e6000000",
        "x-ms-version": "2021-04-10"
      },
      "ResponseBody": null
    },
    {
      "RequestUri": "https://REDACTED.blob.core.windows.net/blobcontainerclienttestsourceblobaccessconditions/sourceblobaccessconditions2",
      "RequestMethod": "PUT",
      "RequestHeaders": {
        "Authorization": "Sanitized",
        "Content-Length": "0",
        "Expect": "100-continue",
        "User-Agent": "azsdk-cpp-storage-blobs/12.7.0-beta.1 (Windows 10 Enterprise 6.3 22621 22621.1.amd64fre.ni_release.220506-1250)",
        "x-ms-client-request-id": "c0dbe83b-9e38-45bb-4be1-a03f322b39e5",
        "x-ms-copy-source": "https://goqu.blob.core.windows.net/blobcontainerclienttestsourceblobaccessconditions/sourceblobaccessconditions",
        "x-ms-date": "Thu, 17 Nov 2022 22:18:43 GMT",
        "x-ms-source-if-unmodified-since": "Thu, 17 Nov 2022 22:18:44 GMT",
        "x-ms-version": "2021-04-10"
      },
      "RequestBody": null,
      "StatusCode": 202,
      "ResponseHeaders": {
        "Content-Length": "0",
        "Date": "Thu, 17 Nov 2022 22:18:42 GMT",
        "ETag": "\u00220x8DAC8E9AFFEA36F\u0022",
        "Last-Modified": "Thu, 17 Nov 2022 22:18:43 GMT",
        "Server": [
          "Windows-Azure-Blob/1.0",
          "Microsoft-HTTPAPI/2.0"
        ],
        "x-ms-client-request-id": "c0dbe83b-9e38-45bb-4be1-a03f322b39e5",
        "x-ms-copy-id": "f00481d9-3f1c-4a19-8daf-a5097ea0245a",
        "x-ms-copy-status": "success",
        "x-ms-request-id": "08a5d805-501e-0102-1cd2-fa79e6000000",
        "x-ms-version": "2021-04-10",
        "x-ms-version-id": "2022-11-17T22:18:43.2002442Z"
      },
      "ResponseBody": null
    },
    {
      "RequestUri": "https://REDACTED.blob.core.windows.net/blobcontainerclienttestsourceblobaccessconditions/sourceblobaccessconditions2",
      "RequestMethod": "PUT",
      "RequestHeaders": {
        "Authorization": "Sanitized",
        "Content-Length": "0",
        "Expect": "100-continue",
        "User-Agent": "azsdk-cpp-storage-blobs/12.7.0-beta.1 (Windows 10 Enterprise 6.3 22621 22621.1.amd64fre.ni_release.220506-1250)",
        "x-ms-client-request-id": "762640df-24db-4398-70ac-2735a6e3f5cb",
        "x-ms-copy-source": "https://goqu.blob.core.windows.net/blobcontainerclienttestsourceblobaccessconditions/sourceblobaccessconditions",
        "x-ms-date": "Thu, 17 Nov 2022 22:18:43 GMT",
        "x-ms-source-if-unmodified-since": "Thu, 17 Nov 2022 22:18:40 GMT",
        "x-ms-version": "2021-04-10"
      },
      "RequestBody": null,
      "StatusCode": 412,
      "ResponseHeaders": {
        "Content-Length": "265",
        "Content-Type": "application/xml",
        "Date": "Thu, 17 Nov 2022 22:18:42 GMT",
        "Server": [
          "Windows-Azure-Blob/1.0",
          "Microsoft-HTTPAPI/2.0"
        ],
        "x-ms-client-request-id": "762640df-24db-4398-70ac-2735a6e3f5cb",
        "x-ms-error-code": "SourceConditionNotMet",
        "x-ms-request-id": "08a5d810-501e-0102-23d2-fa79e6000000",
        "x-ms-version": "2021-04-10"
      },
      "ResponseBody": [
        "\uFEFF\u003C?xml version=\u00221.0\u0022 encoding=\u0022utf-8\u0022?\u003E\u003CError\u003E\u003CCode\u003ESourceConditionNotMet\u003C/Code\u003E\u003CMessage\u003EThe source condition specified using HTTP conditional header(s) is not met.\n",
        "RequestId:08a5d810-501e-0102-23d2-fa79e6000000\n",
        "Time:2022-11-17T22:18:43.3078780Z\u003C/Message\u003E\u003C/Error\u003E"
      ]
    },
    {
      "RequestUri": "https://REDACTED.blob.core.windows.net/blobcontainerclienttestsourceblobaccessconditions/sourceblobaccessconditions2",
      "RequestMethod": "PUT",
      "RequestHeaders": {
        "Authorization": "Sanitized",
        "Content-Length": "0",
        "Expect": "100-continue",
        "User-Agent": "azsdk-cpp-storage-blobs/12.7.0-beta.1 (Windows 10 Enterprise 6.3 22621 22621.1.amd64fre.ni_release.220506-1250)",
        "x-ms-client-request-id": "33114be1-e747-4ef8-5d9a-882ed7815e25",
        "x-ms-copy-source": "https://goqu.blob.core.windows.net/blobcontainerclienttestsourceblobaccessconditions/sourceblobaccessconditions?se=2022-11-20T22:18:43Z\u0026sig=diO%2BM3tSPpkTm99dPK4YIQyGShdKdwive%2Bq6V7pxyyg%3D\u0026sp=racwdxylti\u0026spr=https,http\u0026sr=c\u0026sv=2021-04-10",
        "x-ms-date": "Thu, 17 Nov 2022 22:18:43 GMT",
        "x-ms-requires-sync": "true",
        "x-ms-source-if-unmodified-since": "Thu, 17 Nov 2022 22:18:44 GMT",
        "x-ms-version": "2021-04-10"
      },
      "RequestBody": null,
      "StatusCode": 202,
      "ResponseHeaders": {
        "Content-Length": "0",
        "Date": "Thu, 17 Nov 2022 22:18:42 GMT",
        "ETag": "\u00220x8DAC8E9B018845B\u0022",
        "Last-Modified": "Thu, 17 Nov 2022 22:18:43 GMT",
        "Server": [
          "Windows-Azure-Blob/1.0",
          "Microsoft-HTTPAPI/2.0"
        ],
        "x-ms-client-request-id": "33114be1-e747-4ef8-5d9a-882ed7815e25",
        "x-ms-content-crc64": "iknlm7CyG2k=",
        "x-ms-copy-id": "b2650fea-469a-41cb-a99c-4d057ded964e",
        "x-ms-copy-status": "success",
        "x-ms-request-id": "08a5d818-501e-0102-2bd2-fa79e6000000",
        "x-ms-request-server-encrypted": "true",
        "x-ms-version": "2021-04-10",
        "x-ms-version-id": "2022-11-17T22:18:43.3711458Z"
      },
      "ResponseBody": null
    },
    {
      "RequestUri": "https://REDACTED.blob.core.windows.net/blobcontainerclienttestsourceblobaccessconditions/sourceblobaccessconditions2",
      "RequestMethod": "PUT",
      "RequestHeaders": {
        "Authorization": "Sanitized",
        "Content-Length": "0",
        "Expect": "100-continue",
        "User-Agent": "azsdk-cpp-storage-blobs/12.7.0-beta.1 (Windows 10 Enterprise 6.3 22621 22621.1.amd64fre.ni_release.220506-1250)",
        "x-ms-client-request-id": "4d0e248a-53e2-4752-4983-9795c6fb9fef",
        "x-ms-copy-source": "https://goqu.blob.core.windows.net/blobcontainerclienttestsourceblobaccessconditions/sourceblobaccessconditions?se=2022-11-20T22:18:43Z\u0026sig=diO%2BM3tSPpkTm99dPK4YIQyGShdKdwive%2Bq6V7pxyyg%3D\u0026sp=racwdxylti\u0026spr=https,http\u0026sr=c\u0026sv=2021-04-10",
        "x-ms-date": "Thu, 17 Nov 2022 22:18:43 GMT",
        "x-ms-requires-sync": "true",
        "x-ms-source-if-unmodified-since": "Thu, 17 Nov 2022 22:18:40 GMT",
        "x-ms-version": "2021-04-10"
      },
      "RequestBody": null,
      "StatusCode": 412,
      "ResponseHeaders": {
        "Content-Length": "259",
        "Content-Type": "application/xml",
        "Date": "Thu, 17 Nov 2022 22:18:42 GMT",
        "Server": [
          "Windows-Azure-Blob/1.0",
          "Microsoft-HTTPAPI/2.0"
        ],
        "x-ms-client-request-id": "4d0e248a-53e2-4752-4983-9795c6fb9fef",
        "x-ms-error-code": "CannotVerifyCopySource",
        "x-ms-request-id": "08a5d81c-501e-0102-2fd2-fa79e6000000",
        "x-ms-version": "2021-04-10"
      },
      "ResponseBody": [
        "\uFEFF\u003C?xml version=\u00221.0\u0022 encoding=\u0022utf-8\u0022?\u003E\u003CError\u003E\u003CCode\u003ECannotVerifyCopySource\u003C/Code\u003E\u003CMessage\u003EThe condition specified using HTTP conditional header(s) is not met.\n",
        "RequestId:08a5d81c-501e-0102-2fd2-fa79e6000000\n",
        "Time:2022-11-17T22:18:43.4338028Z\u003C/Message\u003E\u003C/Error\u003E"
      ]
    },
    {
      "RequestUri": "https://REDACTED.blob.core.windows.net/blobcontainerclienttestsourceblobaccessconditions/sourceblobaccessconditions2?comp=lease",
      "RequestMethod": "PUT",
      "RequestHeaders": {
        "Authorization": "Sanitized",
        "Content-Length": "0",
        "Expect": "100-continue",
        "User-Agent": "azsdk-cpp-storage-blobs/12.7.0-beta.1 (Windows 10 Enterprise 6.3 22621 22621.1.amd64fre.ni_release.220506-1250)",
        "x-ms-client-request-id": "bfb2cc97-58ca-4141-514a-61d606e5afac",
        "x-ms-date": "Thu, 17 Nov 2022 22:18:43 GMT",
        "x-ms-lease-action": "acquire",
        "x-ms-lease-duration": "60",
        "x-ms-proposed-lease-id": "c80ae232-1790-4fe9-7989-244dc0c0f8d4",
        "x-ms-version": "2021-04-10"
      },
      "RequestBody": null,
      "StatusCode": 201,
      "ResponseHeaders": {
        "Content-Length": "0",
        "Date": "Thu, 17 Nov 2022 22:18:42 GMT",
        "ETag": "\u00220x8DAC8E9B018845B\u0022",
        "Last-Modified": "Thu, 17 Nov 2022 22:18:43 GMT",
        "Server": [
          "Windows-Azure-Blob/1.0",
          "Microsoft-HTTPAPI/2.0"
        ],
        "x-ms-client-request-id": "bfb2cc97-58ca-4141-514a-61d606e5afac",
        "x-ms-lease-id": "c80ae232-1790-4fe9-7989-244dc0c0f8d4",
        "x-ms-request-id": "08a5d835-501e-0102-38d2-fa79e6000000",
        "x-ms-version": "2021-04-10"
      },
      "ResponseBody": null
    },
    {
      "RequestUri": "https://REDACTED.blob.core.windows.net/blobcontainerclienttestsourceblobaccessconditions/sourceblobaccessconditions2",
      "RequestMethod": "PUT",
      "RequestHeaders": {
        "Authorization": "Sanitized",
        "Content-Length": "0",
        "Expect": "100-continue",
        "User-Agent": "azsdk-cpp-storage-blobs/12.7.0-beta.1 (Windows 10 Enterprise 6.3 22621 22621.1.amd64fre.ni_release.220506-1250)",
        "x-ms-client-request-id": "0e0a6bf8-4394-49b4-53e4-3ff1a106c301",
        "x-ms-copy-source": "https://goqu.blob.core.windows.net/blobcontainerclienttestsourceblobaccessconditions/sourceblobaccessconditions?se=2022-11-20T22:18:44Z\u0026sig=ELDbEnnLnoLH3uovHdpDSlCdfTyGTFaxivPejLBrOVA%3D\u0026sp=racwdxylti\u0026spr=https,http\u0026sr=c\u0026sv=2021-04-10",
        "x-ms-date": "Thu, 17 Nov 2022 22:18:44 GMT",
        "x-ms-lease-id": "c2eaeef4-b74d-49db-515e-20139319d8e1",
        "x-ms-requires-sync": "true",
        "x-ms-version": "2021-04-10"
      },
      "RequestBody": null,
      "StatusCode": 412,
      "ResponseHeaders": {
        "Content-Length": "264",
        "Content-Type": "application/xml",
        "Date": "Thu, 17 Nov 2022 22:18:42 GMT",
        "Server": [
          "Windows-Azure-Blob/1.0",
          "Microsoft-HTTPAPI/2.0"
        ],
        "x-ms-client-request-id": "0e0a6bf8-4394-49b4-53e4-3ff1a106c301",
        "x-ms-error-code": "LeaseIdMismatchWithBlobOperation",
        "x-ms-request-id": "08a5d836-501e-0102-39d2-fa79e6000000",
        "x-ms-version": "2021-04-10"
      },
      "ResponseBody": [
        "\uFEFF\u003C?xml version=\u00221.0\u0022 encoding=\u0022utf-8\u0022?\u003E\u003CError\u003E\u003CCode\u003ELeaseIdMismatchWithBlobOperation\u003C/Code\u003E\u003CMessage\u003EThe lease ID specified did not match the lease ID for the blob.\n",
        "RequestId:08a5d836-501e-0102-39d2-fa79e6000000\n",
        "Time:2022-11-17T22:18:43.5957052Z\u003C/Message\u003E\u003C/Error\u003E"
      ]
    },
    {
      "RequestUri": "https://REDACTED.blob.core.windows.net/blobcontainerclienttestsourceblobaccessconditions/sourceblobaccessconditions2",
      "RequestMethod": "PUT",
      "RequestHeaders": {
        "Authorization": "Sanitized",
        "Content-Length": "0",
        "Expect": "100-continue",
        "User-Agent": "azsdk-cpp-storage-blobs/12.7.0-beta.1 (Windows 10 Enterprise 6.3 22621 22621.1.amd64fre.ni_release.220506-1250)",
        "x-ms-client-request-id": "86f25f48-4b87-46c4-4f5c-4adceb4f6d6a",
        "x-ms-copy-source": "https://goqu.blob.core.windows.net/blobcontainerclienttestsourceblobaccessconditions/sourceblobaccessconditions?se=2022-11-20T22:18:44Z\u0026sig=ELDbEnnLnoLH3uovHdpDSlCdfTyGTFaxivPejLBrOVA%3D\u0026sp=racwdxylti\u0026spr=https,http\u0026sr=c\u0026sv=2021-04-10",
        "x-ms-date": "Thu, 17 Nov 2022 22:18:44 GMT",
        "x-ms-lease-id": "c80ae232-1790-4fe9-7989-244dc0c0f8d4",
        "x-ms-requires-sync": "true",
        "x-ms-version": "2021-04-10"
      },
      "RequestBody": null,
      "StatusCode": 202,
      "ResponseHeaders": {
        "Content-Length": "0",
        "Date": "Thu, 17 Nov 2022 22:18:42 GMT",
        "ETag": "\u00220x8DAC8E9B046E033\u0022",
        "Last-Modified": "Thu, 17 Nov 2022 22:18:43 GMT",
        "Server": [
          "Windows-Azure-Blob/1.0",
          "Microsoft-HTTPAPI/2.0"
        ],
        "x-ms-client-request-id": "86f25f48-4b87-46c4-4f5c-4adceb4f6d6a",
        "x-ms-content-crc64": "iknlm7CyG2k=",
        "x-ms-copy-id": "eef3dd2d-a44d-4053-8364-3986d58b0fe7",
        "x-ms-copy-status": "success",
        "x-ms-request-id": "08a5d844-501e-0102-43d2-fa79e6000000",
        "x-ms-request-server-encrypted": "true",
        "x-ms-version": "2021-04-10",
        "x-ms-version-id": "2022-11-17T22:18:43.6749715Z"
      },
      "ResponseBody": null
    },
    {
      "RequestUri": "https://REDACTED.blob.core.windows.net/blobcontainerclienttestsourceblobaccessconditions/sourceblobaccessconditions2?comp=lease",
      "RequestMethod": "PUT",
      "RequestHeaders": {
        "Authorization": "Sanitized",
        "Content-Length": "0",
        "Expect": "100-continue",
        "User-Agent": "azsdk-cpp-storage-blobs/12.7.0-beta.1 (Windows 10 Enterprise 6.3 22621 22621.1.amd64fre.ni_release.220506-1250)",
        "x-ms-client-request-id": "aaa97a70-6cdd-4de6-7fe2-cd608f16447c",
        "x-ms-date": "Thu, 17 Nov 2022 22:18:44 GMT",
        "x-ms-lease-action": "release",
        "x-ms-lease-id": "c80ae232-1790-4fe9-7989-244dc0c0f8d4",
        "x-ms-version": "2021-04-10"
      },
      "RequestBody": null,
      "StatusCode": 200,
      "ResponseHeaders": {
        "Content-Length": "0",
        "Date": "Thu, 17 Nov 2022 22:18:42 GMT",
        "ETag": "\u00220x8DAC8E9B046E033\u0022",
        "Last-Modified": "Thu, 17 Nov 2022 22:18:43 GMT",
        "Server": [
          "Windows-Azure-Blob/1.0",
          "Microsoft-HTTPAPI/2.0"
        ],
        "x-ms-client-request-id": "aaa97a70-6cdd-4de6-7fe2-cd608f16447c",
        "x-ms-request-id": "08a5d84b-501e-0102-4ad2-fa79e6000000",
        "x-ms-version": "2021-04-10"
      },
      "ResponseBody": null
    },
    {
      "RequestUri": "https://REDACTED.blob.core.windows.net/blobcontainerclienttestsourceblobaccessconditions?restype=container",
      "RequestMethod": "DELETE",
      "RequestHeaders": {
        "Authorization": "Sanitized",
        "Content-Length": "0",
        "User-Agent": "azsdk-cpp-storage-blobs/12.7.0-beta.1 (Windows 10 Enterprise 6.3 22621 22621.1.amd64fre.ni_release.220506-1250)",
        "x-ms-client-request-id": "7a78bf55-6e73-4eac-61dc-d00d975718b2",
        "x-ms-date": "Thu, 17 Nov 2022 22:18:44 GMT",
        "x-ms-version": "2021-04-10"
      },
      "RequestBody": null,
      "StatusCode": 202,
      "ResponseHeaders": {
        "Content-Length": "0",
        "Date": "Thu, 17 Nov 2022 22:18:42 GMT",
        "Server": [
          "Windows-Azure-Blob/1.0",
          "Microsoft-HTTPAPI/2.0"
        ],
        "x-ms-client-request-id": "7a78bf55-6e73-4eac-61dc-d00d975718b2",
        "x-ms-request-id": "08a5d851-501e-0102-50d2-fa79e6000000",
        "x-ms-version": "2021-04-10"
      },
      "ResponseBody": null
    }
  ],
  "Variables": {}
}
