{
  "Entries": [
    {
      "RequestUri": "https://REDACTED.blob.core.windows.net/blockblobclienttestconcurrentuploademptyblob?restype=container",
      "RequestMethod": "PUT",
      "RequestHeaders": {
        "Authorization": "Sanitized",
        "Content-Length": "0",
        "Expect": "100-continue",
        "User-Agent": "azsdk-cpp-storage-blobs/12.7.0-beta.1 (Windows 10 Enterprise 6.3 22621 22621.1.amd64fre.ni_release.220506-1250)",
        "x-ms-client-request-id": "d5d84ed2-a50f-4a6d-7f0b-53a7b28f6bd5",
        "x-ms-date": "Thu, 17 Nov 2022 22:02:00 GMT",
        "x-ms-version": "2021-04-10"
      },
      "RequestBody": null,
      "StatusCode": 201,
      "ResponseHeaders": {
        "Content-Length": "0",
        "Date": "Thu, 17 Nov 2022 22:01:58 GMT",
        "ETag": "\u00220x8DAC8E759CB05CB\u0022",
        "Last-Modified": "Thu, 17 Nov 2022 22:01:59 GMT",
        "Server": [
          "Windows-Azure-Blob/1.0",
          "Microsoft-HTTPAPI/2.0"
        ],
        "x-ms-client-request-id": "d5d84ed2-a50f-4a6d-7f0b-53a7b28f6bd5",
        "x-ms-request-id": "1d345206-701e-00ee-46d0-fa937a000000",
        "x-ms-version": "2021-04-10"
      },
      "ResponseBody": null
    },
    {
      "RequestUri": "https://REDACTED.blob.core.windows.net/blockblobclienttestconcurrentuploademptyblob/ConcurrentUploadEmptyBlob",
      "RequestMethod": "PUT",
      "RequestHeaders": {
        "Authorization": "Sanitized",
        "Content-Length": "0",
        "Expect": "100-continue",
        "User-Agent": "azsdk-cpp-storage-blobs/12.7.0-beta.1 (Windows 10 Enterprise 6.3 22621 22621.1.amd64fre.ni_release.220506-1250)",
        "x-ms-blob-type": "BlockBlob",
        "x-ms-client-request-id": "78830802-7c58-4ca5-4a10-8504f10aeae6",
        "x-ms-date": "Thu, 17 Nov 2022 22:02:00 GMT",
        "x-ms-version": "2021-04-10"
      },
      "RequestBody": null,
      "StatusCode": 201,
      "ResponseHeaders": {
        "Content-Length": "0",
        "Content-MD5": "1B2M2Y8AsgTpgAmY7PhCfg==",
        "Date": "Thu, 17 Nov 2022 22:01:58 GMT",
        "ETag": "\u00220x8DAC8E759D3D103\u0022",
        "Last-Modified": "Thu, 17 Nov 2022 22:01:59 GMT",
        "Server": [
          "Windows-Azure-Blob/1.0",
          "Microsoft-HTTPAPI/2.0"
        ],
        "x-ms-client-request-id": "78830802-7c58-4ca5-4a10-8504f10aeae6",
        "x-ms-content-crc64": "AAAAAAAAAAA=",
        "x-ms-request-id": "1d34520e-701e-00ee-4dd0-fa937a000000",
        "x-ms-request-server-encrypted": "true",
        "x-ms-version": "2021-04-10",
        "x-ms-version-id": "2022-11-17T22:01:59.6400899Z"
      },
      "ResponseBody": null
    },
    {
      "RequestUri": "https://REDACTED.blob.core.windows.net/blockblobclienttestconcurrentuploademptyblob/ConcurrentUploadEmptyBlob",
      "RequestMethod": "DELETE",
      "RequestHeaders": {
        "Authorization": "Sanitized",
        "Content-Length": "0",
        "User-Agent": "azsdk-cpp-storage-blobs/12.7.0-beta.1 (Windows 10 Enterprise 6.3 22621 22621.1.amd64fre.ni_release.220506-1250)",
        "x-ms-client-request-id": "81d9283d-c4e1-495b-7246-0e1344f4dfc1",
        "x-ms-date": "Thu, 17 Nov 2022 22:02:00 GMT",
        "x-ms-version": "2021-04-10"
      },
      "RequestBody": null,
      "StatusCode": 202,
      "ResponseHeaders": {
        "Content-Length": "0",
        "Date": "Thu, 17 Nov 2022 22:01:58 GMT",
        "Server": [
          "Windows-Azure-Blob/1.0",
          "Microsoft-HTTPAPI/2.0"
        ],
        "x-ms-client-request-id": "81d9283d-c4e1-495b-7246-0e1344f4dfc1",
        "x-ms-delete-type-permanent": "false",
        "x-ms-request-id": "1d345218-701e-00ee-56d0-fa937a000000",
        "x-ms-version": "2021-04-10"
      },
      "ResponseBody": null
    },
    {
      "RequestUri": "https://REDACTED.blob.core.windows.net/blockblobclienttestconcurrentuploademptyblob/ConcurrentUploadEmptyBlob",
      "RequestMethod": "PUT",
      "RequestHeaders": {
        "Authorization": "Sanitized",
        "Content-Length": "0",
        "Expect": "100-continue",
        "User-Agent": "azsdk-cpp-storage-blobs/12.7.0-beta.1 (Windows 10 Enterprise 6.3 22621 22621.1.amd64fre.ni_release.220506-1250)",
        "x-ms-blob-type": "BlockBlob",
        "x-ms-client-request-id": "9a6b5c79-ad9e-4fc5-53b8-aea32a489e04",
        "x-ms-date": "Thu, 17 Nov 2022 22:02:00 GMT",
        "x-ms-version": "2021-04-10"
      },
      "RequestBody": null,
      "StatusCode": 201,
      "ResponseHeaders": {
        "Content-Length": "0",
        "Content-MD5": "1B2M2Y8AsgTpgAmY7PhCfg==",
        "Date": "Thu, 17 Nov 2022 22:01:58 GMT",
        "ETag": "\u00220x8DAC8E759E581A4\u0022",
        "Last-Modified": "Thu, 17 Nov 2022 22:01:59 GMT",
        "Server": [
          "Windows-Azure-Blob/1.0",
          "Microsoft-HTTPAPI/2.0"
        ],
        "x-ms-client-request-id": "9a6b5c79-ad9e-4fc5-53b8-aea32a489e04",
        "x-ms-content-crc64": "AAAAAAAAAAA=",
        "x-ms-request-id": "1d345222-701e-00ee-5ed0-fa937a000000",
        "x-ms-request-server-encrypted": "true",
        "x-ms-version": "2021-04-10",
        "x-ms-version-id": "2022-11-17T22:01:59.7570220Z"
      },
      "ResponseBody": null
    },
    {
      "RequestUri": "https://REDACTED.blob.core.windows.net/blockblobclienttestconcurrentuploademptyblob/ConcurrentUploadEmptyBlob",
      "RequestMethod": "DELETE",
      "RequestHeaders": {
        "Authorization": "Sanitized",
        "Content-Length": "0",
        "User-Agent": "azsdk-cpp-storage-blobs/12.7.0-beta.1 (Windows 10 Enterprise 6.3 22621 22621.1.amd64fre.ni_release.220506-1250)",
        "x-ms-client-request-id": "fe05e039-c167-44b2-5288-77b9d80b94dd",
        "x-ms-date": "Thu, 17 Nov 2022 22:02:00 GMT",
        "x-ms-version": "2021-04-10"
      },
      "RequestBody": null,
      "StatusCode": 202,
      "ResponseHeaders": {
        "Content-Length": "0",
        "Date": "Thu, 17 Nov 2022 22:01:59 GMT",
        "Server": [
          "Windows-Azure-Blob/1.0",
          "Microsoft-HTTPAPI/2.0"
        ],
        "x-ms-client-request-id": "fe05e039-c167-44b2-5288-77b9d80b94dd",
        "x-ms-delete-type-permanent": "false",
        "x-ms-request-id": "1d34522a-701e-00ee-66d0-fa937a000000",
        "x-ms-version": "2021-04-10"
      },
      "ResponseBody": null
    },
    {
      "RequestUri": "https://REDACTED.blob.core.windows.net/blockblobclienttestconcurrentuploademptyblob?restype=container",
      "RequestMethod": "DELETE",
      "RequestHeaders": {
        "Authorization": "Sanitized",
        "Content-Length": "0",
        "User-Agent": "azsdk-cpp-storage-blobs/12.7.0-beta.1 (Windows 10 Enterprise 6.3 22621 22621.1.amd64fre.ni_release.220506-1250)",
        "x-ms-client-request-id": "fefa58ef-54a9-4559-5a5e-9d4644b65801",
        "x-ms-date": "Thu, 17 Nov 2022 22:02:00 GMT",
        "x-ms-version": "2021-04-10"
      },
      "RequestBody": null,
      "StatusCode": 202,
      "ResponseHeaders": {
        "Content-Length": "0",
        "Date": "Thu, 17 Nov 2022 22:01:59 GMT",
        "Server": [
          "Windows-Azure-Blob/1.0",
          "Microsoft-HTTPAPI/2.0"
        ],
        "x-ms-client-request-id": "fefa58ef-54a9-4559-5a5e-9d4644b65801",
        "x-ms-request-id": "1d345232-701e-00ee-6ed0-fa937a000000",
        "x-ms-version": "2021-04-10"
      },
      "ResponseBody": null
    }
  ],
  "Variables": {}
}
