{
  "Entries": [
    {
      "RequestUri": "https://REDACTED.blob.core.windows.net/blockblobclienttestuploadwithtags?restype=container",
      "RequestMethod": "PUT",
      "RequestHeaders": {
        "Authorization": "Sanitized",
        "Content-Length": "0",
        "Expect": "100-continue",
        "User-Agent": "azsdk-cpp-storage-blobs/12.7.0-beta.1 (Windows 10 Enterprise 6.3 22621 22621.1.amd64fre.ni_release.220506-1250)",
        "x-ms-client-request-id": "ed72cb85-76f0-44fa-76b2-92a4d852e793",
        "x-ms-date": "Wed, 30 Nov 2022 22:40:03 GMT",
        "x-ms-version": "2021-04-10"
      },
      "RequestBody": null,
      "StatusCode": 201,
      "ResponseHeaders": {
        "Content-Length": "0",
        "Date": "Wed, 30 Nov 2022 22:40:02 GMT",
        "ETag": "\u00220x8DAD323D2357600\u0022",
        "Last-Modified": "Wed, 30 Nov 2022 22:40:03 GMT",
        "Server": [
          "Windows-Azure-Blob/1.0",
          "Microsoft-HTTPAPI/2.0"
        ],
        "x-ms-client-request-id": "ed72cb85-76f0-44fa-76b2-92a4d852e793",
        "x-ms-request-id": "e7aa0b5f-c01e-0077-640c-057c7f000000",
        "x-ms-version": "2021-04-10"
      },
      "ResponseBody": null
    },
    {
      "RequestUri": "https://REDACTED.blob.core.windows.net/blockblobclienttestuploadwithtags/UploadWithTags",
      "RequestMethod": "PUT",
      "RequestHeaders": {
        "Authorization": "Sanitized",
        "Content-Length": "100",
        "Expect": "100-continue",
        "User-Agent": "azsdk-cpp-storage-blobs/12.7.0-beta.1 (Windows 10 Enterprise 6.3 22621 22621.1.amd64fre.ni_release.220506-1250)",
        "x-ms-blob-type": "BlockBlob",
        "x-ms-client-request-id": "b8b8ddf6-9272-457d-4f75-d4a557ee831c",
        "x-ms-date": "Wed, 30 Nov 2022 22:40:03 GMT",
        "x-ms-tags": "key1=value1\u0026key2=value2\u0026key3%20%2B-./:%3D_=v1%20%2B-./:%3D_",
        "x-ms-version": "2021-04-10"
      },
      "RequestBody": "YWFhYWFhYWFhYWFhYWFhYWFhYWFhYWFhYWFhYWFhYWFhYWFhYWFhYWFhYWFhYWFhYWFhYWFhYWFhYWFhYWFhYWFhYWFhYWFhYWFhYWFhYWFhYWFhYWFhYWFhYWFhYWFhYWFhYQ==",
      "StatusCode": 201,
      "ResponseHeaders": {
        "Content-Length": "0",
        "Content-MD5": "NqksyUqeD6IfYl\u002BL\u002BwB63w==",
        "Date": "Wed, 30 Nov 2022 22:40:02 GMT",
        "ETag": "\u00220x8DAD323D240D1E8\u0022",
        "Last-Modified": "Wed, 30 Nov 2022 22:40:03 GMT",
        "Server": [
          "Windows-Azure-Blob/1.0",
          "Microsoft-HTTPAPI/2.0"
        ],
        "x-ms-client-request-id": "b8b8ddf6-9272-457d-4f75-d4a557ee831c",
        "x-ms-content-crc64": "eeIkJntVfP0=",
        "x-ms-request-id": "e7aa0b79-c01e-0077-7c0c-057c7f000000",
        "x-ms-request-server-encrypted": "true",
        "x-ms-version": "2021-04-10",
        "x-ms-version-id": "2022-11-30T22:40:03.1125992Z"
      },
      "ResponseBody": null
    },
    {
      "RequestUri": "https://REDACTED.blob.core.windows.net/blockblobclienttestuploadwithtags/UploadWithTags?comp=tags",
      "RequestMethod": "GET",
      "RequestHeaders": {
        "Authorization": "Sanitized",
        "Content-Length": "0",
        "User-Agent": "azsdk-cpp-storage-blobs/12.7.0-beta.1 (Windows 10 Enterprise 6.3 22621 22621.1.amd64fre.ni_release.220506-1250)",
        "x-ms-client-request-id": "c014fb4c-103f-4fc5-47ed-cea7b9264761",
        "x-ms-date": "Wed, 30 Nov 2022 22:40:03 GMT",
        "x-ms-version": "2021-04-10"
      },
      "RequestBody": null,
      "StatusCode": 200,
      "ResponseHeaders": {
        "Access-Control-Allow-Origin": "*",
        "Access-Control-Expose-Headers": "Content-Length,Content-Type,Date,Server,x-ms-client-request-id,x-ms-request-id,x-ms-version",
        "Content-Length": "225",
        "Content-Type": "application/xml",
        "Date": "Wed, 30 Nov 2022 22:40:02 GMT",
        "Server": [
          "Windows-Azure-Blob/1.0",
          "Microsoft-HTTPAPI/2.0"
        ],
        "x-ms-client-request-id": "c014fb4c-103f-4fc5-47ed-cea7b9264761",
        "x-ms-request-id": "e7aa0bba-c01e-0077-3a0c-057c7f000000",
        "x-ms-version": "2021-04-10"
      },
      "ResponseBody": [
        "\uFEFF\u003C?xml version=\u00221.0\u0022 encoding=\u0022utf-8\u0022?\u003E\n",
        "\u003CTags\u003E\u003CTagSet\u003E\u003CTag\u003E\u003CKey\u003Ekey1\u003C/Key\u003E\u003CValue\u003Evalue1\u003C/Value\u003E\u003C/Tag\u003E\u003CTag\u003E\u003CKey\u003Ekey2\u003C/Key\u003E\u003CValue\u003Evalue2\u003C/Value\u003E\u003C/Tag\u003E\u003CTag\u003E\u003CKey\u003Ekey3 \u002B-./:=_\u003C/Key\u003E\u003CValue\u003Ev1 \u002B-./:=_\u003C/Value\u003E\u003C/Tag\u003E\u003C/TagSet\u003E\u003C/Tags\u003E"
      ]
    },
    {
      "RequestUri": "https://REDACTED.blob.core.windows.net/blockblobclienttestuploadwithtags/UploadWithTags",
      "RequestMethod": "DELETE",
      "RequestHeaders": {
        "Authorization": "Sanitized",
        "Content-Length": "0",
        "User-Agent": "azsdk-cpp-storage-blobs/12.7.0-beta.1 (Windows 10 Enterprise 6.3 22621 22621.1.amd64fre.ni_release.220506-1250)",
        "x-ms-client-request-id": "c3a587ad-6406-4322-4bb9-b773d61d4136",
        "x-ms-date": "Wed, 30 Nov 2022 22:40:03 GMT",
        "x-ms-version": "2021-04-10"
      },
      "RequestBody": null,
      "StatusCode": 202,
      "ResponseHeaders": {
        "Content-Length": "0",
        "Date": "Wed, 30 Nov 2022 22:40:02 GMT",
        "Server": [
          "Windows-Azure-Blob/1.0",
          "Microsoft-HTTPAPI/2.0"
        ],
        "x-ms-client-request-id": "c3a587ad-6406-4322-4bb9-b773d61d4136",
        "x-ms-delete-type-permanent": "false",
        "x-ms-request-id": "e7aa0bd6-c01e-0077-550c-057c7f000000",
        "x-ms-version": "2021-04-10"
      },
      "ResponseBody": null
    },
    {
      "RequestUri": "https://REDACTED.blob.core.windows.net/blockblobclienttestuploadwithtags/UploadWithTags?blockid=MDAwMDAwMDAwMDAwMDAwMDAwMDAwMDAwMDAwMDAwMDAwMDAwMDAwMDAwMDAwMDAwMDAwMDAwMDAwMDAwMDAwMA%3D%3D\u0026comp=block",
      "RequestMethod": "PUT",
      "RequestHeaders": {
        "Authorization": "Sanitized",
        "Content-Length": "50",
        "Expect": "100-continue",
        "User-Agent": "azsdk-cpp-storage-blobs/12.7.0-beta.1 (Windows 10 Enterprise 6.3 22621 22621.1.amd64fre.ni_release.220506-1250)",
        "x-ms-client-request-id": "8ed5b683-e41f-4f54-6e5f-6d8ec6edf3c9",
        "x-ms-date": "Wed, 30 Nov 2022 22:40:03 GMT",
        "x-ms-version": "2021-04-10"
      },
      "RequestBody": "YWFhYWFhYWFhYWFhYWFhYWFhYWFhYWFhYWFhYWFhYWFhYWFhYWFhYWFhYWFhYWFhYWE=",
      "StatusCode": 201,
      "ResponseHeaders": {
        "Content-Length": "0",
        "Date": "Wed, 30 Nov 2022 22:40:02 GMT",
        "Server": [
          "Windows-Azure-Blob/1.0",
          "Microsoft-HTTPAPI/2.0"
        ],
        "x-ms-client-request-id": "8ed5b683-e41f-4f54-6e5f-6d8ec6edf3c9",
        "x-ms-content-crc64": "JdfefQhPpLw=",
        "x-ms-request-id": "e7aa0be9-c01e-0077-660c-057c7f000000",
        "x-ms-request-server-encrypted": "true",
        "x-ms-version": "2021-04-10"
      },
      "ResponseBody": null
    },
    {
      "RequestUri": "https://REDACTED.blob.core.windows.net/blockblobclienttestuploadwithtags/UploadWithTags?blockid=MDAwMDAwMDAwMDAwMDAwMDAwMDAwMDAwMDAwMDAwMDAwMDAwMDAwMDAwMDAwMDAwMDAwMDAwMDAwMDAwMDAwMQ%3D%3D\u0026comp=block",
      "RequestMethod": "PUT",
      "RequestHeaders": {
        "Authorization": "Sanitized",
        "Content-Length": "50",
        "Expect": "100-continue",
        "User-Agent": "azsdk-cpp-storage-blobs/12.7.0-beta.1 (Windows 10 Enterprise 6.3 22621 22621.1.amd64fre.ni_release.220506-1250)",
        "x-ms-client-request-id": "f763192b-c064-4b47-7225-50993a9b8c1e",
        "x-ms-date": "Wed, 30 Nov 2022 22:40:03 GMT",
        "x-ms-version": "2021-04-10"
      },
      "RequestBody": "YWFhYWFhYWFhYWFhYWFhYWFhYWFhYWFhYWFhYWFhYWFhYWFhYWFhYWFhYWFhYWFhYWE=",
      "StatusCode": 201,
      "ResponseHeaders": {
        "Content-Length": "0",
        "Date": "Wed, 30 Nov 2022 22:40:02 GMT",
        "Server": [
          "Windows-Azure-Blob/1.0",
          "Microsoft-HTTPAPI/2.0"
        ],
        "x-ms-client-request-id": "f763192b-c064-4b47-7225-50993a9b8c1e",
        "x-ms-content-crc64": "JdfefQhPpLw=",
        "x-ms-request-id": "e7aa0c06-c01e-0077-030c-057c7f000000",
        "x-ms-request-server-encrypted": "true",
        "x-ms-version": "2021-04-10"
      },
      "ResponseBody": null
    },
    {
      "RequestUri": "https://REDACTED.blob.core.windows.net/blockblobclienttestuploadwithtags/UploadWithTags?comp=blocklist",
      "RequestMethod": "PUT",
      "RequestHeaders": {
        "Authorization": "Sanitized",
        "Content-Length": "271",
        "Content-Type": "application/xml; charset=UTF-8",
        "Expect": "100-continue",
        "User-Agent": "azsdk-cpp-storage-blobs/12.7.0-beta.1 (Windows 10 Enterprise 6.3 22621 22621.1.amd64fre.ni_release.220506-1250)",
        "x-ms-client-request-id": "1f4e8dc4-3a40-4e7f-6354-4995a0a77c17",
        "x-ms-date": "Wed, 30 Nov 2022 22:40:03 GMT",
        "x-ms-tags": "key1=value1\u0026key2=value2\u0026key3%20%2B-./:%3D_=v1%20%2B-./:%3D_",
        "x-ms-version": "2021-04-10"
      },
      "RequestBody": "\u003C?xml version=\u00221.0\u0022 encoding=\u0022utf-8\u0022?\u003E\u003CBlockList\u003E\u003CLatest\u003EMDAwMDAwMDAwMDAwMDAwMDAwMDAwMDAwMDAwMDAwMDAwMDAwMDAwMDAwMDAwMDAwMDAwMDAwMDAwMDAwMDAwMA==\u003C/Latest\u003E\u003CLatest\u003EMDAwMDAwMDAwMDAwMDAwMDAwMDAwMDAwMDAwMDAwMDAwMDAwMDAwMDAwMDAwMDAwMDAwMDAwMDAwMDAwMDAwMQ==\u003C/Latest\u003E\u003C/BlockList\u003E",
      "StatusCode": 201,
      "ResponseHeaders": {
        "Content-Length": "0",
        "Date": "Wed, 30 Nov 2022 22:40:02 GMT",
        "ETag": "\u00220x8DAD323D26D0B2C\u0022",
        "Last-Modified": "Wed, 30 Nov 2022 22:40:03 GMT",
        "Server": [
          "Windows-Azure-Blob/1.0",
          "Microsoft-HTTPAPI/2.0"
        ],
        "x-ms-client-request-id": "1f4e8dc4-3a40-4e7f-6354-4995a0a77c17",
        "x-ms-content-crc64": "4EcN5fAmjJ0=",
        "x-ms-request-id": "e7aa0c1d-c01e-0077-190c-057c7f000000",
        "x-ms-request-server-encrypted": "true",
        "x-ms-version": "2021-04-10",
        "x-ms-version-id": "2022-11-30T22:40:03.4024236Z"
      },
      "ResponseBody": null
    },
    {
      "RequestUri": "https://REDACTED.blob.core.windows.net/blockblobclienttestuploadwithtags/UploadWithTags?comp=tags",
      "RequestMethod": "GET",
      "RequestHeaders": {
        "Authorization": "Sanitized",
        "Content-Length": "0",
        "User-Agent": "azsdk-cpp-storage-blobs/12.7.0-beta.1 (Windows 10 Enterprise 6.3 22621 22621.1.amd64fre.ni_release.220506-1250)",
        "x-ms-client-request-id": "683652dd-0b86-42c1-48f3-2da47fa624d9",
        "x-ms-date": "Wed, 30 Nov 2022 22:40:03 GMT",
        "x-ms-version": "2021-04-10"
      },
      "RequestBody": null,
      "StatusCode": 200,
      "ResponseHeaders": {
        "Access-Control-Allow-Origin": "*",
        "Access-Control-Expose-Headers": "Content-Length,Content-Type,Date,Server,x-ms-client-request-id,x-ms-request-id,x-ms-version",
        "Content-Length": "225",
        "Content-Type": "application/xml",
        "Date": "Wed, 30 Nov 2022 22:40:02 GMT",
        "Server": [
          "Windows-Azure-Blob/1.0",
          "Microsoft-HTTPAPI/2.0"
        ],
        "x-ms-client-request-id": "683652dd-0b86-42c1-48f3-2da47fa624d9",
        "x-ms-request-id": "e7aa0c47-c01e-0077-420c-057c7f000000",
        "x-ms-version": "2021-04-10"
      },
      "ResponseBody": [
        "\uFEFF\u003C?xml version=\u00221.0\u0022 encoding=\u0022utf-8\u0022?\u003E\n",
        "\u003CTags\u003E\u003CTagSet\u003E\u003CTag\u003E\u003CKey\u003Ekey1\u003C/Key\u003E\u003CValue\u003Evalue1\u003C/Value\u003E\u003C/Tag\u003E\u003CTag\u003E\u003CKey\u003Ekey2\u003C/Key\u003E\u003CValue\u003Evalue2\u003C/Value\u003E\u003C/Tag\u003E\u003CTag\u003E\u003CKey\u003Ekey3 \u002B-./:=_\u003C/Key\u003E\u003CValue\u003Ev1 \u002B-./:=_\u003C/Value\u003E\u003C/Tag\u003E\u003C/TagSet\u003E\u003C/Tags\u003E"
      ]
    },
    {
      "RequestUri": "https://REDACTED.blob.core.windows.net/blockblobclienttestuploadwithtags/UploadWithTags",
      "RequestMethod": "DELETE",
      "RequestHeaders": {
        "Authorization": "Sanitized",
        "Content-Length": "0",
        "User-Agent": "azsdk-cpp-storage-blobs/12.7.0-beta.1 (Windows 10 Enterprise 6.3 22621 22621.1.amd64fre.ni_release.220506-1250)",
        "x-ms-client-request-id": "607f6ddd-715f-4624-5da7-d6efc0b9cc76",
        "x-ms-date": "Wed, 30 Nov 2022 22:40:03 GMT",
        "x-ms-version": "2021-04-10"
      },
      "RequestBody": null,
      "StatusCode": 202,
      "ResponseHeaders": {
        "Content-Length": "0",
        "Date": "Wed, 30 Nov 2022 22:40:02 GMT",
        "Server": [
          "Windows-Azure-Blob/1.0",
          "Microsoft-HTTPAPI/2.0"
        ],
        "x-ms-client-request-id": "607f6ddd-715f-4624-5da7-d6efc0b9cc76",
        "x-ms-delete-type-permanent": "false",
        "x-ms-request-id": "e7aa0c5a-c01e-0077-530c-057c7f000000",
        "x-ms-version": "2021-04-10"
      },
      "ResponseBody": null
    },
    {
      "RequestUri": "https://REDACTED.blob.core.windows.net/blockblobclienttestuploadwithtags/UploadWithTags?blockid=MDAwMDAwMDAwMDAwMDAwMDAwMDAwMDAwMDAwMDAwMDAwMDAwMDAwMDAwMDAwMDAwMDAwMDAwMDAwMDAwMDAwMA%3D%3D\u0026comp=block",
      "RequestMethod": "PUT",
      "RequestHeaders": {
        "Authorization": "Sanitized",
        "Content-Length": "50",
        "Expect": "100-continue",
        "User-Agent": "azsdk-cpp-storage-blobs/12.7.0-beta.1 (Windows 10 Enterprise 6.3 22621 22621.1.amd64fre.ni_release.220506-1250)",
        "x-ms-client-request-id": "7cbd690c-075e-4ec4-6b27-887affe25a8b",
        "x-ms-date": "Wed, 30 Nov 2022 22:40:03 GMT",
        "x-ms-version": "2021-04-10"
      },
      "RequestBody": "YWFhYWFhYWFhYWFhYWFhYWFhYWFhYWFhYWFhYWFhYWFhYWFhYWFhYWFhYWFhYWFhYWE=",
      "StatusCode": 201,
      "ResponseHeaders": {
        "Content-Length": "0",
        "Date": "Wed, 30 Nov 2022 22:40:02 GMT",
        "Server": [
          "Windows-Azure-Blob/1.0",
          "Microsoft-HTTPAPI/2.0"
        ],
        "x-ms-client-request-id": "7cbd690c-075e-4ec4-6b27-887affe25a8b",
        "x-ms-content-crc64": "JdfefQhPpLw=",
        "x-ms-request-id": "e7aa0c7d-c01e-0077-720c-057c7f000000",
        "x-ms-request-server-encrypted": "true",
        "x-ms-version": "2021-04-10"
      },
      "ResponseBody": null
    },
    {
      "RequestUri": "https://REDACTED.blob.core.windows.net/blockblobclienttestuploadwithtags/UploadWithTags?blockid=MDAwMDAwMDAwMDAwMDAwMDAwMDAwMDAwMDAwMDAwMDAwMDAwMDAwMDAwMDAwMDAwMDAwMDAwMDAwMDAwMDAwMQ%3D%3D\u0026comp=block",
      "RequestMethod": "PUT",
      "RequestHeaders": {
        "Authorization": "Sanitized",
        "Content-Length": "50",
        "Expect": "100-continue",
        "User-Agent": "azsdk-cpp-storage-blobs/12.7.0-beta.1 (Windows 10 Enterprise 6.3 22621 22621.1.amd64fre.ni_release.220506-1250)",
        "x-ms-client-request-id": "901c770b-3d3b-48e7-4e1e-aa4d6d59ae39",
        "x-ms-date": "Wed, 30 Nov 2022 22:40:03 GMT",
        "x-ms-version": "2021-04-10"
      },
      "RequestBody": "YWFhYWFhYWFhYWFhYWFhYWFhYWFhYWFhYWFhYWFhYWFhYWFhYWFhYWFhYWFhYWFhYWE=",
      "StatusCode": 201,
      "ResponseHeaders": {
        "Content-Length": "0",
        "Date": "Wed, 30 Nov 2022 22:40:03 GMT",
        "Server": [
          "Windows-Azure-Blob/1.0",
          "Microsoft-HTTPAPI/2.0"
        ],
        "x-ms-client-request-id": "901c770b-3d3b-48e7-4e1e-aa4d6d59ae39",
        "x-ms-content-crc64": "JdfefQhPpLw=",
        "x-ms-request-id": "e6c63e9d-301e-002e-6e0c-05fbfc000000",
        "x-ms-request-server-encrypted": "true",
        "x-ms-version": "2021-04-10"
      },
      "ResponseBody": null
    },
    {
      "RequestUri": "https://REDACTED.blob.core.windows.net/blockblobclienttestuploadwithtags/UploadWithTags?comp=blocklist",
      "RequestMethod": "PUT",
      "RequestHeaders": {
        "Authorization": "Sanitized",
        "Content-Length": "271",
        "Content-Type": "application/xml; charset=UTF-8",
        "Expect": "100-continue",
        "User-Agent": "azsdk-cpp-storage-blobs/12.7.0-beta.1 (Windows 10 Enterprise 6.3 22621 22621.1.amd64fre.ni_release.220506-1250)",
        "x-ms-client-request-id": "16489bc3-c0c2-421a-46b7-c13ebcf9eb8a",
        "x-ms-date": "Wed, 30 Nov 2022 22:40:03 GMT",
        "x-ms-tags": "key1=value1\u0026key2=value2\u0026key3%20%2B-./:%3D_=v1%20%2B-./:%3D_",
        "x-ms-version": "2021-04-10"
      },
      "RequestBody": "\u003C?xml version=\u00221.0\u0022 encoding=\u0022utf-8\u0022?\u003E\u003CBlockList\u003E\u003CLatest\u003EMDAwMDAwMDAwMDAwMDAwMDAwMDAwMDAwMDAwMDAwMDAwMDAwMDAwMDAwMDAwMDAwMDAwMDAwMDAwMDAwMDAwMA==\u003C/Latest\u003E\u003CLatest\u003EMDAwMDAwMDAwMDAwMDAwMDAwMDAwMDAwMDAwMDAwMDAwMDAwMDAwMDAwMDAwMDAwMDAwMDAwMDAwMDAwMDAwMQ==\u003C/Latest\u003E\u003C/BlockList\u003E",
      "StatusCode": 201,
      "ResponseHeaders": {
        "Content-Length": "0",
        "Date": "Wed, 30 Nov 2022 22:40:03 GMT",
        "ETag": "\u00220x8DAD323D28FD004\u0022",
        "Last-Modified": "Wed, 30 Nov 2022 22:40:03 GMT",
        "Server": [
          "Windows-Azure-Blob/1.0",
          "Microsoft-HTTPAPI/2.0"
        ],
        "x-ms-client-request-id": "16489bc3-c0c2-421a-46b7-c13ebcf9eb8a",
        "x-ms-content-crc64": "4EcN5fAmjJ0=",
        "x-ms-request-id": "e6c63ed2-301e-002e-1e0c-05fbfc000000",
        "x-ms-request-server-encrypted": "true",
        "x-ms-version": "2021-04-10",
        "x-ms-version-id": "2022-11-30T22:40:03.6302852Z"
      },
      "ResponseBody": null
    },
    {
      "RequestUri": "https://REDACTED.blob.core.windows.net/blockblobclienttestuploadwithtags/UploadWithTags?comp=tags",
      "RequestMethod": "GET",
      "RequestHeaders": {
        "Authorization": "Sanitized",
        "Content-Length": "0",
        "User-Agent": "azsdk-cpp-storage-blobs/12.7.0-beta.1 (Windows 10 Enterprise 6.3 22621 22621.1.amd64fre.ni_release.220506-1250)",
        "x-ms-client-request-id": "f89f5203-e535-42bf-4698-a0ad96100c67",
        "x-ms-date": "Wed, 30 Nov 2022 22:40:03 GMT",
        "x-ms-version": "2021-04-10"
      },
      "RequestBody": null,
      "StatusCode": 200,
      "ResponseHeaders": {
        "Access-Control-Allow-Origin": "*",
        "Access-Control-Expose-Headers": "Content-Length,Content-Type,Date,Server,x-ms-client-request-id,x-ms-request-id,x-ms-version",
        "Content-Length": "225",
        "Content-Type": "application/xml",
        "Date": "Wed, 30 Nov 2022 22:40:03 GMT",
        "Server": [
          "Windows-Azure-Blob/1.0",
          "Microsoft-HTTPAPI/2.0"
        ],
        "x-ms-client-request-id": "f89f5203-e535-42bf-4698-a0ad96100c67",
        "x-ms-request-id": "e6c63f15-301e-002e-5d0c-05fbfc000000",
        "x-ms-version": "2021-04-10"
      },
      "ResponseBody": [
        "\uFEFF\u003C?xml version=\u00221.0\u0022 encoding=\u0022utf-8\u0022?\u003E\n",
        "\u003CTags\u003E\u003CTagSet\u003E\u003CTag\u003E\u003CKey\u003Ekey1\u003C/Key\u003E\u003CValue\u003Evalue1\u003C/Value\u003E\u003C/Tag\u003E\u003CTag\u003E\u003CKey\u003Ekey2\u003C/Key\u003E\u003CValue\u003Evalue2\u003C/Value\u003E\u003C/Tag\u003E\u003CTag\u003E\u003CKey\u003Ekey3 \u002B-./:=_\u003C/Key\u003E\u003CValue\u003Ev1 \u002B-./:=_\u003C/Value\u003E\u003C/Tag\u003E\u003C/TagSet\u003E\u003C/Tags\u003E"
      ]
    },
    {
      "RequestUri": "https://REDACTED.blob.core.windows.net/blockblobclienttestuploadwithtags/UploadWithTags",
      "RequestMethod": "DELETE",
      "RequestHeaders": {
        "Authorization": "Sanitized",
        "Content-Length": "0",
        "User-Agent": "azsdk-cpp-storage-blobs/12.7.0-beta.1 (Windows 10 Enterprise 6.3 22621 22621.1.amd64fre.ni_release.220506-1250)",
        "x-ms-client-request-id": "9bfec600-aadf-4d15-7881-44b379852486",
        "x-ms-date": "Wed, 30 Nov 2022 22:40:03 GMT",
        "x-ms-version": "2021-04-10"
      },
      "RequestBody": null,
      "StatusCode": 202,
      "ResponseHeaders": {
        "Content-Length": "0",
        "Date": "Wed, 30 Nov 2022 22:40:03 GMT",
        "Server": [
          "Windows-Azure-Blob/1.0",
          "Microsoft-HTTPAPI/2.0"
        ],
        "x-ms-client-request-id": "9bfec600-aadf-4d15-7881-44b379852486",
        "x-ms-delete-type-permanent": "false",
        "x-ms-request-id": "e6c63f3b-301e-002e-7f0c-05fbfc000000",
        "x-ms-version": "2021-04-10"
      },
      "ResponseBody": null
    },
    {
      "RequestUri": "https://REDACTED.blob.core.windows.net/blockblobclienttestuploadwithtags?restype=container",
      "RequestMethod": "DELETE",
      "RequestHeaders": {
        "Authorization": "Sanitized",
        "Content-Length": "0",
        "User-Agent": "azsdk-cpp-storage-blobs/12.7.0-beta.1 (Windows 10 Enterprise 6.3 22621 22621.1.amd64fre.ni_release.220506-1250)",
        "x-ms-client-request-id": "8a2b1dc8-0e74-4dd7-73fb-d85adf1e908c",
        "x-ms-date": "Wed, 30 Nov 2022 22:40:03 GMT",
        "x-ms-version": "2021-04-10"
      },
      "RequestBody": null,
      "StatusCode": 202,
      "ResponseHeaders": {
        "Content-Length": "0",
        "Date": "Wed, 30 Nov 2022 22:40:03 GMT",
        "Server": [
          "Windows-Azure-Blob/1.0",
          "Microsoft-HTTPAPI/2.0"
        ],
        "x-ms-client-request-id": "8a2b1dc8-0e74-4dd7-73fb-d85adf1e908c",
        "x-ms-request-id": "e6c63f59-301e-002e-1b0c-05fbfc000000",
        "x-ms-version": "2021-04-10"
      },
      "ResponseBody": null
    }
  ],
  "Variables": {}
}
