{
  "Entries": [
    {
      "RequestUri": "https://REDACTED.blob.core.windows.net/pageblobclienttestcreatedelete?restype=container",
      "RequestMethod": "PUT",
      "RequestHeaders": {
        "Authorization": "Sanitized",
        "Content-Length": "0",
        "Expect": "100-continue",
        "User-Agent": "azsdk-cpp-storage-blobs/12.7.0-beta.1 (Windows 10 Enterprise 6.3 22621 22621.1.amd64fre.ni_release.220506-1250)",
        "x-ms-client-request-id": "c30995e4-a563-4cb8-72c7-04790b31eb06",
        "x-ms-date": "Thu, 17 Nov 2022 21:51:45 GMT",
        "x-ms-version": "2021-04-10"
      },
      "RequestBody": null,
      "StatusCode": 201,
      "ResponseHeaders": {
        "Content-Length": "0",
        "Date": "Thu, 17 Nov 2022 21:51:44 GMT",
        "ETag": "\u00220x8DAC8E5EB8C4DE0\u0022",
        "Last-Modified": "Thu, 17 Nov 2022 21:51:45 GMT",
        "Server": [
          "Windows-Azure-Blob/1.0",
          "Microsoft-HTTPAPI/2.0"
        ],
        "x-ms-client-request-id": "c30995e4-a563-4cb8-72c7-04790b31eb06",
        "x-ms-request-id": "6496362e-801e-0021-28ce-fa1d28000000",
        "x-ms-version": "2021-04-10"
      },
      "ResponseBody": null
    },
    {
      "RequestUri": "https://REDACTED.blob.core.windows.net/pageblobclienttestcreatedelete/CreateDelete",
      "RequestMethod": "PUT",
      "RequestHeaders": {
        "Authorization": "Sanitized",
        "Content-Length": "0",
        "Expect": "100-continue",
        "User-Agent": "azsdk-cpp-storage-blobs/12.7.0-beta.1 (Windows 10 Enterprise 6.3 22621 22621.1.amd64fre.ni_release.220506-1250)",
        "x-ms-blob-content-length": "0",
        "x-ms-blob-type": "PageBlob",
        "x-ms-client-request-id": "4a1dda36-af9f-4f80-4a7a-aaa178ccedbc",
        "x-ms-date": "Thu, 17 Nov 2022 21:51:45 GMT",
        "x-ms-version": "2021-04-10"
      },
      "RequestBody": null,
      "StatusCode": 201,
      "ResponseHeaders": {
        "Content-Length": "0",
        "Date": "Thu, 17 Nov 2022 21:51:44 GMT",
        "ETag": "\u00220x8DAC8E5EB96F538\u0022",
        "Last-Modified": "Thu, 17 Nov 2022 21:51:45 GMT",
        "Server": [
          "Windows-Azure-Blob/1.0",
          "Microsoft-HTTPAPI/2.0"
        ],
        "x-ms-client-request-id": "4a1dda36-af9f-4f80-4a7a-aaa178ccedbc",
        "x-ms-request-id": "64963643-801e-0021-38ce-fa1d28000000",
        "x-ms-request-server-encrypted": "true",
        "x-ms-version": "2021-04-10",
        "x-ms-version-id": "2022-11-17T21:51:45.1951416Z"
      },
      "ResponseBody": null
    },
    {
      "RequestUri": "https://REDACTED.blob.core.windows.net/pageblobclienttestcreatedelete/CreateDelete",
      "RequestMethod": "DELETE",
      "RequestHeaders": {
        "Authorization": "Sanitized",
        "Content-Length": "0",
        "User-Agent": "azsdk-cpp-storage-blobs/12.7.0-beta.1 (Windows 10 Enterprise 6.3 22621 22621.1.amd64fre.ni_release.220506-1250)",
        "x-ms-client-request-id": "66d28747-ec11-4bcc-55d9-5c6feac4356a",
        "x-ms-date": "Thu, 17 Nov 2022 21:51:45 GMT",
        "x-ms-version": "2021-04-10"
      },
      "RequestBody": null,
      "StatusCode": 202,
      "ResponseHeaders": {
        "Content-Length": "0",
        "Date": "Thu, 17 Nov 2022 21:51:44 GMT",
        "Server": [
          "Windows-Azure-Blob/1.0",
          "Microsoft-HTTPAPI/2.0"
        ],
        "x-ms-client-request-id": "66d28747-ec11-4bcc-55d9-5c6feac4356a",
        "x-ms-delete-type-permanent": "false",
        "x-ms-request-id": "6496364d-801e-0021-40ce-fa1d28000000",
        "x-ms-version": "2021-04-10"
      },
      "ResponseBody": null
    },
    {
      "RequestUri": "https://REDACTED.blob.core.windows.net/pageblobclienttestcreatedelete/CreateDelete",
      "RequestMethod": "DELETE",
      "RequestHeaders": {
        "Authorization": "Sanitized",
        "Content-Length": "0",
        "User-Agent": "azsdk-cpp-storage-blobs/12.7.0-beta.1 (Windows 10 Enterprise 6.3 22621 22621.1.amd64fre.ni_release.220506-1250)",
        "x-ms-client-request-id": "7182f8f8-6a13-44bb-5a99-45e7c72b3c72",
        "x-ms-date": "Thu, 17 Nov 2022 21:51:45 GMT",
        "x-ms-version": "2021-04-10"
      },
      "RequestBody": null,
      "StatusCode": 404,
      "ResponseHeaders": {
        "Content-Length": "215",
        "Content-Type": "application/xml",
        "Date": "Thu, 17 Nov 2022 21:51:44 GMT",
        "Server": [
          "Windows-Azure-Blob/1.0",
          "Microsoft-HTTPAPI/2.0"
        ],
        "x-ms-client-request-id": "7182f8f8-6a13-44bb-5a99-45e7c72b3c72",
        "x-ms-error-code": "BlobNotFound",
        "x-ms-request-id": "64963660-801e-0021-51ce-fa1d28000000",
        "x-ms-version": "2021-04-10"
      },
      "ResponseBody": [
        "\uFEFF\u003C?xml version=\u00221.0\u0022 encoding=\u0022utf-8\u0022?\u003E\u003CError\u003E\u003CCode\u003EBlobNotFound\u003C/Code\u003E\u003CMessage\u003EThe specified blob does not exist.\n",
        "RequestId:64963660-801e-0021-51ce-fa1d28000000\n",
        "Time:2022-11-17T21:51:45.3751807Z\u003C/Message\u003E\u003C/Error\u003E"
      ]
    },
    {
      "RequestUri": "https://REDACTED.blob.core.windows.net/pageblobclienttestcreatedelete?restype=container",
      "RequestMethod": "DELETE",
      "RequestHeaders": {
        "Authorization": "Sanitized",
        "Content-Length": "0",
        "User-Agent": "azsdk-cpp-storage-blobs/12.7.0-beta.1 (Windows 10 Enterprise 6.3 22621 22621.1.amd64fre.ni_release.220506-1250)",
        "x-ms-client-request-id": "50d3c76f-4d71-435e-5c02-124da4578005",
        "x-ms-date": "Thu, 17 Nov 2022 21:51:45 GMT",
        "x-ms-version": "2021-04-10"
      },
      "RequestBody": null,
      "StatusCode": 202,
      "ResponseHeaders": {
        "Content-Length": "0",
        "Date": "Thu, 17 Nov 2022 21:51:44 GMT",
        "Server": [
          "Windows-Azure-Blob/1.0",
          "Microsoft-HTTPAPI/2.0"
        ],
        "x-ms-client-request-id": "50d3c76f-4d71-435e-5c02-124da4578005",
        "x-ms-request-id": "64963669-801e-0021-5ace-fa1d28000000",
        "x-ms-version": "2021-04-10"
      },
      "ResponseBody": null
    }
  ],
  "Variables": {}
}
