{
  "Entries": [
    {
      "RequestUri": "https://REDACTED.blob.core.windows.net/withparam-uploadblockblobfromfile-c1s2?restype=container",
      "RequestMethod": "PUT",
      "RequestHeaders": {
        "Authorization": "Sanitized",
        "Content-Length": "0",
        "Expect": "100-continue",
        "User-Agent": "azsdk-cpp-storage-blobs/12.7.0-beta.1 (Windows 10 Enterprise 6.3 22621 22621.1.amd64fre.ni_release.220506-1250)",
        "x-ms-client-request-id": "923ccfbb-40dc-4b96-7dd9-d9c158ebfa2f",
        "x-ms-date": "Wed, 30 Nov 2022 22:47:48 GMT",
        "x-ms-version": "2021-04-10"
      },
      "RequestBody": null,
      "StatusCode": 201,
      "ResponseHeaders": {
        "Content-Length": "0",
        "Date": "Wed, 30 Nov 2022 22:47:48 GMT",
        "ETag": "\u00220x8DAD324E7E44914\u0022",
        "Last-Modified": "Wed, 30 Nov 2022 22:47:48 GMT",
        "Server": [
          "Windows-Azure-Blob/1.0",
          "Microsoft-HTTPAPI/2.0"
        ],
        "x-ms-client-request-id": "923ccfbb-40dc-4b96-7dd9-d9c158ebfa2f",
        "x-ms-request-id": "e6cc0394-301e-002e-520d-05fbfc000000",
        "x-ms-version": "2021-04-10"
      },
      "ResponseBody": null
    },
    {
      "RequestUri": "https://REDACTED.blob.core.windows.net/withparam-uploadblockblobfromfile-c1s2/fromFile-c1s2",
      "RequestMethod": "PUT",
      "RequestHeaders": {
        "Authorization": "Sanitized",
        "Content-Length": "2",
        "Expect": "100-continue",
        "User-Agent": "azsdk-cpp-storage-blobs/12.7.0-beta.1 (Windows 10 Enterprise 6.3 22621 22621.1.amd64fre.ni_release.220506-1250)",
        "x-ms-access-tier": "Hot",
        "x-ms-blob-cache-control": "no-cache",
        "x-ms-blob-content-disposition": "attachment",
        "x-ms-blob-content-encoding": "identity",
        "x-ms-blob-content-language": "en-US",
        "x-ms-blob-content-type": "application/x-binary",
        "x-ms-blob-type": "BlockBlob",
        "x-ms-client-request-id": "e810198e-4022-46f8-5368-333a67693860",
        "x-ms-date": "Wed, 30 Nov 2022 22:47:48 GMT",
        "x-ms-meta-key1": "V1",
        "x-ms-meta-key2": "Value2",
        "x-ms-version": "2021-04-10"
      },
      "RequestBody": "eHg=",
      "StatusCode": 201,
      "ResponseHeaders": {
        "Content-Length": "0",
        "Content-MD5": "kzbr8lCH2RyBjubp7Cn4wQ==",
        "Date": "Wed, 30 Nov 2022 22:47:48 GMT",
        "ETag": "\u00220x8DAD324E7F01734\u0022",
        "Last-Modified": "Wed, 30 Nov 2022 22:47:48 GMT",
        "Server": [
          "Windows-Azure-Blob/1.0",
          "Microsoft-HTTPAPI/2.0"
        ],
        "x-ms-client-request-id": "e810198e-4022-46f8-5368-333a67693860",
        "x-ms-content-crc64": "GkCMY8i4s0E=",
        "x-ms-request-id": "e6cc03c1-301e-002e-780d-05fbfc000000",
        "x-ms-request-server-encrypted": "true",
        "x-ms-version": "2021-04-10",
        "x-ms-version-id": "2022-11-30T22:47:48.9901364Z"
      },
      "ResponseBody": null
    },
    {
      "RequestUri": "https://REDACTED.blob.core.windows.net/withparam-uploadblockblobfromfile-c1s2/fromFile-c1s2",
      "RequestMethod": "HEAD",
      "RequestHeaders": {
        "Authorization": "Sanitized",
        "Content-Length": "0",
        "User-Agent": "azsdk-cpp-storage-blobs/12.7.0-beta.1 (Windows 10 Enterprise 6.3 22621 22621.1.amd64fre.ni_release.220506-1250)",
        "x-ms-client-request-id": "4598a76b-0d04-4248-6141-d5023311cbad",
        "x-ms-date": "Wed, 30 Nov 2022 22:47:49 GMT",
        "x-ms-version": "2021-04-10"
      },
      "RequestBody": null,
      "StatusCode": 200,
      "ResponseHeaders": {
        "Accept-Ranges": "bytes",
        "Access-Control-Allow-Origin": "*",
        "Access-Control-Expose-Headers": "x-ms-request-id,x-ms-client-request-id,Server,x-ms-version,x-ms-version-id,x-ms-is-current-version,x-ms-meta-key1,x-ms-meta-key2,Content-Type,Content-Encoding,Content-Language,Cache-Control,Last-Modified,ETag,x-ms-creation-time,Content-MD5,x-ms-lease-status,x-ms-lease-state,x-ms-blob-type,Content-Disposition,x-ms-server-encrypted,x-ms-access-tier,x-ms-access-tier-change-time,Accept-Ranges,Content-Length,Date,Transfer-Encoding",
        "Cache-Control": "no-cache",
        "Content-Disposition": "attachment",
        "Content-Encoding": "identity",
        "Content-Language": "en-US",
        "Content-Length": "2",
        "Content-MD5": "kzbr8lCH2RyBjubp7Cn4wQ==",
        "Content-Type": "application/x-binary",
        "Date": "Wed, 30 Nov 2022 22:47:48 GMT",
        "ETag": "\u00220x8DAD324E7F01734\u0022",
        "Last-Modified": "Wed, 30 Nov 2022 22:47:48 GMT",
        "Server": [
          "Windows-Azure-Blob/1.0",
          "Microsoft-HTTPAPI/2.0"
        ],
        "x-ms-access-tier": "Hot",
        "x-ms-access-tier-change-time": "Wed, 30 Nov 2022 22:47:48 GMT",
        "x-ms-blob-type": "BlockBlob",
        "x-ms-client-request-id": "4598a76b-0d04-4248-6141-d5023311cbad",
        "x-ms-creation-time": "Wed, 30 Nov 2022 22:47:48 GMT",
        "x-ms-is-current-version": "true",
        "x-ms-lease-state": "available",
        "x-ms-lease-status": "unlocked",
        "x-ms-meta-key1": "V1",
        "x-ms-meta-key2": "Value2",
        "x-ms-request-id": "e6cc03fa-301e-002e-2c0d-05fbfc000000",
        "x-ms-server-encrypted": "true",
        "x-ms-version": "2021-04-10",
        "x-ms-version-id": "2022-11-30T22:47:48.9901364Z"
      },
      "ResponseBody": null
    },
    {
      "RequestUri": "https://REDACTED.blob.core.windows.net/withparam-uploadblockblobfromfile-c1s2/fromFile-c1s2",
      "RequestMethod": "GET",
      "RequestHeaders": {
        "Authorization": "Sanitized",
        "Content-Length": "0",
        "User-Agent": "azsdk-cpp-storage-blobs/12.7.0-beta.1 (Windows 10 Enterprise 6.3 22621 22621.1.amd64fre.ni_release.220506-1250)",
        "x-ms-client-request-id": "99915cd2-7df9-4914-5e1d-2a5db2d834ab",
        "x-ms-date": "Wed, 30 Nov 2022 22:47:49 GMT",
        "x-ms-version": "2021-04-10"
      },
      "RequestBody": null,
      "StatusCode": 200,
      "ResponseHeaders": {
        "Accept-Ranges": "bytes",
        "Access-Control-Allow-Origin": "*",
        "Access-Control-Expose-Headers": "x-ms-request-id,x-ms-client-request-id,Server,x-ms-version,x-ms-version-id,x-ms-is-current-version,x-ms-meta-key1,x-ms-meta-key2,Content-Type,Content-Encoding,Content-Language,Cache-Control,Last-Modified,ETag,x-ms-creation-time,Content-MD5,x-ms-lease-status,x-ms-lease-state,x-ms-blob-type,Content-Disposition,x-ms-server-encrypted,Accept-Ranges,Content-Length,Date,Transfer-Encoding",
        "Cache-Control": "no-cache",
        "Content-Disposition": "attachment",
        "Content-Encoding": "identity",
        "Content-Language": "en-US",
        "Content-Length": "2",
        "Content-MD5": "kzbr8lCH2RyBjubp7Cn4wQ==",
        "Content-Type": "application/x-binary",
        "Date": "Wed, 30 Nov 2022 22:47:48 GMT",
        "ETag": "\u00220x8DAD324E7F01734\u0022",
        "Last-Modified": "Wed, 30 Nov 2022 22:47:48 GMT",
        "Server": [
          "Windows-Azure-Blob/1.0",
          "Microsoft-HTTPAPI/2.0"
        ],
        "x-ms-blob-type": "BlockBlob",
        "x-ms-client-request-id": "99915cd2-7df9-4914-5e1d-2a5db2d834ab",
        "x-ms-creation-time": "Wed, 30 Nov 2022 22:47:48 GMT",
        "x-ms-is-current-version": "true",
        "x-ms-lease-state": "available",
        "x-ms-lease-status": "unlocked",
        "x-ms-meta-key1": "V1",
        "x-ms-meta-key2": "Value2",
        "x-ms-request-id": "e6cc0430-301e-002e-5f0d-05fbfc000000",
        "x-ms-server-encrypted": "true",
        "x-ms-version": "2021-04-10",
        "x-ms-version-id": "2022-11-30T22:47:48.9901364Z"
      },
      "ResponseBody": "eHg="
    },
    {
      "RequestUri": "https://REDACTED.blob.core.windows.net/withparam-uploadblockblobfromfile-c1s2?restype=container",
      "RequestMethod": "DELETE",
      "RequestHeaders": {
        "Authorization": "Sanitized",
        "Content-Length": "0",
        "User-Agent": "azsdk-cpp-storage-blobs/12.7.0-beta.1 (Windows 10 Enterprise 6.3 22621 22621.1.amd64fre.ni_release.220506-1250)",
        "x-ms-client-request-id": "0183f16a-de35-4748-74f2-9d9970bc7339",
        "x-ms-date": "Wed, 30 Nov 2022 22:47:49 GMT",
        "x-ms-version": "2021-04-10"
      },
      "RequestBody": null,
      "StatusCode": 202,
      "ResponseHeaders": {
        "Content-Length": "0",
        "Date": "Wed, 30 Nov 2022 22:47:48 GMT",
        "Server": [
          "Windows-Azure-Blob/1.0",
          "Microsoft-HTTPAPI/2.0"
        ],
        "x-ms-client-request-id": "0183f16a-de35-4748-74f2-9d9970bc7339",
        "x-ms-request-id": "e6cc045c-301e-002e-040d-05fbfc000000",
        "x-ms-version": "2021-04-10"
      },
      "ResponseBody": null
    }
  ],
  "Variables": {}
}
