{
  "Entries": [
    {
      "RequestUri": "https://REDACTED.queue.core.windows.net/receivemessagebase",
      "RequestMethod": "PUT",
      "RequestHeaders": {
        "Authorization": "Sanitized",
        "Content-Length": "0",
        "Expect": "100-continue",
        "User-Agent": "azsdk-cpp-storage-queues/12.1.0-beta.1 (Windows 10 Enterprise 6.3 22621 22621.1.amd64fre.ni_release.220506-1250)",
        "x-ms-client-request-id": "eca0eeb6-1251-4697-437a-81f457626580",
        "x-ms-date": "Thu, 17 Nov 2022 21:21:39 GMT",
        "x-ms-version": "2018-03-28"
      },
      "RequestBody": null,
      "StatusCode": 201,
      "ResponseHeaders": {
        "Content-Length": "0",
        "Date": "Thu, 17 Nov 2022 21:21:38 GMT",
        "Server": [
          "Windows-Azure-Queue/1.0",
          "Microsoft-HTTPAPI/2.0"
        ],
        "x-ms-request-id": "fa854734-0003-002f-2aca-fa3498000000",
        "x-ms-version": "2018-03-28"
      },
      "ResponseBody": null
    },
    {
      "RequestUri": "https://REDACTED.queue.core.windows.net/receivemessage",
      "RequestMethod": "PUT",
      "RequestHeaders": {
        "Authorization": "Sanitized",
        "Content-Length": "0",
        "Expect": "100-continue",
        "User-Agent": "azsdk-cpp-storage-queues/12.1.0-beta.1 (Windows 10 Enterprise 6.3 22621 22621.1.amd64fre.ni_release.220506-1250)",
        "x-ms-client-request-id": "a87a73ff-2f61-466a-7521-981f0d979a29",
        "x-ms-date": "Thu, 17 Nov 2022 21:21:39 GMT",
        "x-ms-version": "2018-03-28"
      },
      "RequestBody": null,
      "StatusCode": 201,
      "ResponseHeaders": {
        "Content-Length": "0",
        "Date": "Thu, 17 Nov 2022 21:21:38 GMT",
        "Server": [
          "Windows-Azure-Queue/1.0",
          "Microsoft-HTTPAPI/2.0"
        ],
        "x-ms-request-id": "fa85473a-0003-002f-2fca-fa3498000000",
        "x-ms-version": "2018-03-28"
      },
      "ResponseBody": null
    },
    {
      "RequestUri": "https://REDACTED.queue.core.windows.net/receivemessage/messages",
      "RequestMethod": "GET",
      "RequestHeaders": {
        "Authorization": "Sanitized",
        "Content-Length": "0",
        "User-Agent": "azsdk-cpp-storage-queues/12.1.0-beta.1 (Windows 10 Enterprise 6.3 22621 22621.1.amd64fre.ni_release.220506-1250)",
        "x-ms-client-request-id": "d9f6a9ca-7ebf-4314-6088-13c52874eb00",
        "x-ms-date": "Thu, 17 Nov 2022 21:21:39 GMT",
        "x-ms-version": "2018-03-28"
      },
      "RequestBody": null,
      "StatusCode": 200,
      "ResponseHeaders": {
        "Cache-Control": "no-cache",
        "Content-Type": "application/xml",
        "Date": "Thu, 17 Nov 2022 21:21:38 GMT",
        "Server": [
          "Windows-Azure-Queue/1.0",
          "Microsoft-HTTPAPI/2.0"
        ],
        "Transfer-Encoding": "chunked",
        "x-ms-request-id": "fa854741-0003-002f-34ca-fa3498000000",
        "x-ms-version": "2018-03-28"
      },
      "ResponseBody": "\uFEFF\u003C?xml version=\u00221.0\u0022 encoding=\u0022utf-8\u0022?\u003E\u003CQueueMessagesList /\u003E"
    },
    {
      "RequestUri": "https://REDACTED.queue.core.windows.net/receivemessage/messages",
      "RequestMethod": "POST",
      "RequestHeaders": {
        "Authorization": "Sanitized",
        "Content-Length": "110",
        "Content-Type": "application/xml; charset=UTF-8",
        "User-Agent": "azsdk-cpp-storage-queues/12.1.0-beta.1 (Windows 10 Enterprise 6.3 22621 22621.1.amd64fre.ni_release.220506-1250)",
        "x-ms-client-request-id": "75433f01-14e7-4735-625b-098ee50903bb",
        "x-ms-date": "Thu, 17 Nov 2022 21:21:39 GMT",
        "x-ms-version": "2018-03-28"
      },
      "RequestBody": "\u003C?xml version=\u00221.0\u0022 encoding=\u0022utf-8\u0022?\u003E\u003CQueueMessage\u003E\u003CMessageText\u003Emessage content.\u003C/MessageText\u003E\u003C/QueueMessage\u003E",
      "StatusCode": 201,
      "ResponseHeaders": {
        "Content-Type": "application/xml",
        "Date": "Thu, 17 Nov 2022 21:21:38 GMT",
        "Server": [
          "Windows-Azure-Queue/1.0",
          "Microsoft-HTTPAPI/2.0"
        ],
        "Transfer-Encoding": "chunked",
        "x-ms-request-id": "fa854742-0003-002f-35ca-fa3498000000",
        "x-ms-version": "2018-03-28"
      },
      "ResponseBody": "\uFEFF\u003C?xml version=\u00221.0\u0022 encoding=\u0022utf-8\u0022?\u003E\u003CQueueMessagesList\u003E\u003CQueueMessage\u003E\u003CMessageId\u003Ed59fa64a-3f77-49f9-aa27-047f5b6d07a4\u003C/MessageId\u003E\u003CInsertionTime\u003EThu, 17 Nov 2022 21:21:39 GMT\u003C/InsertionTime\u003E\u003CExpirationTime\u003EThu, 24 Nov 2022 21:21:39 GMT\u003C/ExpirationTime\u003E\u003CPopReceipt\u003EAgAAAAMAAAAAAAAAiX3WlMr62AE=\u003C/PopReceipt\u003E\u003CTimeNextVisible\u003EThu, 17 Nov 2022 21:21:39 GMT\u003C/TimeNextVisible\u003E\u003C/QueueMessage\u003E\u003C/QueueMessagesList\u003E"
    },
    {
      "RequestUri": "https://REDACTED.queue.core.windows.net/receivemessage/messages?visibilitytimeout=1",
      "RequestMethod": "GET",
      "RequestHeaders": {
        "Authorization": "Sanitized",
        "Content-Length": "0",
        "User-Agent": "azsdk-cpp-storage-queues/12.1.0-beta.1 (Windows 10 Enterprise 6.3 22621 22621.1.amd64fre.ni_release.220506-1250)",
        "x-ms-client-request-id": "5673ebc3-d65a-4be0-5f70-824ec674d842",
        "x-ms-date": "Thu, 17 Nov 2022 21:21:39 GMT",
        "x-ms-version": "2018-03-28"
      },
      "RequestBody": null,
      "StatusCode": 200,
      "ResponseHeaders": {
        "Cache-Control": "no-cache",
        "Content-Type": "application/xml",
        "Date": "Thu, 17 Nov 2022 21:21:39 GMT",
        "Server": [
          "Windows-Azure-Queue/1.0",
          "Microsoft-HTTPAPI/2.0"
        ],
        "Transfer-Encoding": "chunked",
        "x-ms-request-id": "fa854744-0003-002f-37ca-fa3498000000",
        "x-ms-version": "2018-03-28"
      },
      "ResponseBody": "\uFEFF\u003C?xml version=\u00221.0\u0022 encoding=\u0022utf-8\u0022?\u003E\u003CQueueMessagesList\u003E\u003CQueueMessage\u003E\u003CMessageId\u003Ed59fa64a-3f77-49f9-aa27-047f5b6d07a4\u003C/MessageId\u003E\u003CInsertionTime\u003EThu, 17 Nov 2022 21:21:39 GMT\u003C/InsertionTime\u003E\u003CExpirationTime\u003EThu, 24 Nov 2022 21:21:39 GMT\u003C/ExpirationTime\u003E\u003CPopReceipt\u003EAgAAAAMAAAAAAAAAzZl5lcr62AE=\u003C/PopReceipt\u003E\u003CTimeNextVisible\u003EThu, 17 Nov 2022 21:21:40 GMT\u003C/TimeNextVisible\u003E\u003CDequeueCount\u003E1\u003C/DequeueCount\u003E\u003CMessageText\u003Emessage content.\u003C/MessageText\u003E\u003C/QueueMessage\u003E\u003C/QueueMessagesList\u003E"
    },
    {
      "RequestUri": "https://REDACTED.queue.core.windows.net/receivemessage/messages",
      "RequestMethod": "GET",
      "RequestHeaders": {
        "Authorization": "Sanitized",
        "Content-Length": "0",
        "User-Agent": "azsdk-cpp-storage-queues/12.1.0-beta.1 (Windows 10 Enterprise 6.3 22621 22621.1.amd64fre.ni_release.220506-1250)",
        "x-ms-client-request-id": "e24464eb-58f7-4c50-586e-6fb99c5a9a58",
        "x-ms-date": "Thu, 17 Nov 2022 21:21:41 GMT",
        "x-ms-version": "2018-03-28"
      },
      "RequestBody": null,
      "StatusCode": 200,
      "ResponseHeaders": {
        "Cache-Control": "no-cache",
        "Content-Type": "application/xml",
        "Date": "Thu, 17 Nov 2022 21:21:40 GMT",
        "Server": [
          "Windows-Azure-Queue/1.0",
          "Microsoft-HTTPAPI/2.0"
        ],
        "Transfer-Encoding": "chunked",
        "x-ms-request-id": "fa854771-0003-002f-57ca-fa3498000000",
        "x-ms-version": "2018-03-28"
      },
      "ResponseBody": "\uFEFF\u003C?xml version=\u00221.0\u0022 encoding=\u0022utf-8\u0022?\u003E\u003CQueueMessagesList\u003E\u003CQueueMessage\u003E\u003CMessageId\u003Ed59fa64a-3f77-49f9-aa27-047f5b6d07a4\u003C/MessageId\u003E\u003CInsertionTime\u003EThu, 17 Nov 2022 21:21:39 GMT\u003C/InsertionTime\u003E\u003CExpirationTime\u003EThu, 24 Nov 2022 21:21:39 GMT\u003C/ExpirationTime\u003E\u003CPopReceipt\u003EAgAAAAMAAAAAAAAACvSCp8r62AE=\u003C/PopReceipt\u003E\u003CTimeNextVisible\u003EThu, 17 Nov 2022 21:22:10 GMT\u003C/TimeNextVisible\u003E\u003CDequeueCount\u003E2\u003C/DequeueCount\u003E\u003CMessageText\u003Emessage content.\u003C/MessageText\u003E\u003C/QueueMessage\u003E\u003C/QueueMessagesList\u003E"
    },
    {
      "RequestUri": "https://REDACTED.queue.core.windows.net/receivemessage",
      "RequestMethod": "DELETE",
      "RequestHeaders": {
        "Authorization": "Sanitized",
        "Content-Length": "0",
        "User-Agent": "azsdk-cpp-storage-queues/12.1.0-beta.1 (Windows 10 Enterprise 6.3 22621 22621.1.amd64fre.ni_release.220506-1250)",
        "x-ms-client-request-id": "5c6cb5eb-83af-4b78-5b50-38533223d4ef",
        "x-ms-date": "Thu, 17 Nov 2022 21:21:41 GMT",
        "x-ms-version": "2018-03-28"
      },
      "RequestBody": null,
      "StatusCode": 204,
      "ResponseHeaders": {
        "Content-Length": "0",
        "Date": "Thu, 17 Nov 2022 21:21:40 GMT",
        "Server": [
          "Windows-Azure-Queue/1.0",
          "Microsoft-HTTPAPI/2.0"
        ],
        "x-ms-request-id": "fa854775-0003-002f-5aca-fa3498000000",
        "x-ms-version": "2018-03-28"
      },
      "ResponseBody": null
    },
    {
      "RequestUri": "https://REDACTED.queue.core.windows.net/receivemessagebase",
      "RequestMethod": "DELETE",
      "RequestHeaders": {
        "Authorization": "Sanitized",
        "Content-Length": "0",
        "User-Agent": "azsdk-cpp-storage-queues/12.1.0-beta.1 (Windows 10 Enterprise 6.3 22621 22621.1.amd64fre.ni_release.220506-1250)",
        "x-ms-client-request-id": "e68666ce-7a38-43f3-7a51-9414359ef13b",
        "x-ms-date": "Thu, 17 Nov 2022 21:21:41 GMT",
        "x-ms-version": "2018-03-28"
      },
      "RequestBody": null,
      "StatusCode": 204,
      "ResponseHeaders": {
        "Content-Length": "0",
        "Date": "Thu, 17 Nov 2022 21:21:40 GMT",
        "Server": [
          "Windows-Azure-Queue/1.0",
          "Microsoft-HTTPAPI/2.0"
        ],
        "x-ms-request-id": "fa854779-0003-002f-5eca-fa3498000000",
        "x-ms-version": "2018-03-28"
      },
      "ResponseBody": null
    }
  ],
  "Variables": {}
}
